ili9341.c:65:6:ILI9341_Init	8	static
ili9341.c:412:6:ILI9341_SetWindow	24	static
ili9341.c:429:6:ILI9341_WritePixel	24	static
ili9341.c:446:6:ILI9341_DrawBitmap	16	static
ili9341.c:455:6:ILI9341_Fill	664	static
ili9341.c:479:6:ILI9341_DrawBitmap_SPI	672	static
ili9341.c:538:6:ILI9341_Reset	8	static
ili9341.c:550:6:ILI9341_SoftReset	16	static
ili9341.c:564:6:LCD_WR_REG	16	static
ili9341.c:572:6:LCD_WR_DATA	16	static
ili9341.c:580:6:LCD_direction	16	static
ili9341.c:602:6:RESET_L	8	static
ili9341.c:607:6:RESET_H	8	static
ili9341.c:612:6:CS_L	8	static
ili9341.c:617:6:DC_L	8	static
ili9341.c:622:6:DC_H	8	static
ili9341.c:627:6:LED_H	8	static
