ili9341.c:72:6:ILI9341_Init	8	static
ili9341.c:420:6:ILI9341_SetWindow	24	static
ili9341.c:437:6:ILI9341_WritePixel	24	static
ili9341.c:454:6:ILI9341_DrawBitmap	16	static
ili9341.c:463:6:ILI9341_Fill	664	static
ili9341.c:487:6:ILI9341_DrawBitmap_SPI	672	static
ili9341.c:546:6:ILI9341_Reset	8	static
ili9341.c:558:6:ILI9341_SoftReset	16	static
ili9341.c:572:13:LCD_WR_REG	16	static
ili9341.c:580:13:LCD_WR_DATA	16	static
ili9341.c:588:13:LCD_direction	16	static
ili9341.c:610:13:RESET_L	8	static
ili9341.c:615:13:RESET_H	8	static
ili9341.c:620:13:CS_L	8	static
ili9341.c:625:13:DC_L	8	static
ili9341.c:630:13:DC_H	8	static
ili9341.c:635:13:LED_H	8	static
