main.c:138:5:main	16	static
main.c:268:6:SystemClock_Config	104	static
main.c:313:13:MX_NVIC_Init	8	static
main.c:325:13:MX_I2C1_Init	8	static
main.c:371:13:MX_SPI1_Init	8	static
main.c:411:13:MX_USART1_UART_Init	8	static
main.c:457:13:MX_DMA_Init	16	static
main.c:476:13:MX_GPIO_Init	56	static
main.c:568:6:Button_read	16	static
main.c:582:6:MBR_configuration_init	16	static
main.c:607:6:SENSOR_Poll	16	static
main.c:635:6:LCD_DRAW_image	16	static
main.c:652:6:I2c_ALL_scanner	16	static
main.c:687:6:I2c_scanner	24	static
main.c:752:6:Host_LowLevelWrite	32	static
main.c:817:6:Host_LowLevelRead	32	static
main.c:842:6:Host_LowLevelDelay	16	static
main.c:851:6:Error_Handler	8	static
