main.c:139:5:main	16	static
main.c:270:6:SystemClock_Config	104	static
main.c:315:13:MX_NVIC_Init	8	static
main.c:327:13:MX_I2C1_Init	8	static
main.c:373:13:MX_SPI1_Init	8	static
main.c:413:13:MX_USART1_UART_Init	8	static
main.c:459:13:MX_DMA_Init	16	static
main.c:478:13:MX_GPIO_Init	56	static
main.c:571:6:Show_color	16	static
main.c:590:6:Button_read	16	static
main.c:604:6:MBR_configuration_init	16	static
main.c:629:6:SENSOR_Poll	16	static
main.c:657:6:LCD_DRAW_image	16	static
main.c:674:6:I2c_ALL_scanner	16	static
main.c:709:6:I2c_scanner	24	static
main.c:774:6:Host_LowLevelWrite	32	static
main.c:839:6:Host_LowLevelRead	32	static
main.c:864:6:Host_LowLevelDelay	16	static
main.c:874:6:Error_Handler	8	static
