Archive member included to satisfy reference by file (symbol)

c:/st/stm32cubeide_1.3.0/stm32cubeide/plugins/com.st.stm32cube.ide.mcu.externaltools.gnu-tools-for-stm32.7-2018-q2-update.win32_1.0.0.201904181610/tools/bin/../lib/gcc/arm-none-eabi/7.3.1/../../../../arm-none-eabi/lib/thumb/v8-m.main/fpv5-sp/hard\libc_nano.a(lib_a-errno.o)
                              Core/Src/syscalls.o (__errno)
c:/st/stm32cubeide_1.3.0/stm32cubeide/plugins/com.st.stm32cube.ide.mcu.externaltools.gnu-tools-for-stm32.7-2018-q2-update.win32_1.0.0.201904181610/tools/bin/../lib/gcc/arm-none-eabi/7.3.1/../../../../arm-none-eabi/lib/thumb/v8-m.main/fpv5-sp/hard\libc_nano.a(lib_a-exit.o)
                              c:/st/stm32cubeide_1.3.0/stm32cubeide/plugins/com.st.stm32cube.ide.mcu.externaltools.gnu-tools-for-stm32.7-2018-q2-update.win32_1.0.0.201904181610/tools/bin/../lib/gcc/arm-none-eabi/7.3.1/../../../../arm-none-eabi/lib/thumb/v8-m.main/fpv5-sp/hard/crt0.o (exit)
c:/st/stm32cubeide_1.3.0/stm32cubeide/plugins/com.st.stm32cube.ide.mcu.externaltools.gnu-tools-for-stm32.7-2018-q2-update.win32_1.0.0.201904181610/tools/bin/../lib/gcc/arm-none-eabi/7.3.1/../../../../arm-none-eabi/lib/thumb/v8-m.main/fpv5-sp/hard\libc_nano.a(lib_a-impure.o)
                              c:/st/stm32cubeide_1.3.0/stm32cubeide/plugins/com.st.stm32cube.ide.mcu.externaltools.gnu-tools-for-stm32.7-2018-q2-update.win32_1.0.0.201904181610/tools/bin/../lib/gcc/arm-none-eabi/7.3.1/../../../../arm-none-eabi/lib/thumb/v8-m.main/fpv5-sp/hard\libc_nano.a(lib_a-exit.o) (_global_impure_ptr)
c:/st/stm32cubeide_1.3.0/stm32cubeide/plugins/com.st.stm32cube.ide.mcu.externaltools.gnu-tools-for-stm32.7-2018-q2-update.win32_1.0.0.201904181610/tools/bin/../lib/gcc/arm-none-eabi/7.3.1/../../../../arm-none-eabi/lib/thumb/v8-m.main/fpv5-sp/hard\libc_nano.a(lib_a-init.o)
                              c:/st/stm32cubeide_1.3.0/stm32cubeide/plugins/com.st.stm32cube.ide.mcu.externaltools.gnu-tools-for-stm32.7-2018-q2-update.win32_1.0.0.201904181610/tools/bin/../lib/gcc/arm-none-eabi/7.3.1/../../../../arm-none-eabi/lib/thumb/v8-m.main/fpv5-sp/hard/crt0.o (__libc_init_array)
c:/st/stm32cubeide_1.3.0/stm32cubeide/plugins/com.st.stm32cube.ide.mcu.externaltools.gnu-tools-for-stm32.7-2018-q2-update.win32_1.0.0.201904181610/tools/bin/../lib/gcc/arm-none-eabi/7.3.1/../../../../arm-none-eabi/lib/thumb/v8-m.main/fpv5-sp/hard\libc_nano.a(lib_a-memset.o)
                              c:/st/stm32cubeide_1.3.0/stm32cubeide/plugins/com.st.stm32cube.ide.mcu.externaltools.gnu-tools-for-stm32.7-2018-q2-update.win32_1.0.0.201904181610/tools/bin/../lib/gcc/arm-none-eabi/7.3.1/../../../../arm-none-eabi/lib/thumb/v8-m.main/fpv5-sp/hard/crt0.o (memset)

Allocating common symbols
Common symbol       size              file

uwTick              0x4               Drivers/STM32L5xx_HAL_Driver/Src/stm32l5xx_hal.o
hspi1               0x64              Core/Src/main.o
hdma_spi1_tx        0x68              Core/Src/main.o

Discarded input sections

 .text          0x0000000000000000        0x0 c:/st/stm32cubeide_1.3.0/stm32cubeide/plugins/com.st.stm32cube.ide.mcu.externaltools.gnu-tools-for-stm32.7-2018-q2-update.win32_1.0.0.201904181610/tools/bin/../lib/gcc/arm-none-eabi/7.3.1/thumb/v8-m.main/fpv5-sp/hard/crti.o
 .data          0x0000000000000000        0x0 c:/st/stm32cubeide_1.3.0/stm32cubeide/plugins/com.st.stm32cube.ide.mcu.externaltools.gnu-tools-for-stm32.7-2018-q2-update.win32_1.0.0.201904181610/tools/bin/../lib/gcc/arm-none-eabi/7.3.1/thumb/v8-m.main/fpv5-sp/hard/crti.o
 .bss           0x0000000000000000        0x0 c:/st/stm32cubeide_1.3.0/stm32cubeide/plugins/com.st.stm32cube.ide.mcu.externaltools.gnu-tools-for-stm32.7-2018-q2-update.win32_1.0.0.201904181610/tools/bin/../lib/gcc/arm-none-eabi/7.3.1/thumb/v8-m.main/fpv5-sp/hard/crti.o
 .data          0x0000000000000000        0x4 c:/st/stm32cubeide_1.3.0/stm32cubeide/plugins/com.st.stm32cube.ide.mcu.externaltools.gnu-tools-for-stm32.7-2018-q2-update.win32_1.0.0.201904181610/tools/bin/../lib/gcc/arm-none-eabi/7.3.1/thumb/v8-m.main/fpv5-sp/hard/crtbegin.o
 .text          0x0000000000000000       0x74 c:/st/stm32cubeide_1.3.0/stm32cubeide/plugins/com.st.stm32cube.ide.mcu.externaltools.gnu-tools-for-stm32.7-2018-q2-update.win32_1.0.0.201904181610/tools/bin/../lib/gcc/arm-none-eabi/7.3.1/../../../../arm-none-eabi/lib/thumb/v8-m.main/fpv5-sp/hard/crt0.o
 .data          0x0000000000000000        0x0 c:/st/stm32cubeide_1.3.0/stm32cubeide/plugins/com.st.stm32cube.ide.mcu.externaltools.gnu-tools-for-stm32.7-2018-q2-update.win32_1.0.0.201904181610/tools/bin/../lib/gcc/arm-none-eabi/7.3.1/../../../../arm-none-eabi/lib/thumb/v8-m.main/fpv5-sp/hard/crt0.o
 .bss           0x0000000000000000        0x0 c:/st/stm32cubeide_1.3.0/stm32cubeide/plugins/com.st.stm32cube.ide.mcu.externaltools.gnu-tools-for-stm32.7-2018-q2-update.win32_1.0.0.201904181610/tools/bin/../lib/gcc/arm-none-eabi/7.3.1/../../../../arm-none-eabi/lib/thumb/v8-m.main/fpv5-sp/hard/crt0.o
[...]
Memory Configuration

Name             Origin             Length             Attributes
RAM              0x0000000020000000 0x0000000000030000 xrw
ROM              0x0000000008000000 0x0000000000080000 xr
*default*        0x0000000000000000 0xffffffffffffffff

Linker script and memory map

LOAD c:/st/stm32cubeide_1.3.0/stm32cubeide/plugins/com.st.stm32cube.ide.mcu.externaltools.gnu-tools-for-stm32.7-2018-q2-update.win32_1.0.0.201904181610/tools/bin/../lib/gcc/arm-none-eabi/7.3.1/thumb/v8-m.main/fpv5-sp/hard/crti.o
LOAD c:/st/stm32cubeide_1.3.0/stm32cubeide/plugins/com.st.stm32cube.ide.mcu.externaltools.gnu-tools-for-stm32.7-2018-q2-update.win32_1.0.0.201904181610/tools/bin/../lib/gcc/arm-none-eabi/7.3.1/thumb/v8-m.main/fpv5-sp/hard/crtbegin.o
LOAD c:/st/stm32cubeide_1.3.0/stm32cubeide/plugins/com.st.stm32cube.ide.mcu.externaltools.gnu-tools-for-stm32.7-2018-q2-update.win32_1.0.0.201904181610/tools/bin/../lib/gcc/arm-none-eabi/7.3.1/../../../../arm-none-eabi/lib/thumb/v8-m.main/fpv5-sp/hard/crt0.o
LOAD Core/Src/0.o
LOAD Core/Src/16.o
LOAD Core/Src/19.o
LOAD Core/Src/20.o
LOAD Core/Src/21.o
LOAD Core/Src/22.o
LOAD Core/Src/24.o
LOAD Core/Src/25.o
LOAD Core/Src/26.o
LOAD Core/Src/gui.o
LOAD Core/Src/ili9341.o
LOAD Core/Src/logo-rutronik-big.o
LOAD Core/Src/logo-rutronik.o
LOAD Core/Src/logo_320_240_24bit.o
LOAD Core/Src/main.o
LOAD Core/Src/r24_desktop.o
LOAD Core/Src/rgb.o
LOAD Core/Src/stm32l5xx_hal_msp.o
LOAD Core/Src/stm32l5xx_it.o
LOAD Core/Src/syscalls.o
LOAD Core/Src/sysmem.o
LOAD Core/Src/system_stm32l5xx.o
LOAD Core/Startup/startup_stm32l562zetxq.o
LOAD Drivers/STM32L5xx_HAL_Driver/Src/stm32l5xx_hal.o
LOAD Drivers/STM32L5xx_HAL_Driver/Src/stm32l5xx_hal_cortex.o
LOAD Drivers/STM32L5xx_HAL_Driver/Src/stm32l5xx_hal_dma.o
LOAD Drivers/STM32L5xx_HAL_Driver/Src/stm32l5xx_hal_dma_ex.o
LOAD Drivers/STM32L5xx_HAL_Driver/Src/stm32l5xx_hal_exti.o
LOAD Drivers/STM32L5xx_HAL_Driver/Src/stm32l5xx_hal_flash.o
LOAD Drivers/STM32L5xx_HAL_Driver/Src/stm32l5xx_hal_flash_ex.o
LOAD Drivers/STM32L5xx_HAL_Driver/Src/stm32l5xx_hal_flash_ramfunc.o
LOAD Drivers/STM32L5xx_HAL_Driver/Src/stm32l5xx_hal_gpio.o
LOAD Drivers/STM32L5xx_HAL_Driver/Src/stm32l5xx_hal_gtzc.o
LOAD Drivers/STM32L5xx_HAL_Driver/Src/stm32l5xx_hal_i2c.o
LOAD Drivers/STM32L5xx_HAL_Driver/Src/stm32l5xx_hal_i2c_ex.o
LOAD Drivers/STM32L5xx_HAL_Driver/Src/stm32l5xx_hal_icache.o
LOAD Drivers/STM32L5xx_HAL_Driver/Src/stm32l5xx_hal_pwr.o
LOAD Drivers/STM32L5xx_HAL_Driver/Src/stm32l5xx_hal_pwr_ex.o
LOAD Drivers/STM32L5xx_HAL_Driver/Src/stm32l5xx_hal_rcc.o
LOAD Drivers/STM32L5xx_HAL_Driver/Src/stm32l5xx_hal_rcc_ex.o
LOAD Drivers/STM32L5xx_HAL_Driver/Src/stm32l5xx_hal_spi.o
LOAD Drivers/STM32L5xx_HAL_Driver/Src/stm32l5xx_hal_spi_ex.o
LOAD Drivers/STM32L5xx_HAL_Driver/Src/stm32l5xx_hal_tim.o
LOAD Drivers/STM32L5xx_HAL_Driver/Src/stm32l5xx_hal_tim_ex.o
START GROUP
LOAD c:/st/stm32cubeide_1.3.0/stm32cubeide/plugins/com.st.stm32cube.ide.mcu.externaltools.gnu-tools-for-stm32.7-2018-q2-update.win32_1.0.0.201904181610/tools/bin/../lib/gcc/arm-none-eabi/7.3.1/../../../../arm-none-eabi/lib/thumb/v8-m.main/fpv5-sp/hard\libc_nano.a
LOAD c:/st/stm32cubeide_1.3.0/stm32cubeide/plugins/com.st.stm32cube.ide.mcu.externaltools.gnu-tools-for-stm32.7-2018-q2-update.win32_1.0.0.201904181610/tools/bin/../lib/gcc/arm-none-eabi/7.3.1/../../../../arm-none-eabi/lib/thumb/v8-m.main/fpv5-sp/hard\libm.a
END GROUP
START GROUP
LOAD c:/st/stm32cubeide_1.3.0/stm32cubeide/plugins/com.st.stm32cube.ide.mcu.externaltools.gnu-tools-for-stm32.7-2018-q2-update.win32_1.0.0.201904181610/tools/bin/../lib/gcc/arm-none-eabi/7.3.1/thumb/v8-m.main/fpv5-sp/hard\libgcc.a
LOAD c:/st/stm32cubeide_1.3.0/stm32cubeide/plugins/com.st.stm32cube.ide.mcu.externaltools.gnu-tools-for-stm32.7-2018-q2-update.win32_1.0.0.201904181610/tools/bin/../lib/gcc/arm-none-eabi/7.3.1/../../../../arm-none-eabi/lib/thumb/v8-m.main/fpv5-sp/hard\libc_nano.a
END GROUP
START GROUP
LOAD c:/st/stm32cubeide_1.3.0/stm32cubeide/plugins/com.st.stm32cube.ide.mcu.externaltools.gnu-tools-for-stm32.7-2018-q2-update.win32_1.0.0.201904181610/tools/bin/../lib/gcc/arm-none-eabi/7.3.1/thumb/v8-m.main/fpv5-sp/hard\libgcc.a
LOAD c:/st/stm32cubeide_1.3.0/stm32cubeide/plugins/com.st.stm32cube.ide.mcu.externaltools.gnu-tools-for-stm32.7-2018-q2-update.win32_1.0.0.201904181610/tools/bin/../lib/gcc/arm-none-eabi/7.3.1/../../../../arm-none-eabi/lib/thumb/v8-m.main/fpv5-sp/hard\libc_nano.a
LOAD c:/st/stm32cubeide_1.3.0/stm32cubeide/plugins/com.st.stm32cube.ide.mcu.externaltools.gnu-tools-for-stm32.7-2018-q2-update.win32_1.0.0.201904181610/tools/bin/../lib/gcc/arm-none-eabi/7.3.1/../../../../arm-none-eabi/lib/thumb/v8-m.main/fpv5-sp/hard\libnosys.a
END GROUP
START GROUP
LOAD c:/st/stm32cubeide_1.3.0/stm32cubeide/plugins/com.st.stm32cube.ide.mcu.externaltools.gnu-tools-for-stm32.7-2018-q2-update.win32_1.0.0.201904181610/tools/bin/../lib/gcc/arm-none-eabi/7.3.1/thumb/v8-m.main/fpv5-sp/hard\libgcc.a
LOAD c:/st/stm32cubeide_1.3.0/stm32cubeide/plugins/com.st.stm32cube.ide.mcu.externaltools.gnu-tools-for-stm32.7-2018-q2-update.win32_1.0.0.201904181610/tools/bin/../lib/gcc/arm-none-eabi/7.3.1/../../../../arm-none-eabi/lib/thumb/v8-m.main/fpv5-sp/hard\libc_nano.a
LOAD c:/st/stm32cubeide_1.3.0/stm32cubeide/plugins/com.st.stm32cube.ide.mcu.externaltools.gnu-tools-for-stm32.7-2018-q2-update.win32_1.0.0.201904181610/tools/bin/../lib/gcc/arm-none-eabi/7.3.1/../../../../arm-none-eabi/lib/thumb/v8-m.main/fpv5-sp/hard\libnosys.a
END GROUP
LOAD c:/st/stm32cubeide_1.3.0/stm32cubeide/plugins/com.st.stm32cube.ide.mcu.externaltools.gnu-tools-for-stm32.7-2018-q2-update.win32_1.0.0.201904181610/tools/bin/../lib/gcc/arm-none-eabi/7.3.1/thumb/v8-m.main/fpv5-sp/hard/crtend.o
LOAD c:/st/stm32cubeide_1.3.0/stm32cubeide/plugins/com.st.stm32cube.ide.mcu.externaltools.gnu-tools-for-stm32.7-2018-q2-update.win32_1.0.0.201904181610/tools/bin/../lib/gcc/arm-none-eabi/7.3.1/thumb/v8-m.main/fpv5-sp/hard/crtn.o
                0x0000000020030000                _estack = (ORIGIN (RAM) + LENGTH (RAM))
                0x0000000000000200                _Min_Heap_Size = 0x200
                0x0000000000000400                _Min_Stack_Size = 0x400

.isr_vector     0x0000000008000000      0x1f8
                0x0000000008000000                . = ALIGN (0x8)
 *(.isr_vector)
 .isr_vector    0x0000000008000000      0x1f4 Core/Startup/startup_stm32l562zetxq.o
                0x0000000008000000                g_pfnVectors
                0x00000000080001f8                . = ALIGN (0x8)
 *fill*         0x00000000080001f4        0x4 

.text           0x00000000080001f8     0x3398
                0x00000000080001f8                . = ALIGN (0x8)
 *(.text)
 .text          0x00000000080001f8       0x40 c:/st/stm32cubeide_1.3.0/stm32cubeide/plugins/com.st.stm32cube.ide.mcu.externaltools.gnu-tools-for-stm32.7-2018-q2-update.win32_1.0.0.201904181610/tools/bin/../lib/gcc/arm-none-eabi/7.3.1/thumb/v8-m.main/fpv5-sp/hard/crtbegin.o
 *(.text*)
 .text.GUI_FillScreen
                0x0000000008000238       0x48 Core/Src/gui.o
                0x0000000008000238                GUI_FillScreen
 .text.GUI_UpdateScreen
                0x0000000008000280       0x6c Core/Src/gui.o
                0x0000000008000280                GUI_UpdateScreen
 .text.HAL_SPI_TxCpltCallback
                0x00000000080002ec       0x2c Core/Src/gui.o
                0x00000000080002ec                HAL_SPI_TxCpltCallback
 .text.ILI9341_Init
                0x0000000008000318      0x256 Core/Src/ili9341.o
                0x0000000008000318                ILI9341_Init
 .text.ILI9341_SetWindow
                0x000000000800056e       0x92 Core/Src/ili9341.o
                0x000000000800056e                ILI9341_SetWindow
 .text.ILI9341_DrawBitmap
                0x0000000008000600       0x40 Core/Src/ili9341.o
                0x0000000008000600                ILI9341_DrawBitmap
 .text.ILI9341_Reset
                0x0000000008000640       0x24 Core/Src/ili9341.o
                0x0000000008000640                ILI9341_Reset
 .text.ILI9341_SoftReset
                0x0000000008000664       0x34 Core/Src/ili9341.o
                0x0000000008000664                ILI9341_SoftReset
 .text.LCD_WR_REG
                0x0000000008000698       0x34 Core/Src/ili9341.o
 .text.LCD_WR_DATA
                0x00000000080006cc       0x34 Core/Src/ili9341.o
 .text.LCD_direction
                0x0000000008000700       0x68 Core/Src/ili9341.o
 .text.RESET_L  0x0000000008000768       0x18 Core/Src/ili9341.o
 .text.RESET_H  0x0000000008000780       0x18 Core/Src/ili9341.o
 .text.CS_L     0x0000000008000798       0x18 Core/Src/ili9341.o
 .text.DC_L     0x00000000080007b0       0x18 Core/Src/ili9341.o
 .text.DC_H     0x00000000080007c8       0x18 Core/Src/ili9341.o
 .text.LED_H    0x00000000080007e0       0x18 Core/Src/ili9341.o
 .text.main     0x00000000080007f8      0x158 Core/Src/main.o
                0x00000000080007f8                main
 .text.SystemClock_Config
                0x0000000008000950       0x9c Core/Src/main.o
                0x0000000008000950                SystemClock_Config
 .text.MX_SPI1_Init
                0x00000000080009ec       0x7c Core/Src/main.o
 .text.MX_DMA_Init
                0x0000000008000a68       0x54 Core/Src/main.o
 .text.MX_GPIO_Init
                0x0000000008000abc      0x1dc Core/Src/main.o
 .text.Error_Handler
                0x0000000008000c98        0xe Core/Src/main.o
                0x0000000008000c98                Error_Handler
 *fill*         0x0000000008000ca6        0x2 
 .text.HAL_MspInit
                0x0000000008000ca8       0x48 Core/Src/stm32l5xx_hal_msp.o
                0x0000000008000ca8                HAL_MspInit
 .text.HAL_SPI_MspInit
                0x0000000008000cf0       0xf8 Core/Src/stm32l5xx_hal_msp.o
                0x0000000008000cf0                HAL_SPI_MspInit
 .text.NMI_Handler
                0x0000000008000de8        0xe Core/Src/stm32l5xx_it.o
                0x0000000008000de8                NMI_Handler
 .text.HardFault_Handler
                0x0000000008000df6        0x6 Core/Src/stm32l5xx_it.o
                0x0000000008000df6                HardFault_Handler
 .text.MemManage_Handler
                0x0000000008000dfc        0x6 Core/Src/stm32l5xx_it.o
                0x0000000008000dfc                MemManage_Handler
 .text.BusFault_Handler
                0x0000000008000e02        0x6 Core/Src/stm32l5xx_it.o
                0x0000000008000e02                BusFault_Handler
 .text.UsageFault_Handler
                0x0000000008000e08        0x6 Core/Src/stm32l5xx_it.o
                0x0000000008000e08                UsageFault_Handler
 .text.SVC_Handler
                0x0000000008000e0e        0xe Core/Src/stm32l5xx_it.o
                0x0000000008000e0e                SVC_Handler
 .text.DebugMon_Handler
                0x0000000008000e1c        0xe Core/Src/stm32l5xx_it.o
                0x0000000008000e1c                DebugMon_Handler
 .text.PendSV_Handler
                0x0000000008000e2a        0xe Core/Src/stm32l5xx_it.o
                0x0000000008000e2a                PendSV_Handler
 .text.SysTick_Handler
                0x0000000008000e38        0xc Core/Src/stm32l5xx_it.o
                0x0000000008000e38                SysTick_Handler
 .text.DMA1_Channel1_IRQHandler
                0x0000000008000e44       0x14 Core/Src/stm32l5xx_it.o
                0x0000000008000e44                DMA1_Channel1_IRQHandler
 .text.SystemInit
                0x0000000008000e58       0x24 Core/Src/system_stm32l5xx.o
                0x0000000008000e58                SystemInit
 .text.SystemCoreClockUpdate
                0x0000000008000e7c      0x15c Core/Src/system_stm32l5xx.o
                0x0000000008000e7c                SystemCoreClockUpdate
 .text.Reset_Handler
                0x0000000008000fd8       0x50 Core/Startup/startup_stm32l562zetxq.o
                0x0000000008000fd8                Reset_Handler
 .text.Default_Handler
                0x0000000008001028        0x2 Core/Startup/startup_stm32l562zetxq.o
                0x0000000008001028                EXTI2_IRQHandler
                0x0000000008001028                TIM8_TRG_COM_IRQHandler
                0x0000000008001028                TIM8_CC_IRQHandler
                0x0000000008001028                EXTI5_IRQHandler
                0x0000000008001028                FLASH_S_IRQHandler
                0x0000000008001028                EXTI13_IRQHandler
                0x0000000008001028                TIM1_CC_IRQHandler
                0x0000000008001028                TSC_IRQHandler
                0x0000000008001028                TAMP_IRQHandler
                0x0000000008001028                TIM6_IRQHandler
                0x0000000008001028                EXTI12_IRQHandler
                0x0000000008001028                DMA2_Channel8_IRQHandler
                0x0000000008001028                EXTI3_IRQHandler
                0x0000000008001028                EXTI8_IRQHandler
                0x0000000008001028                LPTIM2_IRQHandler
                0x0000000008001028                DFSDM1_FLT1_IRQHandler
                0x0000000008001028                USB_FS_IRQHandler
                0x0000000008001028                I2C3_ER_IRQHandler
                0x0000000008001028                DFSDM1_FLT2_IRQHandler
                0x0000000008001028                DMAMUX1_IRQHandler
                0x0000000008001028                LPTIM3_IRQHandler
                0x0000000008001028                EXTI0_IRQHandler
                0x0000000008001028                I2C2_EV_IRQHandler
                0x0000000008001028                FPU_IRQHandler
                0x0000000008001028                FDCAN1_IT1_IRQHandler
                0x0000000008001028                ADC1_2_IRQHandler
                0x0000000008001028                SPI1_IRQHandler
                0x0000000008001028                OCTOSPI1_IRQHandler
                0x0000000008001028                TIM8_UP_IRQHandler
                0x0000000008001028                RCC_S_IRQHandler
                0x0000000008001028                DMA2_Channel2_IRQHandler
                0x0000000008001028                DMA1_Channel4_IRQHandler
                0x0000000008001028                SAI2_IRQHandler
                0x0000000008001028                DFSDM1_FLT3_IRQHandler
                0x0000000008001028                PKA_IRQHandler
                0x0000000008001028                EXTI15_IRQHandler
                0x0000000008001028                TIM17_IRQHandler
                0x0000000008001028                USART3_IRQHandler
                0x0000000008001028                RTC_IRQHandler
                0x0000000008001028                EXTI9_IRQHandler
                0x0000000008001028                DMA1_Channel7_IRQHandler
                0x0000000008001028                UART5_IRQHandler
                0x0000000008001028                TIM4_IRQHandler
                0x0000000008001028                DMA2_Channel1_IRQHandler
                0x0000000008001028                I2C1_EV_IRQHandler
                0x0000000008001028                DMA1_Channel6_IRQHandler
                0x0000000008001028                TIM16_IRQHandler
                0x0000000008001028                UART4_IRQHandler
                0x0000000008001028                DMA2_Channel4_IRQHandler
                0x0000000008001028                SecureFault_Handler
                0x0000000008001028                TIM3_IRQHandler
                0x0000000008001028                RCC_IRQHandler
                0x0000000008001028                TIM1_TRG_COM_IRQHandler
                0x0000000008001028                Default_Handler
                0x0000000008001028                DMA2_Channel7_IRQHandler
                0x0000000008001028                OTFDEC1_IRQHandler
                0x0000000008001028                DMA1_Channel8_IRQHandler
                0x0000000008001028                TIM7_IRQHandler
                0x0000000008001028                SDMMC1_IRQHandler
                0x0000000008001028                TIM5_IRQHandler
                0x0000000008001028                UCPD1_IRQHandler
                0x0000000008001028                TIM15_IRQHandler
                0x0000000008001028                I2C3_EV_IRQHandler
                0x0000000008001028                PVD_PVM_IRQHandler
                0x0000000008001028                SPI2_IRQHandler
                0x0000000008001028                EXTI14_IRQHandler
                0x0000000008001028                EXTI11_IRQHandler
                0x0000000008001028                DMA2_Channel5_IRQHandler
                0x0000000008001028                CRS_IRQHandler
                0x0000000008001028                DMA1_Channel5_IRQHandler
                0x0000000008001028                EXTI4_IRQHandler
                0x0000000008001028                RTC_S_IRQHandler
                0x0000000008001028                RNG_IRQHandler
                0x0000000008001028                DMAMUX1_S_IRQHandler
                0x0000000008001028                DMA1_Channel3_IRQHandler
                0x0000000008001028                COMP_IRQHandler
                0x0000000008001028                TIM1_UP_IRQHandler
                0x0000000008001028                WWDG_IRQHandler
                0x0000000008001028                I2C4_EV_IRQHandler
                0x0000000008001028                LPUART1_IRQHandler
                0x0000000008001028                DMA2_Channel6_IRQHandler
                0x0000000008001028                FDCAN1_IT0_IRQHandler
                0x0000000008001028                TIM2_IRQHandler
                0x0000000008001028                TAMP_S_IRQHandler
                0x0000000008001028                EXTI7_IRQHandler
                0x0000000008001028                TIM1_BRK_IRQHandler
                0x0000000008001028                DAC_IRQHandler
                0x0000000008001028                EXTI1_IRQHandler
                0x0000000008001028                AES_IRQHandler
                0x0000000008001028                GTZC_IRQHandler
                0x0000000008001028                USART2_IRQHandler
                0x0000000008001028                DFSDM1_FLT0_IRQHandler
                0x0000000008001028                I2C2_ER_IRQHandler
                0x0000000008001028                DMA1_Channel2_IRQHandler
                0x0000000008001028                TIM8_BRK_IRQHandler
                0x0000000008001028                FLASH_IRQHandler
                0x0000000008001028                USART1_IRQHandler
                0x0000000008001028                EXTI10_IRQHandler
                0x0000000008001028                SPI3_IRQHandler
                0x0000000008001028                I2C1_ER_IRQHandler
                0x0000000008001028                FMC_IRQHandler
                0x0000000008001028                EXTI6_IRQHandler
                0x0000000008001028                LPTIM1_IRQHandler
                0x0000000008001028                I2C4_ER_IRQHandler
                0x0000000008001028                ICACHE_IRQHandler
                0x0000000008001028                SAI1_IRQHandler
                0x0000000008001028                HASH_IRQHandler
                0x0000000008001028                DMA2_Channel3_IRQHandler
 .text.HAL_Init
                0x000000000800102a       0x34 Drivers/STM32L5xx_HAL_Driver/Src/stm32l5xx_hal.o
                0x000000000800102a                HAL_Init
 *fill*         0x000000000800105e        0x2 
 .text.HAL_InitTick
                0x0000000008001060       0x74 Drivers/STM32L5xx_HAL_Driver/Src/stm32l5xx_hal.o
                0x0000000008001060                HAL_InitTick
 .text.HAL_IncTick
                0x00000000080010d4       0x24 Drivers/STM32L5xx_HAL_Driver/Src/stm32l5xx_hal.o
                0x00000000080010d4                HAL_IncTick
 .text.HAL_GetTick
                0x00000000080010f8       0x18 Drivers/STM32L5xx_HAL_Driver/Src/stm32l5xx_hal.o
                0x00000000080010f8                HAL_GetTick
 .text.HAL_Delay
                0x0000000008001110       0x44 Drivers/STM32L5xx_HAL_Driver/Src/stm32l5xx_hal.o
                0x0000000008001110                HAL_Delay
 .text.__NVIC_SetPriorityGrouping
                0x0000000008001154       0x48 Drivers/STM32L5xx_HAL_Driver/Src/stm32l5xx_hal_cortex.o
 .text.__NVIC_GetPriorityGrouping
                0x000000000800119c       0x1c Drivers/STM32L5xx_HAL_Driver/Src/stm32l5xx_hal_cortex.o
 .text.__NVIC_EnableIRQ
                0x00000000080011b8       0x3c Drivers/STM32L5xx_HAL_Driver/Src/stm32l5xx_hal_cortex.o
 .text.__NVIC_SetPriority
                0x00000000080011f4       0x54 Drivers/STM32L5xx_HAL_Driver/Src/stm32l5xx_hal_cortex.o
 .text.NVIC_EncodePriority
                0x0000000008001248       0x66 Drivers/STM32L5xx_HAL_Driver/Src/stm32l5xx_hal_cortex.o
 *fill*         0x00000000080012ae        0x2 
 .text.SysTick_Config
                0x00000000080012b0       0x44 Drivers/STM32L5xx_HAL_Driver/Src/stm32l5xx_hal_cortex.o
 .text.HAL_NVIC_SetPriorityGrouping
                0x00000000080012f4       0x16 Drivers/STM32L5xx_HAL_Driver/Src/stm32l5xx_hal_cortex.o
                0x00000000080012f4                HAL_NVIC_SetPriorityGrouping
 .text.HAL_NVIC_SetPriority
                0x000000000800130a       0x34 Drivers/STM32L5xx_HAL_Driver/Src/stm32l5xx_hal_cortex.o
                0x000000000800130a                HAL_NVIC_SetPriority
 .text.HAL_NVIC_EnableIRQ
                0x000000000800133e       0x1c Drivers/STM32L5xx_HAL_Driver/Src/stm32l5xx_hal_cortex.o
                0x000000000800133e                HAL_NVIC_EnableIRQ
 .text.HAL_SYSTICK_Config
                0x000000000800135a       0x18 Drivers/STM32L5xx_HAL_Driver/Src/stm32l5xx_hal_cortex.o
                0x000000000800135a                HAL_SYSTICK_Config
 *fill*         0x0000000008001372        0x2 
 .text.HAL_DMA_Init
                0x0000000008001374      0x150 Drivers/STM32L5xx_HAL_Driver/Src/stm32l5xx_hal_dma.o
                0x0000000008001374                HAL_DMA_Init
 .text.HAL_DMA_Start_IT
                0x00000000080014c4       0xf6 Drivers/STM32L5xx_HAL_Driver/Src/stm32l5xx_hal_dma.o
                0x00000000080014c4                HAL_DMA_Start_IT
 .text.HAL_DMA_IRQHandler
                0x00000000080015ba      0x200 Drivers/STM32L5xx_HAL_Driver/Src/stm32l5xx_hal_dma.o
                0x00000000080015ba                HAL_DMA_IRQHandler
 .text.HAL_DMA_ConfigChannelAttributes
                0x00000000080017ba       0x60 Drivers/STM32L5xx_HAL_Driver/Src/stm32l5xx_hal_dma.o
                0x00000000080017ba                HAL_DMA_ConfigChannelAttributes
 .text.DMA_SetConfig
                0x000000000800181a       0x7c Drivers/STM32L5xx_HAL_Driver/Src/stm32l5xx_hal_dma.o
 *fill*         0x0000000008001896        0x2 
 .text.DMA_CalcDMAMUXChannelBaseAndMask
                0x0000000008001898       0x7c Drivers/STM32L5xx_HAL_Driver/Src/stm32l5xx_hal_dma.o
 .text.DMA_CalcDMAMUXRequestGenBaseAndMask
                0x0000000008001914       0x48 Drivers/STM32L5xx_HAL_Driver/Src/stm32l5xx_hal_dma.o
 .text.HAL_GPIO_Init
                0x000000000800195c      0x300 Drivers/STM32L5xx_HAL_Driver/Src/stm32l5xx_hal_gpio.o
                0x000000000800195c                HAL_GPIO_Init
 .text.HAL_GPIO_WritePin
                0x0000000008001c5c       0x30 Drivers/STM32L5xx_HAL_Driver/Src/stm32l5xx_hal_gpio.o
                0x0000000008001c5c                HAL_GPIO_WritePin
 .text.HAL_PWREx_GetVoltageRange
                0x0000000008001c8c       0x1c Drivers/STM32L5xx_HAL_Driver/Src/stm32l5xx_hal_pwr_ex.o
                0x0000000008001c8c                HAL_PWREx_GetVoltageRange
 .text.HAL_PWREx_ControlVoltageScaling
                0x0000000008001ca8       0xb8 Drivers/STM32L5xx_HAL_Driver/Src/stm32l5xx_hal_pwr_ex.o
                0x0000000008001ca8                HAL_PWREx_ControlVoltageScaling
 .text.HAL_PWREx_EnableVddIO2
                0x0000000008001d60       0x20 Drivers/STM32L5xx_HAL_Driver/Src/stm32l5xx_hal_pwr_ex.o
                0x0000000008001d60                HAL_PWREx_EnableVddIO2
 .text.HAL_PWREx_DisableUCPDDeadBattery
                0x0000000008001d80       0x20 Drivers/STM32L5xx_HAL_Driver/Src/stm32l5xx_hal_pwr_ex.o
                0x0000000008001d80                HAL_PWREx_DisableUCPDDeadBattery
 .text.HAL_PWREx_SMPS_GetEffectiveMode
                0x0000000008001da0       0x48 Drivers/STM32L5xx_HAL_Driver/Src/stm32l5xx_hal_pwr_ex.o
                0x0000000008001da0                HAL_PWREx_SMPS_GetEffectiveMode
 .text.HAL_RCC_OscConfig
                0x0000000008001de8      0x8d8 Drivers/STM32L5xx_HAL_Driver/Src/stm32l5xx_hal_rcc.o
                0x0000000008001de8                HAL_RCC_OscConfig
 .text.HAL_RCC_ClockConfig
                0x00000000080026c0      0x250 Drivers/STM32L5xx_HAL_Driver/Src/stm32l5xx_hal_rcc.o
                0x00000000080026c0                HAL_RCC_ClockConfig
 .text.HAL_RCC_GetSysClockFreq
                0x0000000008002910      0x138 Drivers/STM32L5xx_HAL_Driver/Src/stm32l5xx_hal_rcc.o
                0x0000000008002910                HAL_RCC_GetSysClockFreq
 .text.RCC_SetFlashLatencyFromMSIRange
                0x0000000008002a48       0xc8 Drivers/STM32L5xx_HAL_Driver/Src/stm32l5xx_hal_rcc.o
 .text.RCC_GetSysClockFreqFromPLLSource
                0x0000000008002b10       0xf4 Drivers/STM32L5xx_HAL_Driver/Src/stm32l5xx_hal_rcc.o
 .text.HAL_SPI_Init
                0x0000000008002c04      0x114 Drivers/STM32L5xx_HAL_Driver/Src/stm32l5xx_hal_spi.o
                0x0000000008002c04                HAL_SPI_Init
 .text.HAL_SPI_Transmit
                0x0000000008002d18      0x2cc Drivers/STM32L5xx_HAL_Driver/Src/stm32l5xx_hal_spi.o
                0x0000000008002d18                HAL_SPI_Transmit
 .text.HAL_SPI_Transmit_DMA
                0x0000000008002fe4      0x1d8 Drivers/STM32L5xx_HAL_Driver/Src/stm32l5xx_hal_spi.o
                0x0000000008002fe4                HAL_SPI_Transmit_DMA
 .text.HAL_SPI_TxHalfCpltCallback
                0x00000000080031bc       0x14 Drivers/STM32L5xx_HAL_Driver/Src/stm32l5xx_hal_spi.o
                0x00000000080031bc                HAL_SPI_TxHalfCpltCallback
 .text.HAL_SPI_ErrorCallback
                0x00000000080031d0       0x14 Drivers/STM32L5xx_HAL_Driver/Src/stm32l5xx_hal_spi.o
                0x00000000080031d0                HAL_SPI_ErrorCallback
 .text.SPI_DMATransmitCplt
                0x00000000080031e4       0xa6 Drivers/STM32L5xx_HAL_Driver/Src/stm32l5xx_hal_spi.o
 .text.SPI_DMAHalfTransmitCplt
                0x000000000800328a       0x1c Drivers/STM32L5xx_HAL_Driver/Src/stm32l5xx_hal_spi.o
 .text.SPI_DMAError
                0x00000000080032a6       0x40 Drivers/STM32L5xx_HAL_Driver/Src/stm32l5xx_hal_spi.o
 .text.SPI_WaitFlagStateUntilTimeout
                0x00000000080032e6       0xd4 Drivers/STM32L5xx_HAL_Driver/Src/stm32l5xx_hal_spi.o
 .text.SPI_WaitFifoStateUntilTimeout
                0x00000000080033ba       0xda Drivers/STM32L5xx_HAL_Driver/Src/stm32l5xx_hal_spi.o
 .text.SPI_EndRxTxTransaction
                0x0000000008003494       0x8c Drivers/STM32L5xx_HAL_Driver/Src/stm32l5xx_hal_spi.o
 .text.__libc_init_array
                0x0000000008003520       0x48 c:/st/stm32cubeide_1.3.0/stm32cubeide/plugins/com.st.stm32cube.ide.mcu.externaltools.gnu-tools-for-stm32.7-2018-q2-update.win32_1.0.0.201904181610/tools/bin/../lib/gcc/arm-none-eabi/7.3.1/../../../../arm-none-eabi/lib/thumb/v8-m.main/fpv5-sp/hard\libc_nano.a(lib_a-init.o)
                0x0000000008003520                __libc_init_array
 .text.memset   0x0000000008003568       0x10 c:/st/stm32cubeide_1.3.0/stm32cubeide/plugins/com.st.stm32cube.ide.mcu.externaltools.gnu-tools-for-stm32.7-2018-q2-update.win32_1.0.0.201904181610/tools/bin/../lib/gcc/arm-none-eabi/7.3.1/../../../../arm-none-eabi/lib/thumb/v8-m.main/fpv5-sp/hard\libc_nano.a(lib_a-memset.o)
                0x0000000008003568                memset
 *(.glue_7)
 .glue_7        0x0000000008003578        0x0 linker stubs
 *(.glue_7t)
 .glue_7t       0x0000000008003578        0x0 linker stubs
 *(.eh_frame)
 .eh_frame      0x0000000008003578        0x0 c:/st/stm32cubeide_1.3.0/stm32cubeide/plugins/com.st.stm32cube.ide.mcu.externaltools.gnu-tools-for-stm32.7-2018-q2-update.win32_1.0.0.201904181610/tools/bin/../lib/gcc/arm-none-eabi/7.3.1/thumb/v8-m.main/fpv5-sp/hard/crtbegin.o
 *(.init)
 .init          0x0000000008003578        0x4 c:/st/stm32cubeide_1.3.0/stm32cubeide/plugins/com.st.stm32cube.ide.mcu.externaltools.gnu-tools-for-stm32.7-2018-q2-update.win32_1.0.0.201904181610/tools/bin/../lib/gcc/arm-none-eabi/7.3.1/thumb/v8-m.main/fpv5-sp/hard/crti.o
                0x0000000008003578                _init
 .init          0x000000000800357c        0x8 c:/st/stm32cubeide_1.3.0/stm32cubeide/plugins/com.st.stm32cube.ide.mcu.externaltools.gnu-tools-for-stm32.7-2018-q2-update.win32_1.0.0.201904181610/tools/bin/../lib/gcc/arm-none-eabi/7.3.1/thumb/v8-m.main/fpv5-sp/hard/crtn.o
 *(.fini)
 .fini          0x0000000008003584        0x4 c:/st/stm32cubeide_1.3.0/stm32cubeide/plugins/com.st.stm32cube.ide.mcu.externaltools.gnu-tools-for-stm32.7-2018-q2-update.win32_1.0.0.201904181610/tools/bin/../lib/gcc/arm-none-eabi/7.3.1/thumb/v8-m.main/fpv5-sp/hard/crti.o
                0x0000000008003584                _fini
 .fini          0x0000000008003588        0x8 c:/st/stm32cubeide_1.3.0/stm32cubeide/plugins/com.st.stm32cube.ide.mcu.externaltools.gnu-tools-for-stm32.7-2018-q2-update.win32_1.0.0.201904181610/tools/bin/../lib/gcc/arm-none-eabi/7.3.1/thumb/v8-m.main/fpv5-sp/hard/crtn.o
                0x0000000008003590                . = ALIGN (0x8)
                0x0000000008003590                _etext = .

.vfp11_veneer   0x0000000008003590        0x0
 .vfp11_veneer  0x0000000008003590        0x0 linker stubs

.v4_bx          0x0000000008003590        0x0
 .v4_bx         0x0000000008003590        0x0 linker stubs

.iplt           0x0000000008003590        0x0
 .iplt          0x0000000008003590        0x0 c:/st/stm32cubeide_1.3.0/stm32cubeide/plugins/com.st.stm32cube.ide.mcu.externaltools.gnu-tools-for-stm32.7-2018-q2-update.win32_1.0.0.201904181610/tools/bin/../lib/gcc/arm-none-eabi/7.3.1/thumb/v8-m.main/fpv5-sp/hard/crtbegin.o

.rodata         0x0000000008003590    0x70850
                0x0000000008003590                . = ALIGN (0x8)
 *(.rodata)
 *(.rodata*)
 .rodata.image_data_19
                0x0000000008003590    0x25800 Core/Src/main.o
 .rodata.image_data_20
                0x0000000008028d90    0x25800 Core/Src/main.o
 .rodata.image_data_24
                0x000000000804e590    0x25800 Core/Src/main.o
 .rodata.AHBPrescTable
                0x0000000008073d90       0x10 Core/Src/system_stm32l5xx.o
                0x0000000008073d90                AHBPrescTable
 .rodata.MSIRangeTable
                0x0000000008073da0       0x40 Core/Src/system_stm32l5xx.o
                0x0000000008073da0                MSIRangeTable
                0x0000000008073de0                . = ALIGN (0x8)

.rel.dyn        0x0000000008073de0        0x0
 .rel.iplt      0x0000000008073de0        0x0 c:/st/stm32cubeide_1.3.0/stm32cubeide/plugins/com.st.stm32cube.ide.mcu.externaltools.gnu-tools-for-stm32.7-2018-q2-update.win32_1.0.0.201904181610/tools/bin/../lib/gcc/arm-none-eabi/7.3.1/thumb/v8-m.main/fpv5-sp/hard/crtbegin.o

.ARM.extab      0x0000000008073de0        0x0
                0x0000000008073de0                . = ALIGN (0x8)
 *(.ARM.extab* .gnu.linkonce.armextab.*)
                0x0000000008073de0                . = ALIGN (0x8)

.ARM            0x0000000008073de0        0x0
                0x0000000008073de0                . = ALIGN (0x8)
                0x0000000008073de0                __exidx_start = .
 *(.ARM.exidx*)
                0x0000000008073de0                __exidx_end = .
                0x0000000008073de0                . = ALIGN (0x8)

.preinit_array  0x0000000008073de0        0x0
                0x0000000008073de0                . = ALIGN (0x8)
                0x0000000008073de0                PROVIDE (__preinit_array_start = .)
 *(.preinit_array*)
                0x0000000008073de0                PROVIDE (__preinit_array_end = .)
                0x0000000008073de0                . = ALIGN (0x8)

.init_array     0x0000000008073de0        0x8
                0x0000000008073de0                . = ALIGN (0x8)
                0x0000000008073de0                PROVIDE (__init_array_start = .)
 *(SORT_BY_NAME(.init_array.*))
 *(.init_array*)
 .init_array    0x0000000008073de0        0x4 c:/st/stm32cubeide_1.3.0/stm32cubeide/plugins/com.st.stm32cube.ide.mcu.externaltools.gnu-tools-for-stm32.7-2018-q2-update.win32_1.0.0.201904181610/tools/bin/../lib/gcc/arm-none-eabi/7.3.1/thumb/v8-m.main/fpv5-sp/hard/crtbegin.o
                0x0000000008073de4                PROVIDE (__init_array_end = .)
                0x0000000008073de8                . = ALIGN (0x8)
 *fill*         0x0000000008073de4        0x4 

.fini_array     0x0000000008073de8        0x8
                0x0000000008073de8                . = ALIGN (0x8)
                [!provide]                        PROVIDE (__fini_array_start = .)
 *(SORT_BY_NAME(.fini_array.*))
 *(.fini_array*)
 .fini_array    0x0000000008073de8        0x4 c:/st/stm32cubeide_1.3.0/stm32cubeide/plugins/com.st.stm32cube.ide.mcu.externaltools.gnu-tools-for-stm32.7-2018-q2-update.win32_1.0.0.201904181610/tools/bin/../lib/gcc/arm-none-eabi/7.3.1/thumb/v8-m.main/fpv5-sp/hard/crtbegin.o
                [!provide]                        PROVIDE (__fini_array_end = .)
                0x0000000008073df0                . = ALIGN (0x8)
 *fill*         0x0000000008073dec        0x4 
                0x0000000008073df0                _sidata = LOADADDR (.data)

.data           0x0000000020000000       0x10 load address 0x0000000008073df0
                0x0000000020000000                . = ALIGN (0x8)
                0x0000000020000000                _sdata = .
 *(.data)
 *(.data*)
 .data.SystemCoreClock
                0x0000000020000000        0x4 Core/Src/system_stm32l5xx.o
                0x0000000020000000                SystemCoreClock
 .data.uwTickPrio
                0x0000000020000004        0x4 Drivers/STM32L5xx_HAL_Driver/Src/stm32l5xx_hal.o
                0x0000000020000004                uwTickPrio
 .data.uwTickFreq
                0x0000000020000008        0x4 Drivers/STM32L5xx_HAL_Driver/Src/stm32l5xx_hal.o
                0x0000000020000008                uwTickFreq
                0x0000000020000010                . = ALIGN (0x8)
 *fill*         0x000000002000000c        0x4 
                0x0000000020000010                _edata = .

.igot.plt       0x0000000020000010        0x0 load address 0x0000000008073e00
 .igot.plt      0x0000000020000010        0x0 c:/st/stm32cubeide_1.3.0/stm32cubeide/plugins/com.st.stm32cube.ide.mcu.externaltools.gnu-tools-for-stm32.7-2018-q2-update.win32_1.0.0.201904181610/tools/bin/../lib/gcc/arm-none-eabi/7.3.1/thumb/v8-m.main/fpv5-sp/hard/crtbegin.o
                0x0000000020000010                . = ALIGN (0x8)

.bss            0x0000000020000010    0x258f0 load address 0x0000000008073e00
                0x0000000020000010                _sbss = .
                0x0000000020000010                __bss_start__ = _sbss
 *(.bss)
 .bss           0x0000000020000010       0x1c c:/st/stm32cubeide_1.3.0/stm32cubeide/plugins/com.st.stm32cube.ide.mcu.externaltools.gnu-tools-for-stm32.7-2018-q2-update.win32_1.0.0.201904181610/tools/bin/../lib/gcc/arm-none-eabi/7.3.1/thumb/v8-m.main/fpv5-sp/hard/crtbegin.o
 *(.bss*)
 .bss.vvram     0x000000002000002c    0x25800 Core/Src/gui.o
 .bss.Done      0x000000002002582c        0x1 Core/Src/gui.o
 *(COMMON)
 *fill*         0x000000002002582d        0x3 
 COMMON         0x0000000020025830       0xcc Core/Src/main.o
                0x0000000020025830                hspi1
                0x0000000020025894                hdma_spi1_tx
 COMMON         0x00000000200258fc        0x4 Drivers/STM32L5xx_HAL_Driver/Src/stm32l5xx_hal.o
                0x00000000200258fc                uwTick
                0x0000000020025900                . = ALIGN (0x8)
                0x0000000020025900                _ebss = .
                0x0000000020025900                __bss_end__ = _ebss

._user_heap_stack
                0x0000000020025900      0x600 load address 0x0000000008073e00
                0x0000000020025900                . = ALIGN (0x8)
                0x0000000020025900                PROVIDE (end = .)
                [!provide]                        PROVIDE (_end = .)
                0x0000000020025b00                . = (. + _Min_Heap_Size)
 *fill*         0x0000000020025900      0x200 
                0x0000000020025f00                . = (. + _Min_Stack_Size)
 *fill*         0x0000000020025b00      0x400 
                0x0000000020025f00                . = ALIGN (0x8)

/DISCARD/
 libc.a(*)
 libm.a(*)
 libgcc.a(*)

.ARM.attributes
                0x0000000000000000       0x36
 *(.ARM.attributes)
 .ARM.attributes
                0x0000000000000000       0x26 c:/st/stm32cubeide_1.3.0/stm32cubeide/plugins/com.st.stm32cube.ide.mcu.externaltools.gnu-tools-for-stm32.7-2018-q2-update.win32_1.0.0.201904181610/tools/bin/../lib/gcc/arm-none-eabi/7.3.1/thumb/v8-m.main/fpv5-sp/hard/crti.o
 .ARM.attributes
                0x0000000000000026       0x38 c:/st/stm32cubeide_1.3.0/stm32cubeide/plugins/com.st.stm32cube.ide.mcu.externaltools.gnu-tools-for-stm32.7-2018-q2-update.win32_1.0.0.201904181610/tools/bin/../lib/gcc/arm-none-eabi/7.3.1/thumb/v8-m.main/fpv5-sp/hard/crtbegin.o
 .ARM.attributes
                0x000000000000005e       0x3c Core/Src/gui.o
 .ARM.attributes
                0x000000000000009a       0x3c Core/Src/ili9341.o
 .ARM.attributes
                0x00000000000000d6       0x3c Core/Src/main.o
 .ARM.attributes
                0x0000000000000112       0x3c Core/Src/stm32l5xx_hal_msp.o
 .ARM.attributes
                0x000000000000014e       0x3c Core/Src/stm32l5xx_it.o
 .ARM.attributes
                0x000000000000018a       0x3c Core/Src/system_stm32l5xx.o
 .ARM.attributes
                0x00000000000001c6       0x24 Core/Startup/startup_stm32l562zetxq.o
 .ARM.attributes
                0x00000000000001ea       0x3c Drivers/STM32L5xx_HAL_Driver/Src/stm32l5xx_hal.o
 .ARM.attributes
                0x0000000000000226       0x3c Drivers/STM32L5xx_HAL_Driver/Src/stm32l5xx_hal_cortex.o
 .ARM.attributes
                0x0000000000000262       0x3c Drivers/STM32L5xx_HAL_Driver/Src/stm32l5xx_hal_dma.o
 .ARM.attributes
                0x000000000000029e       0x3c Drivers/STM32L5xx_HAL_Driver/Src/stm32l5xx_hal_gpio.o
 .ARM.attributes
                0x00000000000002da       0x3c Drivers/STM32L5xx_HAL_Driver/Src/stm32l5xx_hal_pwr_ex.o
 .ARM.attributes
                0x0000000000000316       0x3c Drivers/STM32L5xx_HAL_Driver/Src/stm32l5xx_hal_rcc.o
 .ARM.attributes
                0x0000000000000352       0x3c Drivers/STM32L5xx_HAL_Driver/Src/stm32l5xx_hal_spi.o
 .ARM.attributes
                0x000000000000038e       0x38 c:/st/stm32cubeide_1.3.0/stm32cubeide/plugins/com.st.stm32cube.ide.mcu.externaltools.gnu-tools-for-stm32.7-2018-q2-update.win32_1.0.0.201904181610/tools/bin/../lib/gcc/arm-none-eabi/7.3.1/../../../../arm-none-eabi/lib/thumb/v8-m.main/fpv5-sp/hard\libc_nano.a(lib_a-init.o)
 .ARM.attributes
                0x00000000000003c6       0x38 c:/st/stm32cubeide_1.3.0/stm32cubeide/plugins/com.st.stm32cube.ide.mcu.externaltools.gnu-tools-for-stm32.7-2018-q2-update.win32_1.0.0.201904181610/tools/bin/../lib/gcc/arm-none-eabi/7.3.1/../../../../arm-none-eabi/lib/thumb/v8-m.main/fpv5-sp/hard\libc_nano.a(lib_a-memset.o)
 .ARM.attributes
                0x00000000000003fe       0x26 c:/st/stm32cubeide_1.3.0/stm32cubeide/plugins/com.st.stm32cube.ide.mcu.externaltools.gnu-tools-for-stm32.7-2018-q2-update.win32_1.0.0.201904181610/tools/bin/../lib/gcc/arm-none-eabi/7.3.1/thumb/v8-m.main/fpv5-sp/hard/crtn.o
OUTPUT(DrawingTest_PORT.elf elf32-littlearm)

.debug_info     0x0000000000000000     0xb171
 .debug_info    0x0000000000000000      0x9f2 Core/Src/gui.o
 .debug_info    0x00000000000009f2      0xc4c Core/Src/ili9341.o
 .debug_info    0x000000000000163e     0x1acc Core/Src/main.o
 .debug_info    0x000000000000310a      0xc92 Core/Src/stm32l5xx_hal_msp.o
 .debug_info    0x0000000000003d9c      0x5d2 Core/Src/stm32l5xx_it.o
 .debug_info    0x000000000000436e      0x8db Core/Src/system_stm32l5xx.o
 .debug_info    0x0000000000004c49       0x22 Core/Startup/startup_stm32l562zetxq.o
 .debug_info    0x0000000000004c6b      0xd72 Drivers/STM32L5xx_HAL_Driver/Src/stm32l5xx_hal.o
 .debug_info    0x00000000000059dd      0xf3d Drivers/STM32L5xx_HAL_Driver/Src/stm32l5xx_hal_cortex.o
 .debug_info    0x000000000000691a      0xa75 Drivers/STM32L5xx_HAL_Driver/Src/stm32l5xx_hal_dma.o
 .debug_info    0x000000000000738f      0x75c Drivers/STM32L5xx_HAL_Driver/Src/stm32l5xx_hal_gpio.o
 .debug_info    0x0000000000007aeb      0xeea Drivers/STM32L5xx_HAL_Driver/Src/stm32l5xx_hal_pwr_ex.o
 .debug_info    0x00000000000089d5      0xfed Drivers/STM32L5xx_HAL_Driver/Src/stm32l5xx_hal_rcc.o
 .debug_info    0x00000000000099c2     0x17af Drivers/STM32L5xx_HAL_Driver/Src/stm32l5xx_hal_spi.o

.debug_abbrev   0x0000000000000000     0x1a8a
 .debug_abbrev  0x0000000000000000      0x1cd Core/Src/gui.o
 .debug_abbrev  0x00000000000001cd      0x211 Core/Src/ili9341.o
 .debug_abbrev  0x00000000000003de      0x284 Core/Src/main.o
 .debug_abbrev  0x0000000000000662      0x1a8 Core/Src/stm32l5xx_hal_msp.o
 .debug_abbrev  0x000000000000080a      0x149 Core/Src/stm32l5xx_it.o
 .debug_abbrev  0x0000000000000953      0x156 Core/Src/system_stm32l5xx.o
 .debug_abbrev  0x0000000000000aa9       0x12 Core/Startup/startup_stm32l562zetxq.o
 .debug_abbrev  0x0000000000000abb      0x267 Drivers/STM32L5xx_HAL_Driver/Src/stm32l5xx_hal.o
 .debug_abbrev  0x0000000000000d22      0x2f1 Drivers/STM32L5xx_HAL_Driver/Src/stm32l5xx_hal_cortex.o
 .debug_abbrev  0x0000000000001013      0x1e8 Drivers/STM32L5xx_HAL_Driver/Src/stm32l5xx_hal_dma.o
 .debug_abbrev  0x00000000000011fb      0x1a8 Drivers/STM32L5xx_HAL_Driver/Src/stm32l5xx_hal_gpio.o
 .debug_abbrev  0x00000000000013a3      0x24f Drivers/STM32L5xx_HAL_Driver/Src/stm32l5xx_hal_pwr_ex.o
 .debug_abbrev  0x00000000000015f2      0x270 Drivers/STM32L5xx_HAL_Driver/Src/stm32l5xx_hal_rcc.o
 .debug_abbrev  0x0000000000001862      0x228 Drivers/STM32L5xx_HAL_Driver/Src/stm32l5xx_hal_spi.o

.debug_aranges  0x0000000000000000      0x990
 .debug_aranges
                0x0000000000000000       0x50 Core/Src/gui.o
 .debug_aranges
                0x0000000000000050       0xa0 Core/Src/ili9341.o
 .debug_aranges
                0x00000000000000f0       0x48 Core/Src/main.o
 .debug_aranges
                0x0000000000000138       0x30 Core/Src/stm32l5xx_hal_msp.o
 .debug_aranges
                0x0000000000000168       0x68 Core/Src/stm32l5xx_it.o
 .debug_aranges
                0x00000000000001d0       0x28 Core/Src/system_stm32l5xx.o
 .debug_aranges
                0x00000000000001f8       0x28 Core/Startup/startup_stm32l562zetxq.o
 .debug_aranges
                0x0000000000000220      0x140 Drivers/STM32L5xx_HAL_Driver/Src/stm32l5xx_hal.o
 .debug_aranges
                0x0000000000000360      0x100 Drivers/STM32L5xx_HAL_Driver/Src/stm32l5xx_hal_cortex.o
 .debug_aranges
                0x0000000000000460       0xa0 Drivers/STM32L5xx_HAL_Driver/Src/stm32l5xx_hal_dma.o
 .debug_aranges
                0x0000000000000500       0x60 Drivers/STM32L5xx_HAL_Driver/Src/stm32l5xx_hal_gpio.o
 .debug_aranges
                0x0000000000000560      0x1b8 Drivers/STM32L5xx_HAL_Driver/Src/stm32l5xx_hal_pwr_ex.o
 .debug_aranges
                0x0000000000000718       0xa0 Drivers/STM32L5xx_HAL_Driver/Src/stm32l5xx_hal_rcc.o
 .debug_aranges
                0x00000000000007b8      0x1d8 Drivers/STM32L5xx_HAL_Driver/Src/stm32l5xx_hal_spi.o

.debug_ranges   0x0000000000000000      0x8b8
 .debug_ranges  0x0000000000000000       0x40 Core/Src/gui.o
 .debug_ranges  0x0000000000000040       0x90 Core/Src/ili9341.o
 .debug_ranges  0x00000000000000d0       0x38 Core/Src/main.o
 .debug_ranges  0x0000000000000108       0x20 Core/Src/stm32l5xx_hal_msp.o
 .debug_ranges  0x0000000000000128       0x58 Core/Src/stm32l5xx_it.o
 .debug_ranges  0x0000000000000180       0x18 Core/Src/system_stm32l5xx.o
 .debug_ranges  0x0000000000000198       0x20 Core/Startup/startup_stm32l562zetxq.o
 .debug_ranges  0x00000000000001b8      0x130 Drivers/STM32L5xx_HAL_Driver/Src/stm32l5xx_hal.o
 .debug_ranges  0x00000000000002e8       0xf0 Drivers/STM32L5xx_HAL_Driver/Src/stm32l5xx_hal_cortex.o
 .debug_ranges  0x00000000000003d8       0x90 Drivers/STM32L5xx_HAL_Driver/Src/stm32l5xx_hal_dma.o
 .debug_ranges  0x0000000000000468       0x50 Drivers/STM32L5xx_HAL_Driver/Src/stm32l5xx_hal_gpio.o
 .debug_ranges  0x00000000000004b8      0x1a8 Drivers/STM32L5xx_HAL_Driver/Src/stm32l5xx_hal_pwr_ex.o
 .debug_ranges  0x0000000000000660       0x90 Drivers/STM32L5xx_HAL_Driver/Src/stm32l5xx_hal_rcc.o
 .debug_ranges  0x00000000000006f0      0x1c8 Drivers/STM32L5xx_HAL_Driver/Src/stm32l5xx_hal_spi.o

.debug_macro    0x0000000000000000    0x27af6
 .debug_macro   0x0000000000000000      0x21d Core/Src/gui.o
 .debug_macro   0x000000000000021d      0x190 Core/Src/gui.o
 .debug_macro   0x00000000000003ad       0x2e Core/Src/gui.o
 .debug_macro   0x00000000000003db       0x42 Core/Src/gui.o
 .debug_macro   0x000000000000041d       0x1c Core/Src/gui.o
 .debug_macro   0x0000000000000439       0x29 Core/Src/gui.o
 .debug_macro   0x0000000000000462       0xdf Core/Src/gui.o
 .debug_macro   0x0000000000000541     0x1494 Core/Src/gui.o
 .debug_macro   0x00000000000019d5       0x5e Core/Src/gui.o
 .debug_macro   0x0000000000001a33    0x1be5e Core/Src/gui.o
 .debug_macro   0x000000000001d891       0x42 Core/Src/gui.o
 .debug_macro   0x000000000001d8d3     0x34d8 Core/Src/gui.o
 .debug_macro   0x0000000000020dab      0x174 Core/Src/gui.o
 .debug_macro   0x0000000000020f1f       0x5c Core/Src/gui.o
 .debug_macro   0x0000000000020f7b     0x1948 Core/Src/gui.o
 .debug_macro   0x00000000000228c3      0xa4b Core/Src/gui.o
 .debug_macro   0x000000000002330e      0x153 Core/Src/gui.o
 .debug_macro   0x0000000000023461      0x1d9 Core/Src/gui.o
 .debug_macro   0x000000000002363a      0x4e1 Core/Src/gui.o
 .debug_macro   0x0000000000023b1b      0x1ac Core/Src/gui.o
 .debug_macro   0x0000000000023cc7       0x4a Core/Src/gui.o
 .debug_macro   0x0000000000023d11       0x51 Core/Src/gui.o
 .debug_macro   0x0000000000023d62      0x231 Core/Src/gui.o
 .debug_macro   0x0000000000023f93      0x3bb Core/Src/gui.o
 .debug_macro   0x000000000002434e       0x36 Core/Src/gui.o
 .debug_macro   0x0000000000024384      0x107 Core/Src/gui.o
 .debug_macro   0x000000000002448b      0x22c Core/Src/gui.o
 .debug_macro   0x00000000000246b7       0x58 Core/Src/gui.o
 .debug_macro   0x000000000002470f       0xa5 Core/Src/gui.o
 .debug_macro   0x00000000000247b4       0xf3 Core/Src/gui.o
 .debug_macro   0x00000000000248a7      0x199 Core/Src/gui.o
 .debug_macro   0x0000000000024a40      0x487 Core/Src/gui.o
 .debug_macro   0x0000000000024ec7      0x2fe Core/Src/gui.o
 .debug_macro   0x00000000000251c5      0x40c Core/Src/gui.o
 .debug_macro   0x00000000000255d1       0x64 Core/Src/gui.o
 .debug_macro   0x0000000000025635       0x16 Core/Src/gui.o
 .debug_macro   0x000000000002564b       0x88 Core/Src/gui.o
 .debug_macro   0x00000000000256d3       0x46 Core/Src/gui.o
 .debug_macro   0x0000000000025719      0x203 Core/Src/ili9341.o
 .debug_macro   0x000000000002591c      0x3b2 Core/Src/main.o
 .debug_macro   0x0000000000025cce       0x46 Core/Src/main.o
 .debug_macro   0x0000000000025d14       0x18 Core/Src/main.o
 .debug_macro   0x0000000000025d2c       0x3c Core/Src/main.o
 .debug_macro   0x0000000000025d68       0x34 Core/Src/main.o
 .debug_macro   0x0000000000025d9c       0x16 Core/Src/main.o
 .debug_macro   0x0000000000025db2       0x35 Core/Src/main.o
 .debug_macro   0x0000000000025de7      0x32a Core/Src/main.o
 .debug_macro   0x0000000000026111       0x10 Core/Src/main.o
 .debug_macro   0x0000000000026121       0x52 Core/Src/main.o
 .debug_macro   0x0000000000026173       0x1f Core/Src/main.o
 .debug_macro   0x0000000000026192       0x43 Core/Src/main.o
 .debug_macro   0x00000000000261d5       0x20 Core/Src/main.o
 .debug_macro   0x00000000000261f5      0x1a3 Core/Src/main.o
 .debug_macro   0x0000000000026398       0x10 Core/Src/main.o
 .debug_macro   0x00000000000263a8       0x1c Core/Src/main.o
 .debug_macro   0x00000000000263c4       0x52 Core/Src/main.o
 .debug_macro   0x0000000000026416       0x40 Core/Src/main.o
 .debug_macro   0x0000000000026456       0x10 Core/Src/main.o
 .debug_macro   0x0000000000026466       0x40 Core/Src/main.o
 .debug_macro   0x00000000000264a6       0xd7 Core/Src/main.o
 .debug_macro   0x000000000002657d       0x1c Core/Src/main.o
 .debug_macro   0x0000000000026599       0x3d Core/Src/main.o
 .debug_macro   0x00000000000265d6       0x16 Core/Src/main.o
 .debug_macro   0x00000000000265ec      0x145 Core/Src/main.o
 .debug_macro   0x0000000000026731       0x16 Core/Src/main.o
 .debug_macro   0x0000000000026747       0x20 Core/Src/main.o
 .debug_macro   0x0000000000026767      0x1ec Core/Src/stm32l5xx_hal_msp.o
 .debug_macro   0x0000000000026953      0x1f6 Core/Src/stm32l5xx_it.o
 .debug_macro   0x0000000000026b49      0x1dd Core/Src/system_stm32l5xx.o
 .debug_macro   0x0000000000026d26      0x20d Drivers/STM32L5xx_HAL_Driver/Src/stm32l5xx_hal.o
 .debug_macro   0x0000000000026f33      0x1dd Drivers/STM32L5xx_HAL_Driver/Src/stm32l5xx_hal_cortex.o
 .debug_macro   0x0000000000027110      0x1dd Drivers/STM32L5xx_HAL_Driver/Src/stm32l5xx_hal_dma.o
 .debug_macro   0x00000000000272ed      0x210 Drivers/STM32L5xx_HAL_Driver/Src/stm32l5xx_hal_gpio.o
 .debug_macro   0x00000000000274fd      0x20d Drivers/STM32L5xx_HAL_Driver/Src/stm32l5xx_hal_pwr_ex.o
 .debug_macro   0x000000000002770a      0x207 Drivers/STM32L5xx_HAL_Driver/Src/stm32l5xx_hal_rcc.o
 .debug_macro   0x0000000000027911      0x1e5 Drivers/STM32L5xx_HAL_Driver/Src/stm32l5xx_hal_spi.o

.debug_line     0x0000000000000000     0x7fe8
 .debug_line    0x0000000000000000      0x7f5 Core/Src/gui.o
 .debug_line    0x00000000000007f5      0x901 Core/Src/ili9341.o
 .debug_line    0x00000000000010f6      0xa87 Core/Src/main.o
 .debug_line    0x0000000000001b7d      0x735 Core/Src/stm32l5xx_hal_msp.o
 .debug_line    0x00000000000022b2      0x7ab Core/Src/stm32l5xx_it.o
 .debug_line    0x0000000000002a5d      0x718 Core/Src/system_stm32l5xx.o
 .debug_line    0x0000000000003175       0x86 Core/Startup/startup_stm32l562zetxq.o
 .debug_line    0x00000000000031fb      0x9be Drivers/STM32L5xx_HAL_Driver/Src/stm32l5xx_hal.o
 .debug_line    0x0000000000003bb9      0x9a6 Drivers/STM32L5xx_HAL_Driver/Src/stm32l5xx_hal_cortex.o
 .debug_line    0x000000000000455f      0xa01 Drivers/STM32L5xx_HAL_Driver/Src/stm32l5xx_hal_dma.o
 .debug_line    0x0000000000004f60      0x8c0 Drivers/STM32L5xx_HAL_Driver/Src/stm32l5xx_hal_gpio.o
 .debug_line    0x0000000000005820      0xbb8 Drivers/STM32L5xx_HAL_Driver/Src/stm32l5xx_hal_pwr_ex.o
 .debug_line    0x00000000000063d8      0xa96 Drivers/STM32L5xx_HAL_Driver/Src/stm32l5xx_hal_rcc.o
 .debug_line    0x0000000000006e6e     0x117a Drivers/STM32L5xx_HAL_Driver/Src/stm32l5xx_hal_spi.o

.debug_str      0x0000000000000000    0xff9c4
 .debug_str     0x0000000000000000    0xf8c1e Core/Src/gui.o
                                      0xf8f51 (size before relaxing)
 .debug_str     0x00000000000f8c1e      0x1d1 Core/Src/ili9341.o
                                      0xf8f86 (size before relaxing)
 .debug_str     0x00000000000f8def     0x4aef Core/Src/main.o
                                      0xfd9da (size before relaxing)
 .debug_str     0x00000000000fd8de       0x4e Core/Src/stm32l5xx_hal_msp.o
                                      0xf8f16 (size before relaxing)
 .debug_str     0x00000000000fd92c       0xd6 Core/Src/stm32l5xx_it.o
                                      0xf8b3c (size before relaxing)
 .debug_str     0x00000000000fda02      0x16f Core/Src/system_stm32l5xx.o
                                      0xf8953 (size before relaxing)
 .debug_str     0x00000000000fdb71       0x37 Core/Startup/startup_stm32l562zetxq.o
                                         0x9b (size before relaxing)
 .debug_str     0x00000000000fdba8      0x518 Drivers/STM32L5xx_HAL_Driver/Src/stm32l5xx_hal.o
                                      0xf9436 (size before relaxing)
 .debug_str     0x00000000000fe0c0      0x284 Drivers/STM32L5xx_HAL_Driver/Src/stm32l5xx_hal_cortex.o
                                      0xf9161 (size before relaxing)
 .debug_str     0x00000000000fe344      0x33e Drivers/STM32L5xx_HAL_Driver/Src/stm32l5xx_hal_dma.o
                                      0xf8ca7 (size before relaxing)
 .debug_str     0x00000000000fe682      0x289 Drivers/STM32L5xx_HAL_Driver/Src/stm32l5xx_hal_gpio.o
                                      0xf89bc (size before relaxing)
 .debug_str     0x00000000000fe90b      0x73a Drivers/STM32L5xx_HAL_Driver/Src/stm32l5xx_hal_pwr_ex.o
                                      0xf90e2 (size before relaxing)
 .debug_str     0x00000000000ff045      0x424 Drivers/STM32L5xx_HAL_Driver/Src/stm32l5xx_hal_rcc.o
                                      0xf8f09 (size before relaxing)
 .debug_str     0x00000000000ff469      0x55b Drivers/STM32L5xx_HAL_Driver/Src/stm32l5xx_hal_spi.o
                                      0xf90f7 (size before relaxing)

.comment        0x0000000000000000       0x7b
 .comment       0x0000000000000000       0x7b Core/Src/gui.o
                                         0x7c (size before relaxing)
 .comment       0x000000000000007b       0x7c Core/Src/ili9341.o
 .comment       0x000000000000007b       0x7c Core/Src/main.o
 .comment       0x000000000000007b       0x7c Core/Src/stm32l5xx_hal_msp.o
 .comment       0x000000000000007b       0x7c Core/Src/stm32l5xx_it.o
 .comment       0x000000000000007b       0x7c Core/Src/system_stm32l5xx.o
 .comment       0x000000000000007b       0x7c Drivers/STM32L5xx_HAL_Driver/Src/stm32l5xx_hal.o
 .comment       0x000000000000007b       0x7c Drivers/STM32L5xx_HAL_Driver/Src/stm32l5xx_hal_cortex.o
 .comment       0x000000000000007b       0x7c Drivers/STM32L5xx_HAL_Driver/Src/stm32l5xx_hal_dma.o
 .comment       0x000000000000007b       0x7c Drivers/STM32L5xx_HAL_Driver/Src/stm32l5xx_hal_gpio.o
 .comment       0x000000000000007b       0x7c Drivers/STM32L5xx_HAL_Driver/Src/stm32l5xx_hal_pwr_ex.o
 .comment       0x000000000000007b       0x7c Drivers/STM32L5xx_HAL_Driver/Src/stm32l5xx_hal_rcc.o
 .comment       0x000000000000007b       0x7c Drivers/STM32L5xx_HAL_Driver/Src/stm32l5xx_hal_spi.o

.debug_frame    0x0000000000000000     0x255c
 .debug_frame   0x0000000000000000      0x118 Core/Src/gui.o
 .debug_frame   0x0000000000000118      0x240 Core/Src/ili9341.o
 .debug_frame   0x0000000000000358       0xd8 Core/Src/main.o
 .debug_frame   0x0000000000000430       0x7c Core/Src/stm32l5xx_hal_msp.o
 .debug_frame   0x00000000000004ac      0x128 Core/Src/stm32l5xx_it.o
 .debug_frame   0x00000000000005d4       0x58 Core/Src/system_stm32l5xx.o
 .debug_frame   0x000000000000062c      0x4e4 Drivers/STM32L5xx_HAL_Driver/Src/stm32l5xx_hal.o
 .debug_frame   0x0000000000000b10      0x428 Drivers/STM32L5xx_HAL_Driver/Src/stm32l5xx_hal_cortex.o
 .debug_frame   0x0000000000000f38      0x29c Drivers/STM32L5xx_HAL_Driver/Src/stm32l5xx_hal_dma.o
 .debug_frame   0x00000000000011d4      0x174 Drivers/STM32L5xx_HAL_Driver/Src/stm32l5xx_hal_gpio.o
 .debug_frame   0x0000000000001348      0x6fc Drivers/STM32L5xx_HAL_Driver/Src/stm32l5xx_hal_pwr_ex.o
 .debug_frame   0x0000000000001a44      0x26c Drivers/STM32L5xx_HAL_Driver/Src/stm32l5xx_hal_rcc.o
 .debug_frame   0x0000000000001cb0      0x860 Drivers/STM32L5xx_HAL_Driver/Src/stm32l5xx_hal_spi.o
 .debug_frame   0x0000000000002510       0x2c c:/st/stm32cubeide_1.3.0/stm32cubeide/plugins/com.st.stm32cube.ide.mcu.externaltools.gnu-tools-for-stm32.7-2018-q2-update.win32_1.0.0.201904181610/tools/bin/../lib/gcc/arm-none-eabi/7.3.1/../../../../arm-none-eabi/lib/thumb/v8-m.main/fpv5-sp/hard\libc_nano.a(lib_a-init.o)
 .debug_frame   0x000000000000253c       0x20 c:/st/stm32cubeide_1.3.0/stm32cubeide/plugins/com.st.stm32cube.ide.mcu.externaltools.gnu-tools-for-stm32.7-2018-q2-update.win32_1.0.0.201904181610/tools/bin/../lib/gcc/arm-none-eabi/7.3.1/../../../../arm-none-eabi/lib/thumb/v8-m.main/fpv5-sp/hard\libc_nano.a(lib_a-memset.o)
