Archive member included to satisfy reference by file (symbol)

c:/st/stm32cubeide_1.3.0/stm32cubeide/plugins/com.st.stm32cube.ide.mcu.externaltools.gnu-tools-for-stm32.7-2018-q2-update.win32_1.0.0.201904181610/tools/bin/../lib/gcc/arm-none-eabi/7.3.1/../../../../arm-none-eabi/lib/thumb/v8-m.main/fpv5-sp/hard\libc_nano.a(lib_a-errno.o)
                              Core/Src/syscalls.o (__errno)
c:/st/stm32cubeide_1.3.0/stm32cubeide/plugins/com.st.stm32cube.ide.mcu.externaltools.gnu-tools-for-stm32.7-2018-q2-update.win32_1.0.0.201904181610/tools/bin/../lib/gcc/arm-none-eabi/7.3.1/../../../../arm-none-eabi/lib/thumb/v8-m.main/fpv5-sp/hard\libc_nano.a(lib_a-exit.o)
                              c:/st/stm32cubeide_1.3.0/stm32cubeide/plugins/com.st.stm32cube.ide.mcu.externaltools.gnu-tools-for-stm32.7-2018-q2-update.win32_1.0.0.201904181610/tools/bin/../lib/gcc/arm-none-eabi/7.3.1/../../../../arm-none-eabi/lib/thumb/v8-m.main/fpv5-sp/hard/crt0.o (exit)
c:/st/stm32cubeide_1.3.0/stm32cubeide/plugins/com.st.stm32cube.ide.mcu.externaltools.gnu-tools-for-stm32.7-2018-q2-update.win32_1.0.0.201904181610/tools/bin/../lib/gcc/arm-none-eabi/7.3.1/../../../../arm-none-eabi/lib/thumb/v8-m.main/fpv5-sp/hard\libc_nano.a(lib_a-impure.o)
                              c:/st/stm32cubeide_1.3.0/stm32cubeide/plugins/com.st.stm32cube.ide.mcu.externaltools.gnu-tools-for-stm32.7-2018-q2-update.win32_1.0.0.201904181610/tools/bin/../lib/gcc/arm-none-eabi/7.3.1/../../../../arm-none-eabi/lib/thumb/v8-m.main/fpv5-sp/hard\libc_nano.a(lib_a-exit.o) (_global_impure_ptr)
c:/st/stm32cubeide_1.3.0/stm32cubeide/plugins/com.st.stm32cube.ide.mcu.externaltools.gnu-tools-for-stm32.7-2018-q2-update.win32_1.0.0.201904181610/tools/bin/../lib/gcc/arm-none-eabi/7.3.1/../../../../arm-none-eabi/lib/thumb/v8-m.main/fpv5-sp/hard\libc_nano.a(lib_a-init.o)
                              c:/st/stm32cubeide_1.3.0/stm32cubeide/plugins/com.st.stm32cube.ide.mcu.externaltools.gnu-tools-for-stm32.7-2018-q2-update.win32_1.0.0.201904181610/tools/bin/../lib/gcc/arm-none-eabi/7.3.1/../../../../arm-none-eabi/lib/thumb/v8-m.main/fpv5-sp/hard/crt0.o (__libc_init_array)
c:/st/stm32cubeide_1.3.0/stm32cubeide/plugins/com.st.stm32cube.ide.mcu.externaltools.gnu-tools-for-stm32.7-2018-q2-update.win32_1.0.0.201904181610/tools/bin/../lib/gcc/arm-none-eabi/7.3.1/../../../../arm-none-eabi/lib/thumb/v8-m.main/fpv5-sp/hard\libc_nano.a(lib_a-memset.o)
                              c:/st/stm32cubeide_1.3.0/stm32cubeide/plugins/com.st.stm32cube.ide.mcu.externaltools.gnu-tools-for-stm32.7-2018-q2-update.win32_1.0.0.201904181610/tools/bin/../lib/gcc/arm-none-eabi/7.3.1/../../../../arm-none-eabi/lib/thumb/v8-m.main/fpv5-sp/hard/crt0.o (memset)
c:/st/stm32cubeide_1.3.0/stm32cubeide/plugins/com.st.stm32cube.ide.mcu.externaltools.gnu-tools-for-stm32.7-2018-q2-update.win32_1.0.0.201904181610/tools/bin/../lib/gcc/arm-none-eabi/7.3.1/../../../../arm-none-eabi/lib/thumb/v8-m.main/fpv5-sp/hard\libc_nano.a(lib_a-sprintf.o)
                              Core/Src/main.o (sprintf)
c:/st/stm32cubeide_1.3.0/stm32cubeide/plugins/com.st.stm32cube.ide.mcu.externaltools.gnu-tools-for-stm32.7-2018-q2-update.win32_1.0.0.201904181610/tools/bin/../lib/gcc/arm-none-eabi/7.3.1/../../../../arm-none-eabi/lib/thumb/v8-m.main/fpv5-sp/hard\libc_nano.a(lib_a-strlen.o)
                              Core/Src/main.o (strlen)
c:/st/stm32cubeide_1.3.0/stm32cubeide/plugins/com.st.stm32cube.ide.mcu.externaltools.gnu-tools-for-stm32.7-2018-q2-update.win32_1.0.0.201904181610/tools/bin/../lib/gcc/arm-none-eabi/7.3.1/../../../../arm-none-eabi/lib/thumb/v8-m.main/fpv5-sp/hard\libc_nano.a(lib_a-nano-svfprintf.o)
                              c:/st/stm32cubeide_1.3.0/stm32cubeide/plugins/com.st.stm32cube.ide.mcu.externaltools.gnu-tools-for-stm32.7-2018-q2-update.win32_1.0.0.201904181610/tools/bin/../lib/gcc/arm-none-eabi/7.3.1/../../../../arm-none-eabi/lib/thumb/v8-m.main/fpv5-sp/hard\libc_nano.a(lib_a-sprintf.o) (_svfprintf_r)
c:/st/stm32cubeide_1.3.0/stm32cubeide/plugins/com.st.stm32cube.ide.mcu.externaltools.gnu-tools-for-stm32.7-2018-q2-update.win32_1.0.0.201904181610/tools/bin/../lib/gcc/arm-none-eabi/7.3.1/../../../../arm-none-eabi/lib/thumb/v8-m.main/fpv5-sp/hard\libc_nano.a(lib_a-nano-vfprintf_i.o)
                              c:/st/stm32cubeide_1.3.0/stm32cubeide/plugins/com.st.stm32cube.ide.mcu.externaltools.gnu-tools-for-stm32.7-2018-q2-update.win32_1.0.0.201904181610/tools/bin/../lib/gcc/arm-none-eabi/7.3.1/../../../../arm-none-eabi/lib/thumb/v8-m.main/fpv5-sp/hard\libc_nano.a(lib_a-nano-svfprintf.o) (_printf_i)
c:/st/stm32cubeide_1.3.0/stm32cubeide/plugins/com.st.stm32cube.ide.mcu.externaltools.gnu-tools-for-stm32.7-2018-q2-update.win32_1.0.0.201904181610/tools/bin/../lib/gcc/arm-none-eabi/7.3.1/../../../../arm-none-eabi/lib/thumb/v8-m.main/fpv5-sp/hard\libc_nano.a(lib_a-memchr-stub.o)
[...]
Memory Configuration

Name             Origin             Length             Attributes
RAM              0x0000000020000000 0x0000000000030000 xrw
ROM              0x0000000008000000 0x0000000000080000 xr
*default*        0x0000000000000000 0xffffffffffffffff

Linker script and memory map

LOAD c:/st/stm32cubeide_1.3.0/stm32cubeide/plugins/com.st.stm32cube.ide.mcu.externaltools.gnu-tools-for-stm32.7-2018-q2-update.win32_1.0.0.201904181610/tools/bin/../lib/gcc/arm-none-eabi/7.3.1/thumb/v8-m.main/fpv5-sp/hard/crti.o
LOAD c:/st/stm32cubeide_1.3.0/stm32cubeide/plugins/com.st.stm32cube.ide.mcu.externaltools.gnu-tools-for-stm32.7-2018-q2-update.win32_1.0.0.201904181610/tools/bin/../lib/gcc/arm-none-eabi/7.3.1/thumb/v8-m.main/fpv5-sp/hard/crtbegin.o
LOAD c:/st/stm32cubeide_1.3.0/stm32cubeide/plugins/com.st.stm32cube.ide.mcu.externaltools.gnu-tools-for-stm32.7-2018-q2-update.win32_1.0.0.201904181610/tools/bin/../lib/gcc/arm-none-eabi/7.3.1/../../../../arm-none-eabi/lib/thumb/v8-m.main/fpv5-sp/hard/crt0.o
LOAD Core/Src/0.o
LOAD Core/Src/16.o
LOAD Core/Src/19.o
LOAD Core/Src/20.o
LOAD Core/Src/21.o
LOAD Core/Src/22.o
LOAD Core/Src/24.o
LOAD Core/Src/25.o
LOAD Core/Src/26.o
LOAD Core/Src/CY8CMBR3xxx_APIs.o
LOAD Core/Src/CY8CMBR3xxx_CRC.o
LOAD Core/Src/CY8CMBR3xxx_HostFunctions.o
LOAD Core/Src/gui.o
LOAD Core/Src/ili9341.o
LOAD Core/Src/logo-rutronik-big.o
LOAD Core/Src/logo-rutronik.o
LOAD Core/Src/logo_320_240_24bit.o
LOAD Core/Src/main.o
LOAD Core/Src/r24_desktop.o
LOAD Core/Src/rgb.o
LOAD Core/Src/stm32l5xx_hal_msp.o
LOAD Core/Src/stm32l5xx_it.o
LOAD Core/Src/syscalls.o
LOAD Core/Src/sysmem.o
LOAD Core/Src/system_stm32l5xx.o
LOAD Core/Startup/startup_stm32l562zetxq.o
LOAD Drivers/STM32L5xx_HAL_Driver/Src/stm32l5xx_hal.o
LOAD Drivers/STM32L5xx_HAL_Driver/Src/stm32l5xx_hal_cortex.o
LOAD Drivers/STM32L5xx_HAL_Driver/Src/stm32l5xx_hal_dma.o
LOAD Drivers/STM32L5xx_HAL_Driver/Src/stm32l5xx_hal_dma_ex.o
LOAD Drivers/STM32L5xx_HAL_Driver/Src/stm32l5xx_hal_exti.o
LOAD Drivers/STM32L5xx_HAL_Driver/Src/stm32l5xx_hal_flash.o
LOAD Drivers/STM32L5xx_HAL_Driver/Src/stm32l5xx_hal_flash_ex.o
LOAD Drivers/STM32L5xx_HAL_Driver/Src/stm32l5xx_hal_flash_ramfunc.o
LOAD Drivers/STM32L5xx_HAL_Driver/Src/stm32l5xx_hal_gpio.o
LOAD Drivers/STM32L5xx_HAL_Driver/Src/stm32l5xx_hal_gtzc.o
LOAD Drivers/STM32L5xx_HAL_Driver/Src/stm32l5xx_hal_i2c.o
LOAD Drivers/STM32L5xx_HAL_Driver/Src/stm32l5xx_hal_i2c_ex.o
LOAD Drivers/STM32L5xx_HAL_Driver/Src/stm32l5xx_hal_icache.o
LOAD Drivers/STM32L5xx_HAL_Driver/Src/stm32l5xx_hal_pwr.o
LOAD Drivers/STM32L5xx_HAL_Driver/Src/stm32l5xx_hal_pwr_ex.o
LOAD Drivers/STM32L5xx_HAL_Driver/Src/stm32l5xx_hal_rcc.o
LOAD Drivers/STM32L5xx_HAL_Driver/Src/stm32l5xx_hal_rcc_ex.o
LOAD Drivers/STM32L5xx_HAL_Driver/Src/stm32l5xx_hal_spi.o
LOAD Drivers/STM32L5xx_HAL_Driver/Src/stm32l5xx_hal_spi_ex.o
LOAD Drivers/STM32L5xx_HAL_Driver/Src/stm32l5xx_hal_tim.o
LOAD Drivers/STM32L5xx_HAL_Driver/Src/stm32l5xx_hal_tim_ex.o
LOAD Drivers/STM32L5xx_HAL_Driver/Src/stm32l5xx_hal_uart.o
LOAD Drivers/STM32L5xx_HAL_Driver/Src/stm32l5xx_hal_uart_ex.o
START GROUP
LOAD c:/st/stm32cubeide_1.3.0/stm32cubeide/plugins/com.st.stm32cube.ide.mcu.externaltools.gnu-tools-for-stm32.7-2018-q2-update.win32_1.0.0.201904181610/tools/bin/../lib/gcc/arm-none-eabi/7.3.1/../../../../arm-none-eabi/lib/thumb/v8-m.main/fpv5-sp/hard\libc_nano.a
LOAD c:/st/stm32cubeide_1.3.0/stm32cubeide/plugins/com.st.stm32cube.ide.mcu.externaltools.gnu-tools-for-stm32.7-2018-q2-update.win32_1.0.0.201904181610/tools/bin/../lib/gcc/arm-none-eabi/7.3.1/../../../../arm-none-eabi/lib/thumb/v8-m.main/fpv5-sp/hard\libm.a
END GROUP
START GROUP
LOAD c:/st/stm32cubeide_1.3.0/stm32cubeide/plugins/com.st.stm32cube.ide.mcu.externaltools.gnu-tools-for-stm32.7-2018-q2-update.win32_1.0.0.201904181610/tools/bin/../lib/gcc/arm-none-eabi/7.3.1/thumb/v8-m.main/fpv5-sp/hard\libgcc.a
LOAD c:/st/stm32cubeide_1.3.0/stm32cubeide/plugins/com.st.stm32cube.ide.mcu.externaltools.gnu-tools-for-stm32.7-2018-q2-update.win32_1.0.0.201904181610/tools/bin/../lib/gcc/arm-none-eabi/7.3.1/../../../../arm-none-eabi/lib/thumb/v8-m.main/fpv5-sp/hard\libc_nano.a
END GROUP
START GROUP
LOAD c:/st/stm32cubeide_1.3.0/stm32cubeide/plugins/com.st.stm32cube.ide.mcu.externaltools.gnu-tools-for-stm32.7-2018-q2-update.win32_1.0.0.201904181610/tools/bin/../lib/gcc/arm-none-eabi/7.3.1/thumb/v8-m.main/fpv5-sp/hard\libgcc.a
LOAD c:/st/stm32cubeide_1.3.0/stm32cubeide/plugins/com.st.stm32cube.ide.mcu.externaltools.gnu-tools-for-stm32.7-2018-q2-update.win32_1.0.0.201904181610/tools/bin/../lib/gcc/arm-none-eabi/7.3.1/../../../../arm-none-eabi/lib/thumb/v8-m.main/fpv5-sp/hard\libc_nano.a
END GROUP
LOAD c:/st/stm32cubeide_1.3.0/stm32cubeide/plugins/com.st.stm32cube.ide.mcu.externaltools.gnu-tools-for-stm32.7-2018-q2-update.win32_1.0.0.201904181610/tools/bin/../lib/gcc/arm-none-eabi/7.3.1/thumb/v8-m.main/fpv5-sp/hard/crtend.o
LOAD c:/st/stm32cubeide_1.3.0/stm32cubeide/plugins/com.st.stm32cube.ide.mcu.externaltools.gnu-tools-for-stm32.7-2018-q2-update.win32_1.0.0.201904181610/tools/bin/../lib/gcc/arm-none-eabi/7.3.1/thumb/v8-m.main/fpv5-sp/hard/crtn.o
                0x0000000020030000                _estack = (ORIGIN (RAM) + LENGTH (RAM))
                0x0000000000000200                _Min_Heap_Size = 0x200
                0x0000000000000400                _Min_Stack_Size = 0x400

.isr_vector     0x0000000008000000      0x1f8
                0x0000000008000000                . = ALIGN (0x8)
 *(.isr_vector)
 .isr_vector    0x0000000008000000      0x1f4 Core/Startup/startup_stm32l562zetxq.o
                0x0000000008000000                g_pfnVectors
                0x00000000080001f8                . = ALIGN (0x8)
 *fill*         0x00000000080001f4        0x4 

.text           0x00000000080001f8     0x7fc0
                0x00000000080001f8                . = ALIGN (0x8)
 *(.text)
 .text          0x00000000080001f8       0x40 c:/st/stm32cubeide_1.3.0/stm32cubeide/plugins/com.st.stm32cube.ide.mcu.externaltools.gnu-tools-for-stm32.7-2018-q2-update.win32_1.0.0.201904181610/tools/bin/../lib/gcc/arm-none-eabi/7.3.1/thumb/v8-m.main/fpv5-sp/hard/crtbegin.o
 .text          0x0000000008000238       0x10 c:/st/stm32cubeide_1.3.0/stm32cubeide/plugins/com.st.stm32cube.ide.mcu.externaltools.gnu-tools-for-stm32.7-2018-q2-update.win32_1.0.0.201904181610/tools/bin/../lib/gcc/arm-none-eabi/7.3.1/../../../../arm-none-eabi/lib/thumb/v8-m.main/fpv5-sp/hard\libc_nano.a(lib_a-strlen.o)
                0x0000000008000238                strlen
 .text          0x0000000008000248       0x30 c:/st/stm32cubeide_1.3.0/stm32cubeide/plugins/com.st.stm32cube.ide.mcu.externaltools.gnu-tools-for-stm32.7-2018-q2-update.win32_1.0.0.201904181610/tools/bin/../lib/gcc/arm-none-eabi/7.3.1/thumb/v8-m.main/fpv5-sp/hard\libgcc.a(_aeabi_uldivmod.o)
                0x0000000008000248                __aeabi_uldivmod
 .text          0x0000000008000278      0x2e0 c:/st/stm32cubeide_1.3.0/stm32cubeide/plugins/com.st.stm32cube.ide.mcu.externaltools.gnu-tools-for-stm32.7-2018-q2-update.win32_1.0.0.201904181610/tools/bin/../lib/gcc/arm-none-eabi/7.3.1/thumb/v8-m.main/fpv5-sp/hard\libgcc.a(_udivmoddi4.o)
                0x0000000008000278                __udivmoddi4
 .text          0x0000000008000558        0x4 c:/st/stm32cubeide_1.3.0/stm32cubeide/plugins/com.st.stm32cube.ide.mcu.externaltools.gnu-tools-for-stm32.7-2018-q2-update.win32_1.0.0.201904181610/tools/bin/../lib/gcc/arm-none-eabi/7.3.1/thumb/v8-m.main/fpv5-sp/hard\libgcc.a(_dvmd_tls.o)
                0x0000000008000558                __aeabi_idiv0
                0x0000000008000558                __aeabi_ldiv0
 *(.text*)
 .text.CY8CMBR3xxx_ReadDualByte
                0x000000000800055c       0x7c Core/Src/CY8CMBR3xxx_APIs.o
                0x000000000800055c                CY8CMBR3xxx_ReadDualByte
 .text.GUI_FillScreen
                0x00000000080005d8       0x48 Core/Src/gui.o
                0x00000000080005d8                GUI_FillScreen
 .text.GUI_UpdateScreen
                0x0000000008000620       0x6c Core/Src/gui.o
                0x0000000008000620                GUI_UpdateScreen
 .text.HAL_SPI_TxCpltCallback
                0x000000000800068c       0x2c Core/Src/gui.o
                0x000000000800068c                HAL_SPI_TxCpltCallback
 .text.ILI9341_Init
                0x00000000080006b8      0x15a Core/Src/ili9341.o
                0x00000000080006b8                ILI9341_Init
 .text.ILI9341_SetWindow
                0x0000000008000812       0x92 Core/Src/ili9341.o
                0x0000000008000812                ILI9341_SetWindow
 .text.ILI9341_DrawBitmap
                0x00000000080008a4       0x40 Core/Src/ili9341.o
                0x00000000080008a4                ILI9341_DrawBitmap
 .text.ILI9341_Reset
                0x00000000080008e4       0x30 Core/Src/ili9341.o
                0x00000000080008e4                ILI9341_Reset
 .text.ILI9341_SoftReset
                0x0000000008000914       0x44 Core/Src/ili9341.o
                0x0000000008000914                ILI9341_SoftReset
 .text.LCD_WR_REG
                0x0000000008000958       0x34 Core/Src/ili9341.o
                0x0000000008000958                LCD_WR_REG
 .text.LCD_WR_DATA
                0x000000000800098c       0x34 Core/Src/ili9341.o
                0x000000000800098c                LCD_WR_DATA
 .text.LCD_direction
                0x00000000080009c0       0x68 Core/Src/ili9341.o
                0x00000000080009c0                LCD_direction
 .text.RESET_L  0x0000000008000a28       0x18 Core/Src/ili9341.o
                0x0000000008000a28                RESET_L
 .text.RESET_H  0x0000000008000a40       0x18 Core/Src/ili9341.o
                0x0000000008000a40                RESET_H
 .text.CS_L     0x0000000008000a58       0x18 Core/Src/ili9341.o
                0x0000000008000a58                CS_L
 .text.DC_L     0x0000000008000a70       0x18 Core/Src/ili9341.o
                0x0000000008000a70                DC_L
 .text.DC_H     0x0000000008000a88       0x18 Core/Src/ili9341.o
                0x0000000008000a88                DC_H
 .text.LED_H    0x0000000008000aa0       0x18 Core/Src/ili9341.o
                0x0000000008000aa0                LED_H
 .text.main     0x0000000008000ab8      0x110 Core/Src/main.o
                0x0000000008000ab8                main
 .text.SystemClock_Config
                0x0000000008000bc8       0x9c Core/Src/main.o
                0x0000000008000bc8                SystemClock_Config
 .text.MX_NVIC_Init
                0x0000000008000c64       0x18 Core/Src/main.o
 .text.MX_I2C1_Init
                0x0000000008000c7c       0x80 Core/Src/main.o
 .text.MX_SPI1_Init
                0x0000000008000cfc       0x7c Core/Src/main.o
 .text.MX_USART1_UART_Init
                0x0000000008000d78       0x98 Core/Src/main.o
 .text.MX_DMA_Init
                0x0000000008000e10       0x54 Core/Src/main.o
 .text.MX_GPIO_Init
                0x0000000008000e64      0x1f4 Core/Src/main.o
 .text.Show_color
                0x0000000008001058       0x30 Core/Src/main.o
                0x0000000008001058                Show_color
 .text.Button_read
                0x0000000008001088       0x60 Core/Src/main.o
                0x0000000008001088                Button_read
 .text.Host_LowLevelWrite
                0x00000000080010e8       0x68 Core/Src/main.o
                0x00000000080010e8                Host_LowLevelWrite
 .text.Host_LowLevelRead
                0x0000000008001150       0x68 Core/Src/main.o
                0x0000000008001150                Host_LowLevelRead
 .text.Error_Handler
                0x00000000080011b8       0x3c Core/Src/main.o
                0x00000000080011b8                Error_Handler
 .text.HAL_MspInit
                0x00000000080011f4       0x48 Core/Src/stm32l5xx_hal_msp.o
                0x00000000080011f4                HAL_MspInit
 .text.HAL_I2C_MspInit
                0x000000000800123c       0xd0 Core/Src/stm32l5xx_hal_msp.o
                0x000000000800123c                HAL_I2C_MspInit
 .text.HAL_SPI_MspInit
                0x000000000800130c       0xf8 Core/Src/stm32l5xx_hal_msp.o
                0x000000000800130c                HAL_SPI_MspInit
 .text.HAL_UART_MspInit
                0x0000000008001404       0xbc Core/Src/stm32l5xx_hal_msp.o
                0x0000000008001404                HAL_UART_MspInit
 .text.NMI_Handler
                0x00000000080014c0        0xe Core/Src/stm32l5xx_it.o
                0x00000000080014c0                NMI_Handler
 .text.HardFault_Handler
                0x00000000080014ce        0x6 Core/Src/stm32l5xx_it.o
                0x00000000080014ce                HardFault_Handler
 .text.MemManage_Handler
                0x00000000080014d4        0x6 Core/Src/stm32l5xx_it.o
                0x00000000080014d4                MemManage_Handler
 .text.BusFault_Handler
                0x00000000080014da        0x6 Core/Src/stm32l5xx_it.o
                0x00000000080014da                BusFault_Handler
 .text.UsageFault_Handler
                0x00000000080014e0        0x6 Core/Src/stm32l5xx_it.o
                0x00000000080014e0                UsageFault_Handler
 .text.SVC_Handler
                0x00000000080014e6        0xe Core/Src/stm32l5xx_it.o
                0x00000000080014e6                SVC_Handler
 .text.DebugMon_Handler
                0x00000000080014f4        0xe Core/Src/stm32l5xx_it.o
                0x00000000080014f4                DebugMon_Handler
 .text.PendSV_Handler
                0x0000000008001502        0xe Core/Src/stm32l5xx_it.o
                0x0000000008001502                PendSV_Handler
 .text.SysTick_Handler
                0x0000000008001510        0xc Core/Src/stm32l5xx_it.o
                0x0000000008001510                SysTick_Handler
 .text.DMA1_Channel1_IRQHandler
                0x000000000800151c       0x14 Core/Src/stm32l5xx_it.o
                0x000000000800151c                DMA1_Channel1_IRQHandler
 .text.I2C1_EV_IRQHandler
                0x0000000008001530       0x14 Core/Src/stm32l5xx_it.o
                0x0000000008001530                I2C1_EV_IRQHandler
 .text.I2C1_ER_IRQHandler
                0x0000000008001544       0x14 Core/Src/stm32l5xx_it.o
                0x0000000008001544                I2C1_ER_IRQHandler
 .text._sbrk    0x0000000008001558       0x58 Core/Src/sysmem.o
                0x0000000008001558                _sbrk
 .text.SystemInit
                0x00000000080015b0       0x24 Core/Src/system_stm32l5xx.o
                0x00000000080015b0                SystemInit
 .text.SystemCoreClockUpdate
                0x00000000080015d4      0x15c Core/Src/system_stm32l5xx.o
                0x00000000080015d4                SystemCoreClockUpdate
 .text.Reset_Handler
                0x0000000008001730       0x50 Core/Startup/startup_stm32l562zetxq.o
                0x0000000008001730                Reset_Handler
 .text.Default_Handler
                0x0000000008001780        0x2 Core/Startup/startup_stm32l562zetxq.o
                0x0000000008001780                EXTI2_IRQHandler
                0x0000000008001780                TIM8_TRG_COM_IRQHandler
                0x0000000008001780                TIM8_CC_IRQHandler
                0x0000000008001780                EXTI5_IRQHandler
                0x0000000008001780                FLASH_S_IRQHandler
                0x0000000008001780                EXTI13_IRQHandler
                0x0000000008001780                TIM1_CC_IRQHandler
                0x0000000008001780                TSC_IRQHandler
                0x0000000008001780                TAMP_IRQHandler
                0x0000000008001780                TIM6_IRQHandler
                0x0000000008001780                EXTI12_IRQHandler
                0x0000000008001780                DMA2_Channel8_IRQHandler
                0x0000000008001780                EXTI3_IRQHandler
                0x0000000008001780                EXTI8_IRQHandler
                0x0000000008001780                LPTIM2_IRQHandler
                0x0000000008001780                DFSDM1_FLT1_IRQHandler
                0x0000000008001780                USB_FS_IRQHandler
                0x0000000008001780                I2C3_ER_IRQHandler
                0x0000000008001780                DFSDM1_FLT2_IRQHandler
                0x0000000008001780                DMAMUX1_IRQHandler
                0x0000000008001780                LPTIM3_IRQHandler
                0x0000000008001780                EXTI0_IRQHandler
                0x0000000008001780                I2C2_EV_IRQHandler
                0x0000000008001780                FPU_IRQHandler
                0x0000000008001780                FDCAN1_IT1_IRQHandler
                0x0000000008001780                ADC1_2_IRQHandler
                0x0000000008001780                SPI1_IRQHandler
                0x0000000008001780                OCTOSPI1_IRQHandler
                0x0000000008001780                TIM8_UP_IRQHandler
                0x0000000008001780                RCC_S_IRQHandler
                0x0000000008001780                DMA2_Channel2_IRQHandler
                0x0000000008001780                DMA1_Channel4_IRQHandler
                0x0000000008001780                SAI2_IRQHandler
                0x0000000008001780                DFSDM1_FLT3_IRQHandler
                0x0000000008001780                PKA_IRQHandler
                0x0000000008001780                EXTI15_IRQHandler
                0x0000000008001780                TIM17_IRQHandler
                0x0000000008001780                USART3_IRQHandler
                0x0000000008001780                RTC_IRQHandler
                0x0000000008001780                EXTI9_IRQHandler
                0x0000000008001780                DMA1_Channel7_IRQHandler
                0x0000000008001780                UART5_IRQHandler
                0x0000000008001780                TIM4_IRQHandler
                0x0000000008001780                DMA2_Channel1_IRQHandler
                0x0000000008001780                DMA1_Channel6_IRQHandler
                0x0000000008001780                TIM16_IRQHandler
                0x0000000008001780                UART4_IRQHandler
                0x0000000008001780                DMA2_Channel4_IRQHandler
                0x0000000008001780                SecureFault_Handler
                0x0000000008001780                TIM3_IRQHandler
                0x0000000008001780                RCC_IRQHandler
                0x0000000008001780                TIM1_TRG_COM_IRQHandler
                0x0000000008001780                Default_Handler
                0x0000000008001780                DMA2_Channel7_IRQHandler
                0x0000000008001780                OTFDEC1_IRQHandler
                0x0000000008001780                DMA1_Channel8_IRQHandler
                0x0000000008001780                TIM7_IRQHandler
                0x0000000008001780                SDMMC1_IRQHandler
                0x0000000008001780                TIM5_IRQHandler
                0x0000000008001780                UCPD1_IRQHandler
                0x0000000008001780                TIM15_IRQHandler
                0x0000000008001780                I2C3_EV_IRQHandler
                0x0000000008001780                PVD_PVM_IRQHandler
                0x0000000008001780                SPI2_IRQHandler
                0x0000000008001780                EXTI14_IRQHandler
                0x0000000008001780                EXTI11_IRQHandler
                0x0000000008001780                DMA2_Channel5_IRQHandler
                0x0000000008001780                CRS_IRQHandler
                0x0000000008001780                DMA1_Channel5_IRQHandler
                0x0000000008001780                EXTI4_IRQHandler
                0x0000000008001780                RTC_S_IRQHandler
                0x0000000008001780                RNG_IRQHandler
                0x0000000008001780                DMAMUX1_S_IRQHandler
                0x0000000008001780                DMA1_Channel3_IRQHandler
                0x0000000008001780                COMP_IRQHandler
                0x0000000008001780                TIM1_UP_IRQHandler
                0x0000000008001780                WWDG_IRQHandler
                0x0000000008001780                I2C4_EV_IRQHandler
                0x0000000008001780                LPUART1_IRQHandler
                0x0000000008001780                DMA2_Channel6_IRQHandler
                0x0000000008001780                FDCAN1_IT0_IRQHandler
                0x0000000008001780                TIM2_IRQHandler
                0x0000000008001780                TAMP_S_IRQHandler
                0x0000000008001780                EXTI7_IRQHandler
                0x0000000008001780                TIM1_BRK_IRQHandler
                0x0000000008001780                DAC_IRQHandler
                0x0000000008001780                EXTI1_IRQHandler
                0x0000000008001780                AES_IRQHandler
                0x0000000008001780                GTZC_IRQHandler
                0x0000000008001780                USART2_IRQHandler
                0x0000000008001780                DFSDM1_FLT0_IRQHandler
                0x0000000008001780                I2C2_ER_IRQHandler
                0x0000000008001780                DMA1_Channel2_IRQHandler
                0x0000000008001780                TIM8_BRK_IRQHandler
                0x0000000008001780                FLASH_IRQHandler
                0x0000000008001780                USART1_IRQHandler
                0x0000000008001780                EXTI10_IRQHandler
                0x0000000008001780                SPI3_IRQHandler
                0x0000000008001780                FMC_IRQHandler
                0x0000000008001780                EXTI6_IRQHandler
                0x0000000008001780                LPTIM1_IRQHandler
                0x0000000008001780                I2C4_ER_IRQHandler
                0x0000000008001780                ICACHE_IRQHandler
                0x0000000008001780                SAI1_IRQHandler
                0x0000000008001780                HASH_IRQHandler
                0x0000000008001780                DMA2_Channel3_IRQHandler
 .text.HAL_Init
                0x0000000008001782       0x34 Drivers/STM32L5xx_HAL_Driver/Src/stm32l5xx_hal.o
                0x0000000008001782                HAL_Init
 *fill*         0x00000000080017b6        0x2 
 .text.HAL_InitTick
                0x00000000080017b8       0x74 Drivers/STM32L5xx_HAL_Driver/Src/stm32l5xx_hal.o
                0x00000000080017b8                HAL_InitTick
 .text.HAL_IncTick
                0x000000000800182c       0x24 Drivers/STM32L5xx_HAL_Driver/Src/stm32l5xx_hal.o
                0x000000000800182c                HAL_IncTick
 .text.HAL_GetTick
                0x0000000008001850       0x18 Drivers/STM32L5xx_HAL_Driver/Src/stm32l5xx_hal.o
                0x0000000008001850                HAL_GetTick
 .text.HAL_Delay
                0x0000000008001868       0x44 Drivers/STM32L5xx_HAL_Driver/Src/stm32l5xx_hal.o
                0x0000000008001868                HAL_Delay
 .text.__NVIC_SetPriorityGrouping
                0x00000000080018ac       0x48 Drivers/STM32L5xx_HAL_Driver/Src/stm32l5xx_hal_cortex.o
 .text.__NVIC_GetPriorityGrouping
                0x00000000080018f4       0x1c Drivers/STM32L5xx_HAL_Driver/Src/stm32l5xx_hal_cortex.o
 .text.__NVIC_EnableIRQ
                0x0000000008001910       0x3c Drivers/STM32L5xx_HAL_Driver/Src/stm32l5xx_hal_cortex.o
 .text.__NVIC_SetPriority
                0x000000000800194c       0x54 Drivers/STM32L5xx_HAL_Driver/Src/stm32l5xx_hal_cortex.o
 .text.NVIC_EncodePriority
                0x00000000080019a0       0x66 Drivers/STM32L5xx_HAL_Driver/Src/stm32l5xx_hal_cortex.o
 *fill*         0x0000000008001a06        0x2 
 .text.SysTick_Config
                0x0000000008001a08       0x44 Drivers/STM32L5xx_HAL_Driver/Src/stm32l5xx_hal_cortex.o
 .text.HAL_NVIC_SetPriorityGrouping
                0x0000000008001a4c       0x16 Drivers/STM32L5xx_HAL_Driver/Src/stm32l5xx_hal_cortex.o
                0x0000000008001a4c                HAL_NVIC_SetPriorityGrouping
 .text.HAL_NVIC_SetPriority
                0x0000000008001a62       0x34 Drivers/STM32L5xx_HAL_Driver/Src/stm32l5xx_hal_cortex.o
                0x0000000008001a62                HAL_NVIC_SetPriority
 .text.HAL_NVIC_EnableIRQ
                0x0000000008001a96       0x1c Drivers/STM32L5xx_HAL_Driver/Src/stm32l5xx_hal_cortex.o
                0x0000000008001a96                HAL_NVIC_EnableIRQ
 .text.HAL_SYSTICK_Config
                0x0000000008001ab2       0x18 Drivers/STM32L5xx_HAL_Driver/Src/stm32l5xx_hal_cortex.o
                0x0000000008001ab2                HAL_SYSTICK_Config
 *fill*         0x0000000008001aca        0x2 
 .text.HAL_DMA_Init
                0x0000000008001acc      0x150 Drivers/STM32L5xx_HAL_Driver/Src/stm32l5xx_hal_dma.o
                0x0000000008001acc                HAL_DMA_Init
 .text.HAL_DMA_Start_IT
                0x0000000008001c1c       0xf6 Drivers/STM32L5xx_HAL_Driver/Src/stm32l5xx_hal_dma.o
                0x0000000008001c1c                HAL_DMA_Start_IT
 .text.HAL_DMA_Abort_IT
                0x0000000008001d12       0xbe Drivers/STM32L5xx_HAL_Driver/Src/stm32l5xx_hal_dma.o
                0x0000000008001d12                HAL_DMA_Abort_IT
 .text.HAL_DMA_IRQHandler
                0x0000000008001dd0      0x200 Drivers/STM32L5xx_HAL_Driver/Src/stm32l5xx_hal_dma.o
                0x0000000008001dd0                HAL_DMA_IRQHandler
 .text.HAL_DMA_GetState
                0x0000000008001fd0       0x1c Drivers/STM32L5xx_HAL_Driver/Src/stm32l5xx_hal_dma.o
                0x0000000008001fd0                HAL_DMA_GetState
 .text.HAL_DMA_ConfigChannelAttributes
                0x0000000008001fec       0x60 Drivers/STM32L5xx_HAL_Driver/Src/stm32l5xx_hal_dma.o
                0x0000000008001fec                HAL_DMA_ConfigChannelAttributes
 .text.DMA_SetConfig
                0x000000000800204c       0x7c Drivers/STM32L5xx_HAL_Driver/Src/stm32l5xx_hal_dma.o
 .text.DMA_CalcDMAMUXChannelBaseAndMask
                0x00000000080020c8       0x7c Drivers/STM32L5xx_HAL_Driver/Src/stm32l5xx_hal_dma.o
 .text.DMA_CalcDMAMUXRequestGenBaseAndMask
                0x0000000008002144       0x48 Drivers/STM32L5xx_HAL_Driver/Src/stm32l5xx_hal_dma.o
 .text.HAL_GPIO_Init
                0x000000000800218c      0x300 Drivers/STM32L5xx_HAL_Driver/Src/stm32l5xx_hal_gpio.o
                0x000000000800218c                HAL_GPIO_Init
 .text.HAL_GPIO_WritePin
                0x000000000800248c       0x30 Drivers/STM32L5xx_HAL_Driver/Src/stm32l5xx_hal_gpio.o
                0x000000000800248c                HAL_GPIO_WritePin
 .text.HAL_GPIO_TogglePin
                0x00000000080024bc       0x32 Drivers/STM32L5xx_HAL_Driver/Src/stm32l5xx_hal_gpio.o
                0x00000000080024bc                HAL_GPIO_TogglePin
 .text.HAL_I2C_Init
                0x00000000080024ee      0x11e Drivers/STM32L5xx_HAL_Driver/Src/stm32l5xx_hal_i2c.o
                0x00000000080024ee                HAL_I2C_Init
 .text.HAL_I2C_Master_Transmit
                0x000000000800260c      0x1e8 Drivers/STM32L5xx_HAL_Driver/Src/stm32l5xx_hal_i2c.o
                0x000000000800260c                HAL_I2C_Master_Transmit
 .text.HAL_I2C_Master_Receive
                0x00000000080027f4      0x1ec Drivers/STM32L5xx_HAL_Driver/Src/stm32l5xx_hal_i2c.o
                0x00000000080027f4                HAL_I2C_Master_Receive
 .text.HAL_I2C_EV_IRQHandler
                0x00000000080029e0       0x34 Drivers/STM32L5xx_HAL_Driver/Src/stm32l5xx_hal_i2c.o
                0x00000000080029e0                HAL_I2C_EV_IRQHandler
 .text.HAL_I2C_ER_IRQHandler
                0x0000000008002a14       0xc2 Drivers/STM32L5xx_HAL_Driver/Src/stm32l5xx_hal_i2c.o
                0x0000000008002a14                HAL_I2C_ER_IRQHandler
 .text.HAL_I2C_SlaveTxCpltCallback
                0x0000000008002ad6       0x14 Drivers/STM32L5xx_HAL_Driver/Src/stm32l5xx_hal_i2c.o
                0x0000000008002ad6                HAL_I2C_SlaveTxCpltCallback
 .text.HAL_I2C_SlaveRxCpltCallback
                0x0000000008002aea       0x14 Drivers/STM32L5xx_HAL_Driver/Src/stm32l5xx_hal_i2c.o
                0x0000000008002aea                HAL_I2C_SlaveRxCpltCallback
 .text.HAL_I2C_AddrCallback
                0x0000000008002afe       0x1c Drivers/STM32L5xx_HAL_Driver/Src/stm32l5xx_hal_i2c.o
                0x0000000008002afe                HAL_I2C_AddrCallback
 .text.HAL_I2C_ListenCpltCallback
                0x0000000008002b1a       0x14 Drivers/STM32L5xx_HAL_Driver/Src/stm32l5xx_hal_i2c.o
                0x0000000008002b1a                HAL_I2C_ListenCpltCallback
 .text.HAL_I2C_ErrorCallback
                0x0000000008002b2e       0x14 Drivers/STM32L5xx_HAL_Driver/Src/stm32l5xx_hal_i2c.o
                0x0000000008002b2e                HAL_I2C_ErrorCallback
 .text.HAL_I2C_AbortCpltCallback
                0x0000000008002b42       0x14 Drivers/STM32L5xx_HAL_Driver/Src/stm32l5xx_hal_i2c.o
                0x0000000008002b42                HAL_I2C_AbortCpltCallback
 .text.HAL_I2C_GetError
                0x0000000008002b56       0x18 Drivers/STM32L5xx_HAL_Driver/Src/stm32l5xx_hal_i2c.o
                0x0000000008002b56                HAL_I2C_GetError
 .text.I2C_Slave_ISR_IT
                0x0000000008002b6e      0x206 Drivers/STM32L5xx_HAL_Driver/Src/stm32l5xx_hal_i2c.o
 .text.I2C_ITAddrCplt
                0x0000000008002d74      0x108 Drivers/STM32L5xx_HAL_Driver/Src/stm32l5xx_hal_i2c.o
 .text.I2C_ITSlaveSeqCplt
                0x0000000008002e7c       0xbc Drivers/STM32L5xx_HAL_Driver/Src/stm32l5xx_hal_i2c.o
 .text.I2C_ITSlaveCplt
                0x0000000008002f38      0x214 Drivers/STM32L5xx_HAL_Driver/Src/stm32l5xx_hal_i2c.o
 .text.I2C_ITListenCplt
                0x000000000800314c       0xac Drivers/STM32L5xx_HAL_Driver/Src/stm32l5xx_hal_i2c.o
 .text.I2C_ITError
                0x00000000080031f8      0x1a0 Drivers/STM32L5xx_HAL_Driver/Src/stm32l5xx_hal_i2c.o
 .text.I2C_TreatErrorCallback
                0x0000000008003398       0x4e Drivers/STM32L5xx_HAL_Driver/Src/stm32l5xx_hal_i2c.o
 .text.I2C_Flush_TXDR
                0x00000000080033e6       0x48 Drivers/STM32L5xx_HAL_Driver/Src/stm32l5xx_hal_i2c.o
 .text.I2C_DMAAbort
                0x000000000800342e       0x3c Drivers/STM32L5xx_HAL_Driver/Src/stm32l5xx_hal_i2c.o
 .text.I2C_WaitOnFlagUntilTimeout
                0x000000000800346a       0x80 Drivers/STM32L5xx_HAL_Driver/Src/stm32l5xx_hal_i2c.o
 .text.I2C_WaitOnTXISFlagUntilTimeout
                0x00000000080034ea       0x80 Drivers/STM32L5xx_HAL_Driver/Src/stm32l5xx_hal_i2c.o
 .text.I2C_WaitOnSTOPFlagUntilTimeout
                0x000000000800356a       0x78 Drivers/STM32L5xx_HAL_Driver/Src/stm32l5xx_hal_i2c.o
 *fill*         0x00000000080035e2        0x2 
 .text.I2C_WaitOnRXNEFlagUntilTimeout
                0x00000000080035e4       0xd8 Drivers/STM32L5xx_HAL_Driver/Src/stm32l5xx_hal_i2c.o
 .text.I2C_IsAcknowledgeFailed
                0x00000000080036bc       0xcc Drivers/STM32L5xx_HAL_Driver/Src/stm32l5xx_hal_i2c.o
 .text.I2C_TransferConfig
                0x0000000008003788       0x5c Drivers/STM32L5xx_HAL_Driver/Src/stm32l5xx_hal_i2c.o
 .text.I2C_Disable_IRQ
                0x00000000080037e4       0xbc Drivers/STM32L5xx_HAL_Driver/Src/stm32l5xx_hal_i2c.o
 .text.HAL_I2CEx_ConfigAnalogFilter
                0x00000000080038a0       0x96 Drivers/STM32L5xx_HAL_Driver/Src/stm32l5xx_hal_i2c_ex.o
                0x00000000080038a0                HAL_I2CEx_ConfigAnalogFilter
 .text.HAL_I2CEx_ConfigDigitalFilter
                0x0000000008003936       0x98 Drivers/STM32L5xx_HAL_Driver/Src/stm32l5xx_hal_i2c_ex.o
                0x0000000008003936                HAL_I2CEx_ConfigDigitalFilter
 *fill*         0x00000000080039ce        0x2 
 .text.HAL_PWREx_GetVoltageRange
                0x00000000080039d0       0x1c Drivers/STM32L5xx_HAL_Driver/Src/stm32l5xx_hal_pwr_ex.o
                0x00000000080039d0                HAL_PWREx_GetVoltageRange
 .text.HAL_PWREx_ControlVoltageScaling
                0x00000000080039ec       0xb8 Drivers/STM32L5xx_HAL_Driver/Src/stm32l5xx_hal_pwr_ex.o
                0x00000000080039ec                HAL_PWREx_ControlVoltageScaling
 .text.HAL_PWREx_EnableVddIO2
                0x0000000008003aa4       0x20 Drivers/STM32L5xx_HAL_Driver/Src/stm32l5xx_hal_pwr_ex.o
                0x0000000008003aa4                HAL_PWREx_EnableVddIO2
 .text.HAL_PWREx_DisableUCPDDeadBattery
                0x0000000008003ac4       0x20 Drivers/STM32L5xx_HAL_Driver/Src/stm32l5xx_hal_pwr_ex.o
                0x0000000008003ac4                HAL_PWREx_DisableUCPDDeadBattery
 .text.HAL_PWREx_SMPS_GetEffectiveMode
                0x0000000008003ae4       0x48 Drivers/STM32L5xx_HAL_Driver/Src/stm32l5xx_hal_pwr_ex.o
                0x0000000008003ae4                HAL_PWREx_SMPS_GetEffectiveMode
 .text.HAL_RCC_OscConfig
                0x0000000008003b2c      0x8d8 Drivers/STM32L5xx_HAL_Driver/Src/stm32l5xx_hal_rcc.o
                0x0000000008003b2c                HAL_RCC_OscConfig
 .text.HAL_RCC_ClockConfig
                0x0000000008004404      0x250 Drivers/STM32L5xx_HAL_Driver/Src/stm32l5xx_hal_rcc.o
                0x0000000008004404                HAL_RCC_ClockConfig
 .text.HAL_RCC_GetSysClockFreq
                0x0000000008004654      0x138 Drivers/STM32L5xx_HAL_Driver/Src/stm32l5xx_hal_rcc.o
                0x0000000008004654                HAL_RCC_GetSysClockFreq
 .text.HAL_RCC_GetHCLKFreq
                0x000000000800478c       0x14 Drivers/STM32L5xx_HAL_Driver/Src/stm32l5xx_hal_rcc.o
                0x000000000800478c                HAL_RCC_GetHCLKFreq
 .text.HAL_RCC_GetPCLK1Freq
                0x00000000080047a0       0x28 Drivers/STM32L5xx_HAL_Driver/Src/stm32l5xx_hal_rcc.o
                0x00000000080047a0                HAL_RCC_GetPCLK1Freq
 .text.HAL_RCC_GetPCLK2Freq
                0x00000000080047c8       0x28 Drivers/STM32L5xx_HAL_Driver/Src/stm32l5xx_hal_rcc.o
                0x00000000080047c8                HAL_RCC_GetPCLK2Freq
 .text.RCC_SetFlashLatencyFromMSIRange
                0x00000000080047f0       0xc8 Drivers/STM32L5xx_HAL_Driver/Src/stm32l5xx_hal_rcc.o
 .text.RCC_GetSysClockFreqFromPLLSource
                0x00000000080048b8       0xf4 Drivers/STM32L5xx_HAL_Driver/Src/stm32l5xx_hal_rcc.o
 .text.HAL_RCCEx_PeriphCLKConfig
                0x00000000080049ac      0x6d4 Drivers/STM32L5xx_HAL_Driver/Src/stm32l5xx_hal_rcc_ex.o
                0x00000000080049ac                HAL_RCCEx_PeriphCLKConfig
 .text.RCCEx_PLLSAI1_Config
                0x0000000008005080      0x1a4 Drivers/STM32L5xx_HAL_Driver/Src/stm32l5xx_hal_rcc_ex.o
 .text.RCCEx_PLLSAI2_Config
                0x0000000008005224      0x130 Drivers/STM32L5xx_HAL_Driver/Src/stm32l5xx_hal_rcc_ex.o
 .text.HAL_SPI_Init
                0x0000000008005354      0x114 Drivers/STM32L5xx_HAL_Driver/Src/stm32l5xx_hal_spi.o
                0x0000000008005354                HAL_SPI_Init
 .text.HAL_SPI_Transmit
                0x0000000008005468      0x2cc Drivers/STM32L5xx_HAL_Driver/Src/stm32l5xx_hal_spi.o
                0x0000000008005468                HAL_SPI_Transmit
 .text.HAL_SPI_Transmit_DMA
                0x0000000008005734      0x1d8 Drivers/STM32L5xx_HAL_Driver/Src/stm32l5xx_hal_spi.o
                0x0000000008005734                HAL_SPI_Transmit_DMA
 .text.HAL_SPI_TxHalfCpltCallback
                0x000000000800590c       0x14 Drivers/STM32L5xx_HAL_Driver/Src/stm32l5xx_hal_spi.o
                0x000000000800590c                HAL_SPI_TxHalfCpltCallback
 .text.HAL_SPI_ErrorCallback
                0x0000000008005920       0x14 Drivers/STM32L5xx_HAL_Driver/Src/stm32l5xx_hal_spi.o
                0x0000000008005920                HAL_SPI_ErrorCallback
 .text.SPI_DMATransmitCplt
                0x0000000008005934       0xa6 Drivers/STM32L5xx_HAL_Driver/Src/stm32l5xx_hal_spi.o
 .text.SPI_DMAHalfTransmitCplt
                0x00000000080059da       0x1c Drivers/STM32L5xx_HAL_Driver/Src/stm32l5xx_hal_spi.o
 .text.SPI_DMAError
                0x00000000080059f6       0x40 Drivers/STM32L5xx_HAL_Driver/Src/stm32l5xx_hal_spi.o
 .text.SPI_WaitFlagStateUntilTimeout
                0x0000000008005a36       0xd4 Drivers/STM32L5xx_HAL_Driver/Src/stm32l5xx_hal_spi.o
 .text.SPI_WaitFifoStateUntilTimeout
                0x0000000008005b0a       0xda Drivers/STM32L5xx_HAL_Driver/Src/stm32l5xx_hal_spi.o
 .text.SPI_EndRxTxTransaction
                0x0000000008005be4       0x8c Drivers/STM32L5xx_HAL_Driver/Src/stm32l5xx_hal_spi.o
 .text.HAL_UART_Init
                0x0000000008005c70       0xa0 Drivers/STM32L5xx_HAL_Driver/Src/stm32l5xx_hal_uart.o
                0x0000000008005c70                HAL_UART_Init
 .text.HAL_UART_Transmit
                0x0000000008005d10      0x12c Drivers/STM32L5xx_HAL_Driver/Src/stm32l5xx_hal_uart.o
                0x0000000008005d10                HAL_UART_Transmit
 *fill*         0x0000000008005e3c        0x4 
 .text.UART_SetConfig
                0x0000000008005e40     0x15bc Drivers/STM32L5xx_HAL_Driver/Src/stm32l5xx_hal_uart.o
                0x0000000008005e40                UART_SetConfig
 .text.UART_AdvFeatureConfig
                0x00000000080073fc      0x144 Drivers/STM32L5xx_HAL_Driver/Src/stm32l5xx_hal_uart.o
                0x00000000080073fc                UART_AdvFeatureConfig
 .text.UART_CheckIdleState
                0x0000000008007540       0x90 Drivers/STM32L5xx_HAL_Driver/Src/stm32l5xx_hal_uart.o
                0x0000000008007540                UART_CheckIdleState
 .text.UART_WaitOnFlagUntilTimeout
                0x00000000080075d0      0x100 Drivers/STM32L5xx_HAL_Driver/Src/stm32l5xx_hal_uart.o
                0x00000000080075d0                UART_WaitOnFlagUntilTimeout
 .text.HAL_UARTEx_DisableFifoMode
                0x00000000080076d0       0x72 Drivers/STM32L5xx_HAL_Driver/Src/stm32l5xx_hal_uart_ex.o
                0x00000000080076d0                HAL_UARTEx_DisableFifoMode
 .text.HAL_UARTEx_SetTxFifoThreshold
                0x0000000008007742       0x7c Drivers/STM32L5xx_HAL_Driver/Src/stm32l5xx_hal_uart_ex.o
                0x0000000008007742                HAL_UARTEx_SetTxFifoThreshold
 .text.HAL_UARTEx_SetRxFifoThreshold
                0x00000000080077be       0x7c Drivers/STM32L5xx_HAL_Driver/Src/stm32l5xx_hal_uart_ex.o
                0x00000000080077be                HAL_UARTEx_SetRxFifoThreshold
 *fill*         0x000000000800783a        0x2 
 .text.UARTEx_SetNbDataToProcess
                0x000000000800783c       0xd0 Drivers/STM32L5xx_HAL_Driver/Src/stm32l5xx_hal_uart_ex.o
 .text.__errno  0x000000000800790c        0xc c:/st/stm32cubeide_1.3.0/stm32cubeide/plugins/com.st.stm32cube.ide.mcu.externaltools.gnu-tools-for-stm32.7-2018-q2-update.win32_1.0.0.201904181610/tools/bin/../lib/gcc/arm-none-eabi/7.3.1/../../../../arm-none-eabi/lib/thumb/v8-m.main/fpv5-sp/hard\libc_nano.a(lib_a-errno.o)
                0x000000000800790c                __errno
 .text.__libc_init_array
                0x0000000008007918       0x48 c:/st/stm32cubeide_1.3.0/stm32cubeide/plugins/com.st.stm32cube.ide.mcu.externaltools.gnu-tools-for-stm32.7-2018-q2-update.win32_1.0.0.201904181610/tools/bin/../lib/gcc/arm-none-eabi/7.3.1/../../../../arm-none-eabi/lib/thumb/v8-m.main/fpv5-sp/hard\libc_nano.a(lib_a-init.o)
                0x0000000008007918                __libc_init_array
 .text.memset   0x0000000008007960       0x10 c:/st/stm32cubeide_1.3.0/stm32cubeide/plugins/com.st.stm32cube.ide.mcu.externaltools.gnu-tools-for-stm32.7-2018-q2-update.win32_1.0.0.201904181610/tools/bin/../lib/gcc/arm-none-eabi/7.3.1/../../../../arm-none-eabi/lib/thumb/v8-m.main/fpv5-sp/hard\libc_nano.a(lib_a-memset.o)
                0x0000000008007960                memset
 .text.sprintf  0x0000000008007970       0x40 c:/st/stm32cubeide_1.3.0/stm32cubeide/plugins/com.st.stm32cube.ide.mcu.externaltools.gnu-tools-for-stm32.7-2018-q2-update.win32_1.0.0.201904181610/tools/bin/../lib/gcc/arm-none-eabi/7.3.1/../../../../arm-none-eabi/lib/thumb/v8-m.main/fpv5-sp/hard\libc_nano.a(lib_a-sprintf.o)
                0x0000000008007970                siprintf
                0x0000000008007970                sprintf
 .text.__ssputs_r
                0x00000000080079b0       0xb4 c:/st/stm32cubeide_1.3.0/stm32cubeide/plugins/com.st.stm32cube.ide.mcu.externaltools.gnu-tools-for-stm32.7-2018-q2-update.win32_1.0.0.201904181610/tools/bin/../lib/gcc/arm-none-eabi/7.3.1/../../../../arm-none-eabi/lib/thumb/v8-m.main/fpv5-sp/hard\libc_nano.a(lib_a-nano-svfprintf.o)
                0x00000000080079b0                __ssputs_r
 .text._svfprintf_r
                0x0000000008007a64      0x1f0 c:/st/stm32cubeide_1.3.0/stm32cubeide/plugins/com.st.stm32cube.ide.mcu.externaltools.gnu-tools-for-stm32.7-2018-q2-update.win32_1.0.0.201904181610/tools/bin/../lib/gcc/arm-none-eabi/7.3.1/../../../../arm-none-eabi/lib/thumb/v8-m.main/fpv5-sp/hard\libc_nano.a(lib_a-nano-svfprintf.o)
                0x0000000008007a64                _svfiprintf_r
                0x0000000008007a64                _svfprintf_r
 .text._printf_common
                0x0000000008007c54       0xf0 c:/st/stm32cubeide_1.3.0/stm32cubeide/plugins/com.st.stm32cube.ide.mcu.externaltools.gnu-tools-for-stm32.7-2018-q2-update.win32_1.0.0.201904181610/tools/bin/../lib/gcc/arm-none-eabi/7.3.1/../../../../arm-none-eabi/lib/thumb/v8-m.main/fpv5-sp/hard\libc_nano.a(lib_a-nano-vfprintf_i.o)
                0x0000000008007c54                _printf_common
 .text._printf_i
                0x0000000008007d44      0x224 c:/st/stm32cubeide_1.3.0/stm32cubeide/plugins/com.st.stm32cube.ide.mcu.externaltools.gnu-tools-for-stm32.7-2018-q2-update.win32_1.0.0.201904181610/tools/bin/../lib/gcc/arm-none-eabi/7.3.1/../../../../arm-none-eabi/lib/thumb/v8-m.main/fpv5-sp/hard\libc_nano.a(lib_a-nano-vfprintf_i.o)
                0x0000000008007d44                _printf_i
 .text.memchr   0x0000000008007f68       0x1c c:/st/stm32cubeide_1.3.0/stm32cubeide/plugins/com.st.stm32cube.ide.mcu.externaltools.gnu-tools-for-stm32.7-2018-q2-update.win32_1.0.0.201904181610/tools/bin/../lib/gcc/arm-none-eabi/7.3.1/../../../../arm-none-eabi/lib/thumb/v8-m.main/fpv5-sp/hard\libc_nano.a(lib_a-memchr-stub.o)
                0x0000000008007f68                memchr
 .text.memcpy   0x0000000008007f84       0x16 c:/st/stm32cubeide_1.3.0/stm32cubeide/plugins/com.st.stm32cube.ide.mcu.externaltools.gnu-tools-for-stm32.7-2018-q2-update.win32_1.0.0.201904181610/tools/bin/../lib/gcc/arm-none-eabi/7.3.1/../../../../arm-none-eabi/lib/thumb/v8-m.main/fpv5-sp/hard\libc_nano.a(lib_a-memcpy-stub.o)
                0x0000000008007f84                memcpy
 .text.memmove  0x0000000008007f9a       0x32 c:/st/stm32cubeide_1.3.0/stm32cubeide/plugins/com.st.stm32cube.ide.mcu.externaltools.gnu-tools-for-stm32.7-2018-q2-update.win32_1.0.0.201904181610/tools/bin/../lib/gcc/arm-none-eabi/7.3.1/../../../../arm-none-eabi/lib/thumb/v8-m.main/fpv5-sp/hard\libc_nano.a(lib_a-memmove.o)
                0x0000000008007f9a                memmove
 .text._free_r  0x0000000008007fcc       0x9c c:/st/stm32cubeide_1.3.0/stm32cubeide/plugins/com.st.stm32cube.ide.mcu.externaltools.gnu-tools-for-stm32.7-2018-q2-update.win32_1.0.0.201904181610/tools/bin/../lib/gcc/arm-none-eabi/7.3.1/../../../../arm-none-eabi/lib/thumb/v8-m.main/fpv5-sp/hard\libc_nano.a(lib_a-nano-freer.o)
                0x0000000008007fcc                _free_r
 .text._malloc_r
                0x0000000008008068       0xb4 c:/st/stm32cubeide_1.3.0/stm32cubeide/plugins/com.st.stm32cube.ide.mcu.externaltools.gnu-tools-for-stm32.7-2018-q2-update.win32_1.0.0.201904181610/tools/bin/../lib/gcc/arm-none-eabi/7.3.1/../../../../arm-none-eabi/lib/thumb/v8-m.main/fpv5-sp/hard\libc_nano.a(lib_a-nano-mallocr.o)
                0x0000000008008068                _malloc_r
 .text._realloc_r
                0x000000000800811c       0x4c c:/st/stm32cubeide_1.3.0/stm32cubeide/plugins/com.st.stm32cube.ide.mcu.externaltools.gnu-tools-for-stm32.7-2018-q2-update.win32_1.0.0.201904181610/tools/bin/../lib/gcc/arm-none-eabi/7.3.1/../../../../arm-none-eabi/lib/thumb/v8-m.main/fpv5-sp/hard\libc_nano.a(lib_a-nano-reallocr.o)
                0x000000000800811c                _realloc_r
 .text._sbrk_r  0x0000000008008168       0x20 c:/st/stm32cubeide_1.3.0/stm32cubeide/plugins/com.st.stm32cube.ide.mcu.externaltools.gnu-tools-for-stm32.7-2018-q2-update.win32_1.0.0.201904181610/tools/bin/../lib/gcc/arm-none-eabi/7.3.1/../../../../arm-none-eabi/lib/thumb/v8-m.main/fpv5-sp/hard\libc_nano.a(lib_a-sbrkr.o)
                0x0000000008008168                _sbrk_r
 .text.__malloc_lock
                0x0000000008008188        0x2 c:/st/stm32cubeide_1.3.0/stm32cubeide/plugins/com.st.stm32cube.ide.mcu.externaltools.gnu-tools-for-stm32.7-2018-q2-update.win32_1.0.0.201904181610/tools/bin/../lib/gcc/arm-none-eabi/7.3.1/../../../../arm-none-eabi/lib/thumb/v8-m.main/fpv5-sp/hard\libc_nano.a(lib_a-mlock.o)
                0x0000000008008188                __malloc_lock
 .text.__malloc_unlock
                0x000000000800818a        0x2 c:/st/stm32cubeide_1.3.0/stm32cubeide/plugins/com.st.stm32cube.ide.mcu.externaltools.gnu-tools-for-stm32.7-2018-q2-update.win32_1.0.0.201904181610/tools/bin/../lib/gcc/arm-none-eabi/7.3.1/../../../../arm-none-eabi/lib/thumb/v8-m.main/fpv5-sp/hard\libc_nano.a(lib_a-mlock.o)
                0x000000000800818a                __malloc_unlock
 .text._malloc_usable_size_r
                0x000000000800818c       0x10 c:/st/stm32cubeide_1.3.0/stm32cubeide/plugins/com.st.stm32cube.ide.mcu.externaltools.gnu-tools-for-stm32.7-2018-q2-update.win32_1.0.0.201904181610/tools/bin/../lib/gcc/arm-none-eabi/7.3.1/../../../../arm-none-eabi/lib/thumb/v8-m.main/fpv5-sp/hard\libc_nano.a(lib_a-nano-msizer.o)
                0x000000000800818c                _malloc_usable_size_r
 *(.glue_7)
 .glue_7        0x000000000800819c        0x0 linker stubs
 *(.glue_7t)
 .glue_7t       0x000000000800819c        0x0 linker stubs
 *(.eh_frame)
 .eh_frame      0x000000000800819c        0x0 c:/st/stm32cubeide_1.3.0/stm32cubeide/plugins/com.st.stm32cube.ide.mcu.externaltools.gnu-tools-for-stm32.7-2018-q2-update.win32_1.0.0.201904181610/tools/bin/../lib/gcc/arm-none-eabi/7.3.1/thumb/v8-m.main/fpv5-sp/hard/crtbegin.o
 *(.init)
 .init          0x000000000800819c        0x4 c:/st/stm32cubeide_1.3.0/stm32cubeide/plugins/com.st.stm32cube.ide.mcu.externaltools.gnu-tools-for-stm32.7-2018-q2-update.win32_1.0.0.201904181610/tools/bin/../lib/gcc/arm-none-eabi/7.3.1/thumb/v8-m.main/fpv5-sp/hard/crti.o
                0x000000000800819c                _init
 .init          0x00000000080081a0        0x8 c:/st/stm32cubeide_1.3.0/stm32cubeide/plugins/com.st.stm32cube.ide.mcu.externaltools.gnu-tools-for-stm32.7-2018-q2-update.win32_1.0.0.201904181610/tools/bin/../lib/gcc/arm-none-eabi/7.3.1/thumb/v8-m.main/fpv5-sp/hard/crtn.o
 *(.fini)
 .fini          0x00000000080081a8        0x4 c:/st/stm32cubeide_1.3.0/stm32cubeide/plugins/com.st.stm32cube.ide.mcu.externaltools.gnu-tools-for-stm32.7-2018-q2-update.win32_1.0.0.201904181610/tools/bin/../lib/gcc/arm-none-eabi/7.3.1/thumb/v8-m.main/fpv5-sp/hard/crti.o
                0x00000000080081a8                _fini
 .fini          0x00000000080081ac        0x8 c:/st/stm32cubeide_1.3.0/stm32cubeide/plugins/com.st.stm32cube.ide.mcu.externaltools.gnu-tools-for-stm32.7-2018-q2-update.win32_1.0.0.201904181610/tools/bin/../lib/gcc/arm-none-eabi/7.3.1/thumb/v8-m.main/fpv5-sp/hard/crtn.o
                0x00000000080081b8                . = ALIGN (0x8)
 *fill*         0x00000000080081b4        0x4 
                0x00000000080081b8                _etext = .

.vfp11_veneer   0x00000000080081b8        0x0
 .vfp11_veneer  0x00000000080081b8        0x0 linker stubs

.v4_bx          0x00000000080081b8        0x0
 .v4_bx         0x00000000080081b8        0x0 linker stubs

.iplt           0x00000000080081b8        0x0
 .iplt          0x00000000080081b8        0x0 c:/st/stm32cubeide_1.3.0/stm32cubeide/plugins/com.st.stm32cube.ide.mcu.externaltools.gnu-tools-for-stm32.7-2018-q2-update.win32_1.0.0.201904181610/tools/bin/../lib/gcc/arm-none-eabi/7.3.1/thumb/v8-m.main/fpv5-sp/hard/crtbegin.o

.rodata         0x00000000080081b8      0x1e0
                0x00000000080081b8                . = ALIGN (0x8)
 *(.rodata)
 .rodata        0x00000000080081b8      0x13e Core/Src/main.o
 *fill*         0x00000000080082f6        0x2 
 .rodata        0x00000000080082f8       0x10 Drivers/STM32L5xx_HAL_Driver/Src/stm32l5xx_hal_uart_ex.o
 *(.rodata*)
 .rodata.AHBPrescTable
                0x0000000008008308       0x10 Core/Src/system_stm32l5xx.o
                0x0000000008008308                AHBPrescTable
 .rodata.APBPrescTable
                0x0000000008008318        0x8 Core/Src/system_stm32l5xx.o
                0x0000000008008318                APBPrescTable
 .rodata.MSIRangeTable
                0x0000000008008320       0x40 Core/Src/system_stm32l5xx.o
                0x0000000008008320                MSIRangeTable
 .rodata._svfprintf_r.str1.1
                0x0000000008008360       0x11 c:/st/stm32cubeide_1.3.0/stm32cubeide/plugins/com.st.stm32cube.ide.mcu.externaltools.gnu-tools-for-stm32.7-2018-q2-update.win32_1.0.0.201904181610/tools/bin/../lib/gcc/arm-none-eabi/7.3.1/../../../../arm-none-eabi/lib/thumb/v8-m.main/fpv5-sp/hard\libc_nano.a(lib_a-nano-svfprintf.o)
 .rodata._printf_i.str1.1
                0x0000000008008371       0x22 c:/st/stm32cubeide_1.3.0/stm32cubeide/plugins/com.st.stm32cube.ide.mcu.externaltools.gnu-tools-for-stm32.7-2018-q2-update.win32_1.0.0.201904181610/tools/bin/../lib/gcc/arm-none-eabi/7.3.1/../../../../arm-none-eabi/lib/thumb/v8-m.main/fpv5-sp/hard\libc_nano.a(lib_a-nano-vfprintf_i.o)
                0x0000000008008398                . = ALIGN (0x8)
 *fill*         0x0000000008008393        0x5 

.ARM.extab      0x0000000008008398        0x0
                0x0000000008008398                . = ALIGN (0x8)
 *(.ARM.extab* .gnu.linkonce.armextab.*)
                0x0000000008008398                . = ALIGN (0x8)

.ARM            0x0000000008008398        0x8
                0x0000000008008398                . = ALIGN (0x8)
                0x0000000008008398                __exidx_start = .
 *(.ARM.exidx*)
 .ARM.exidx     0x0000000008008398        0x8 c:/st/stm32cubeide_1.3.0/stm32cubeide/plugins/com.st.stm32cube.ide.mcu.externaltools.gnu-tools-for-stm32.7-2018-q2-update.win32_1.0.0.201904181610/tools/bin/../lib/gcc/arm-none-eabi/7.3.1/thumb/v8-m.main/fpv5-sp/hard\libgcc.a(_udivmoddi4.o)
                0x00000000080083a0                __exidx_end = .
                0x00000000080083a0                . = ALIGN (0x8)

.rel.dyn        0x00000000080083a0        0x0
 .rel.iplt      0x00000000080083a0        0x0 c:/st/stm32cubeide_1.3.0/stm32cubeide/plugins/com.st.stm32cube.ide.mcu.externaltools.gnu-tools-for-stm32.7-2018-q2-update.win32_1.0.0.201904181610/tools/bin/../lib/gcc/arm-none-eabi/7.3.1/thumb/v8-m.main/fpv5-sp/hard/crtbegin.o

.preinit_array  0x00000000080083a0        0x0
                0x00000000080083a0                . = ALIGN (0x8)
                0x00000000080083a0                PROVIDE (__preinit_array_start = .)
 *(.preinit_array*)
                0x00000000080083a0                PROVIDE (__preinit_array_end = .)
                0x00000000080083a0                . = ALIGN (0x8)

.init_array     0x00000000080083a0        0x8
                0x00000000080083a0                . = ALIGN (0x8)
                0x00000000080083a0                PROVIDE (__init_array_start = .)
 *(SORT_BY_NAME(.init_array.*))
 *(.init_array*)
 .init_array    0x00000000080083a0        0x4 c:/st/stm32cubeide_1.3.0/stm32cubeide/plugins/com.st.stm32cube.ide.mcu.externaltools.gnu-tools-for-stm32.7-2018-q2-update.win32_1.0.0.201904181610/tools/bin/../lib/gcc/arm-none-eabi/7.3.1/thumb/v8-m.main/fpv5-sp/hard/crtbegin.o
                0x00000000080083a4                PROVIDE (__init_array_end = .)
                0x00000000080083a8                . = ALIGN (0x8)
 *fill*         0x00000000080083a4        0x4 

.fini_array     0x00000000080083a8        0x8
                0x00000000080083a8                . = ALIGN (0x8)
                [!provide]                        PROVIDE (__fini_array_start = .)
 *(SORT_BY_NAME(.fini_array.*))
 *(.fini_array*)
 .fini_array    0x00000000080083a8        0x4 c:/st/stm32cubeide_1.3.0/stm32cubeide/plugins/com.st.stm32cube.ide.mcu.externaltools.gnu-tools-for-stm32.7-2018-q2-update.win32_1.0.0.201904181610/tools/bin/../lib/gcc/arm-none-eabi/7.3.1/thumb/v8-m.main/fpv5-sp/hard/crtbegin.o
                [!provide]                        PROVIDE (__fini_array_end = .)
                0x00000000080083b0                . = ALIGN (0x8)
 *fill*         0x00000000080083ac        0x4 
                0x00000000080083b0                _sidata = LOADADDR (.data)

.data           0x0000000020000000       0x70 load address 0x00000000080083b0
                0x0000000020000000                . = ALIGN (0x8)
                0x0000000020000000                _sdata = .
 *(.data)
 *(.data*)
 .data.SystemCoreClock
                0x0000000020000000        0x4 Core/Src/system_stm32l5xx.o
                0x0000000020000000                SystemCoreClock
 .data.uwTickPrio
                0x0000000020000004        0x4 Drivers/STM32L5xx_HAL_Driver/Src/stm32l5xx_hal.o
                0x0000000020000004                uwTickPrio
 .data.uwTickFreq
                0x0000000020000008        0x4 Drivers/STM32L5xx_HAL_Driver/Src/stm32l5xx_hal.o
                0x0000000020000008                uwTickFreq
 .data._impure_ptr
                0x000000002000000c        0x4 c:/st/stm32cubeide_1.3.0/stm32cubeide/plugins/com.st.stm32cube.ide.mcu.externaltools.gnu-tools-for-stm32.7-2018-q2-update.win32_1.0.0.201904181610/tools/bin/../lib/gcc/arm-none-eabi/7.3.1/../../../../arm-none-eabi/lib/thumb/v8-m.main/fpv5-sp/hard\libc_nano.a(lib_a-impure.o)
                0x000000002000000c                _impure_ptr
 .data.impure_data
                0x0000000020000010       0x60 c:/st/stm32cubeide_1.3.0/stm32cubeide/plugins/com.st.stm32cube.ide.mcu.externaltools.gnu-tools-for-stm32.7-2018-q2-update.win32_1.0.0.201904181610/tools/bin/../lib/gcc/arm-none-eabi/7.3.1/../../../../arm-none-eabi/lib/thumb/v8-m.main/fpv5-sp/hard\libc_nano.a(lib_a-impure.o)
                0x0000000020000070                . = ALIGN (0x8)
                0x0000000020000070                _edata = .

.igot.plt       0x0000000020000070        0x0 load address 0x0000000008008420
 .igot.plt      0x0000000020000070        0x0 c:/st/stm32cubeide_1.3.0/stm32cubeide/plugins/com.st.stm32cube.ide.mcu.externaltools.gnu-tools-for-stm32.7-2018-q2-update.win32_1.0.0.201904181610/tools/bin/../lib/gcc/arm-none-eabi/7.3.1/thumb/v8-m.main/fpv5-sp/hard/crtbegin.o
                0x0000000020000070                . = ALIGN (0x8)

.bss            0x0000000020000070    0x25a28 load address 0x0000000008008420
                0x0000000020000070                _sbss = .
                0x0000000020000070                __bss_start__ = _sbss
 *(.bss)
 .bss           0x0000000020000070       0x1c c:/st/stm32cubeide_1.3.0/stm32cubeide/plugins/com.st.stm32cube.ide.mcu.externaltools.gnu-tools-for-stm32.7-2018-q2-update.win32_1.0.0.201904181610/tools/bin/../lib/gcc/arm-none-eabi/7.3.1/thumb/v8-m.main/fpv5-sp/hard/crtbegin.o
 *(.bss*)
 .bss.vvram     0x000000002000008c    0x25800 Core/Src/gui.o
 .bss.Done      0x000000002002588c        0x1 Core/Src/gui.o
 *fill*         0x000000002002588d        0x1 
 .bss.buttonData
                0x000000002002588e        0x2 Core/Src/main.o
                0x000000002002588e                buttonData
 .bss.buff      0x0000000020025890       0x40 Core/Src/main.o
                0x0000000020025890                buff
 .bss.heap_end.6424
                0x00000000200258d0        0x4 Core/Src/sysmem.o
 .bss.__malloc_free_list
                0x00000000200258d4        0x4 c:/st/stm32cubeide_1.3.0/stm32cubeide/plugins/com.st.stm32cube.ide.mcu.externaltools.gnu-tools-for-stm32.7-2018-q2-update.win32_1.0.0.201904181610/tools/bin/../lib/gcc/arm-none-eabi/7.3.1/../../../../arm-none-eabi/lib/thumb/v8-m.main/fpv5-sp/hard\libc_nano.a(lib_a-nano-mallocr.o)
                0x00000000200258d4                __malloc_free_list
 .bss.__malloc_sbrk_start
                0x00000000200258d8        0x4 c:/st/stm32cubeide_1.3.0/stm32cubeide/plugins/com.st.stm32cube.ide.mcu.externaltools.gnu-tools-for-stm32.7-2018-q2-update.win32_1.0.0.201904181610/tools/bin/../lib/gcc/arm-none-eabi/7.3.1/../../../../arm-none-eabi/lib/thumb/v8-m.main/fpv5-sp/hard\libc_nano.a(lib_a-nano-mallocr.o)
                0x00000000200258d8                __malloc_sbrk_start
 *(COMMON)
 COMMON         0x00000000200258dc      0x1b0 Core/Src/main.o
                0x00000000200258dc                sensorStatus
                0x00000000200258e8                hi2c1
                0x0000000020025934                huart1
                0x00000000200259c0                hspi1
                0x0000000020025a24                hdma_spi1_tx
 COMMON         0x0000000020025a8c        0x4 Drivers/STM32L5xx_HAL_Driver/Src/stm32l5xx_hal.o
                0x0000000020025a8c                uwTick
 COMMON         0x0000000020025a90        0x4 c:/st/stm32cubeide_1.3.0/stm32cubeide/plugins/com.st.stm32cube.ide.mcu.externaltools.gnu-tools-for-stm32.7-2018-q2-update.win32_1.0.0.201904181610/tools/bin/../lib/gcc/arm-none-eabi/7.3.1/../../../../arm-none-eabi/lib/thumb/v8-m.main/fpv5-sp/hard\libc_nano.a(lib_a-reent.o)
                0x0000000020025a90                errno
                0x0000000020025a98                . = ALIGN (0x8)
 *fill*         0x0000000020025a94        0x4 
                0x0000000020025a98                _ebss = .
                0x0000000020025a98                __bss_end__ = _ebss

._user_heap_stack
                0x0000000020025a98      0x600 load address 0x0000000008008420
                0x0000000020025a98                . = ALIGN (0x8)
                0x0000000020025a98                PROVIDE (end = .)
                [!provide]                        PROVIDE (_end = .)
                0x0000000020025c98                . = (. + _Min_Heap_Size)
 *fill*         0x0000000020025a98      0x200 
                0x0000000020026098                . = (. + _Min_Stack_Size)
 *fill*         0x0000000020025c98      0x400 
                0x0000000020026098                . = ALIGN (0x8)

/DISCARD/
 libc.a(*)
 libm.a(*)
 libgcc.a(*)

.ARM.attributes
                0x0000000000000000       0x36
 *(.ARM.attributes)
 .ARM.attributes
                0x0000000000000000       0x26 c:/st/stm32cubeide_1.3.0/stm32cubeide/plugins/com.st.stm32cube.ide.mcu.externaltools.gnu-tools-for-stm32.7-2018-q2-update.win32_1.0.0.201904181610/tools/bin/../lib/gcc/arm-none-eabi/7.3.1/thumb/v8-m.main/fpv5-sp/hard/crti.o
 .ARM.attributes
                0x0000000000000026       0x38 c:/st/stm32cubeide_1.3.0/stm32cubeide/plugins/com.st.stm32cube.ide.mcu.externaltools.gnu-tools-for-stm32.7-2018-q2-update.win32_1.0.0.201904181610/tools/bin/../lib/gcc/arm-none-eabi/7.3.1/thumb/v8-m.main/fpv5-sp/hard/crtbegin.o
 .ARM.attributes
                0x000000000000005e       0x3c Core/Src/CY8CMBR3xxx_APIs.o
 .ARM.attributes
                0x000000000000009a       0x3c Core/Src/gui.o
 .ARM.attributes
                0x00000000000000d6       0x3c Core/Src/ili9341.o
 .ARM.attributes
                0x0000000000000112       0x3c Core/Src/main.o
 .ARM.attributes
                0x000000000000014e       0x3c Core/Src/stm32l5xx_hal_msp.o
 .ARM.attributes
                0x000000000000018a       0x3c Core/Src/stm32l5xx_it.o
 .ARM.attributes
                0x00000000000001c6       0x3c Core/Src/sysmem.o
 .ARM.attributes
                0x0000000000000202       0x3c Core/Src/system_stm32l5xx.o
 .ARM.attributes
                0x000000000000023e       0x24 Core/Startup/startup_stm32l562zetxq.o
 .ARM.attributes
                0x0000000000000262       0x3c Drivers/STM32L5xx_HAL_Driver/Src/stm32l5xx_hal.o
 .ARM.attributes
                0x000000000000029e       0x3c Drivers/STM32L5xx_HAL_Driver/Src/stm32l5xx_hal_cortex.o
 .ARM.attributes
                0x00000000000002da       0x3c Drivers/STM32L5xx_HAL_Driver/Src/stm32l5xx_hal_dma.o
 .ARM.attributes
                0x0000000000000316       0x3c Drivers/STM32L5xx_HAL_Driver/Src/stm32l5xx_hal_gpio.o
 .ARM.attributes
                0x0000000000000352       0x3c Drivers/STM32L5xx_HAL_Driver/Src/stm32l5xx_hal_i2c.o
 .ARM.attributes
                0x000000000000038e       0x3c Drivers/STM32L5xx_HAL_Driver/Src/stm32l5xx_hal_i2c_ex.o
 .ARM.attributes
                0x00000000000003ca       0x3c Drivers/STM32L5xx_HAL_Driver/Src/stm32l5xx_hal_pwr_ex.o
 .ARM.attributes
                0x0000000000000406       0x3c Drivers/STM32L5xx_HAL_Driver/Src/stm32l5xx_hal_rcc.o
 .ARM.attributes
                0x0000000000000442       0x3c Drivers/STM32L5xx_HAL_Driver/Src/stm32l5xx_hal_rcc_ex.o
 .ARM.attributes
                0x000000000000047e       0x3c Drivers/STM32L5xx_HAL_Driver/Src/stm32l5xx_hal_spi.o
 .ARM.attributes
                0x00000000000004ba       0x3c Drivers/STM32L5xx_HAL_Driver/Src/stm32l5xx_hal_uart.o
 .ARM.attributes
                0x00000000000004f6       0x3c Drivers/STM32L5xx_HAL_Driver/Src/stm32l5xx_hal_uart_ex.o
 .ARM.attributes
                0x0000000000000532       0x38 c:/st/stm32cubeide_1.3.0/stm32cubeide/plugins/com.st.stm32cube.ide.mcu.externaltools.gnu-tools-for-stm32.7-2018-q2-update.win32_1.0.0.201904181610/tools/bin/../lib/gcc/arm-none-eabi/7.3.1/../../../../arm-none-eabi/lib/thumb/v8-m.main/fpv5-sp/hard\libc_nano.a(lib_a-errno.o)
 .ARM.attributes
                0x000000000000056a       0x38 c:/st/stm32cubeide_1.3.0/stm32cubeide/plugins/com.st.stm32cube.ide.mcu.externaltools.gnu-tools-for-stm32.7-2018-q2-update.win32_1.0.0.201904181610/tools/bin/../lib/gcc/arm-none-eabi/7.3.1/../../../../arm-none-eabi/lib/thumb/v8-m.main/fpv5-sp/hard\libc_nano.a(lib_a-impure.o)
 .ARM.attributes
                0x00000000000005a2       0x38 c:/st/stm32cubeide_1.3.0/stm32cubeide/plugins/com.st.stm32cube.ide.mcu.externaltools.gnu-tools-for-stm32.7-2018-q2-update.win32_1.0.0.201904181610/tools/bin/../lib/gcc/arm-none-eabi/7.3.1/../../../../arm-none-eabi/lib/thumb/v8-m.main/fpv5-sp/hard\libc_nano.a(lib_a-init.o)
 .ARM.attributes
                0x00000000000005da       0x38 c:/st/stm32cubeide_1.3.0/stm32cubeide/plugins/com.st.stm32cube.ide.mcu.externaltools.gnu-tools-for-stm32.7-2018-q2-update.win32_1.0.0.201904181610/tools/bin/../lib/gcc/arm-none-eabi/7.3.1/../../../../arm-none-eabi/lib/thumb/v8-m.main/fpv5-sp/hard\libc_nano.a(lib_a-memset.o)
 .ARM.attributes
                0x0000000000000612       0x38 c:/st/stm32cubeide_1.3.0/stm32cubeide/plugins/com.st.stm32cube.ide.mcu.externaltools.gnu-tools-for-stm32.7-2018-q2-update.win32_1.0.0.201904181610/tools/bin/../lib/gcc/arm-none-eabi/7.3.1/../../../../arm-none-eabi/lib/thumb/v8-m.main/fpv5-sp/hard\libc_nano.a(lib_a-sprintf.o)
 .ARM.attributes
                0x000000000000064a       0x1b c:/st/stm32cubeide_1.3.0/stm32cubeide/plugins/com.st.stm32cube.ide.mcu.externaltools.gnu-tools-for-stm32.7-2018-q2-update.win32_1.0.0.201904181610/tools/bin/../lib/gcc/arm-none-eabi/7.3.1/../../../../arm-none-eabi/lib/thumb/v8-m.main/fpv5-sp/hard\libc_nano.a(lib_a-strlen.o)
 .ARM.attributes
                0x0000000000000665       0x38 c:/st/stm32cubeide_1.3.0/stm32cubeide/plugins/com.st.stm32cube.ide.mcu.externaltools.gnu-tools-for-stm32.7-2018-q2-update.win32_1.0.0.201904181610/tools/bin/../lib/gcc/arm-none-eabi/7.3.1/../../../../arm-none-eabi/lib/thumb/v8-m.main/fpv5-sp/hard\libc_nano.a(lib_a-nano-svfprintf.o)
 .ARM.attributes
                0x000000000000069d       0x38 c:/st/stm32cubeide_1.3.0/stm32cubeide/plugins/com.st.stm32cube.ide.mcu.externaltools.gnu-tools-for-stm32.7-2018-q2-update.win32_1.0.0.201904181610/tools/bin/../lib/gcc/arm-none-eabi/7.3.1/../../../../arm-none-eabi/lib/thumb/v8-m.main/fpv5-sp/hard\libc_nano.a(lib_a-nano-vfprintf_i.o)
 .ARM.attributes
                0x00000000000006d5       0x38 c:/st/stm32cubeide_1.3.0/stm32cubeide/plugins/com.st.stm32cube.ide.mcu.externaltools.gnu-tools-for-stm32.7-2018-q2-update.win32_1.0.0.201904181610/tools/bin/../lib/gcc/arm-none-eabi/7.3.1/../../../../arm-none-eabi/lib/thumb/v8-m.main/fpv5-sp/hard\libc_nano.a(lib_a-memchr-stub.o)
 .ARM.attributes
                0x000000000000070d       0x38 c:/st/stm32cubeide_1.3.0/stm32cubeide/plugins/com.st.stm32cube.ide.mcu.externaltools.gnu-tools-for-stm32.7-2018-q2-update.win32_1.0.0.201904181610/tools/bin/../lib/gcc/arm-none-eabi/7.3.1/../../../../arm-none-eabi/lib/thumb/v8-m.main/fpv5-sp/hard\libc_nano.a(lib_a-memcpy-stub.o)
 .ARM.attributes
                0x0000000000000745       0x38 c:/st/stm32cubeide_1.3.0/stm32cubeide/plugins/com.st.stm32cube.ide.mcu.externaltools.gnu-tools-for-stm32.7-2018-q2-update.win32_1.0.0.201904181610/tools/bin/../lib/gcc/arm-none-eabi/7.3.1/../../../../arm-none-eabi/lib/thumb/v8-m.main/fpv5-sp/hard\libc_nano.a(lib_a-memmove.o)
 .ARM.attributes
                0x000000000000077d       0x38 c:/st/stm32cubeide_1.3.0/stm32cubeide/plugins/com.st.stm32cube.ide.mcu.externaltools.gnu-tools-for-stm32.7-2018-q2-update.win32_1.0.0.201904181610/tools/bin/../lib/gcc/arm-none-eabi/7.3.1/../../../../arm-none-eabi/lib/thumb/v8-m.main/fpv5-sp/hard\libc_nano.a(lib_a-nano-freer.o)
 .ARM.attributes
                0x00000000000007b5       0x38 c:/st/stm32cubeide_1.3.0/stm32cubeide/plugins/com.st.stm32cube.ide.mcu.externaltools.gnu-tools-for-stm32.7-2018-q2-update.win32_1.0.0.201904181610/tools/bin/../lib/gcc/arm-none-eabi/7.3.1/../../../../arm-none-eabi/lib/thumb/v8-m.main/fpv5-sp/hard\libc_nano.a(lib_a-nano-mallocr.o)
 .ARM.attributes
                0x00000000000007ed       0x38 c:/st/stm32cubeide_1.3.0/stm32cubeide/plugins/com.st.stm32cube.ide.mcu.externaltools.gnu-tools-for-stm32.7-2018-q2-update.win32_1.0.0.201904181610/tools/bin/../lib/gcc/arm-none-eabi/7.3.1/../../../../arm-none-eabi/lib/thumb/v8-m.main/fpv5-sp/hard\libc_nano.a(lib_a-nano-reallocr.o)
 .ARM.attributes
                0x0000000000000825       0x38 c:/st/stm32cubeide_1.3.0/stm32cubeide/plugins/com.st.stm32cube.ide.mcu.externaltools.gnu-tools-for-stm32.7-2018-q2-update.win32_1.0.0.201904181610/tools/bin/../lib/gcc/arm-none-eabi/7.3.1/../../../../arm-none-eabi/lib/thumb/v8-m.main/fpv5-sp/hard\libc_nano.a(lib_a-sbrkr.o)
 .ARM.attributes
                0x000000000000085d       0x38 c:/st/stm32cubeide_1.3.0/stm32cubeide/plugins/com.st.stm32cube.ide.mcu.externaltools.gnu-tools-for-stm32.7-2018-q2-update.win32_1.0.0.201904181610/tools/bin/../lib/gcc/arm-none-eabi/7.3.1/../../../../arm-none-eabi/lib/thumb/v8-m.main/fpv5-sp/hard\libc_nano.a(lib_a-mlock.o)
 .ARM.attributes
                0x0000000000000895       0x38 c:/st/stm32cubeide_1.3.0/stm32cubeide/plugins/com.st.stm32cube.ide.mcu.externaltools.gnu-tools-for-stm32.7-2018-q2-update.win32_1.0.0.201904181610/tools/bin/../lib/gcc/arm-none-eabi/7.3.1/../../../../arm-none-eabi/lib/thumb/v8-m.main/fpv5-sp/hard\libc_nano.a(lib_a-nano-msizer.o)
 .ARM.attributes
                0x00000000000008cd       0x38 c:/st/stm32cubeide_1.3.0/stm32cubeide/plugins/com.st.stm32cube.ide.mcu.externaltools.gnu-tools-for-stm32.7-2018-q2-update.win32_1.0.0.201904181610/tools/bin/../lib/gcc/arm-none-eabi/7.3.1/../../../../arm-none-eabi/lib/thumb/v8-m.main/fpv5-sp/hard\libc_nano.a(lib_a-reent.o)
 .ARM.attributes
                0x0000000000000905       0x26 c:/st/stm32cubeide_1.3.0/stm32cubeide/plugins/com.st.stm32cube.ide.mcu.externaltools.gnu-tools-for-stm32.7-2018-q2-update.win32_1.0.0.201904181610/tools/bin/../lib/gcc/arm-none-eabi/7.3.1/thumb/v8-m.main/fpv5-sp/hard\libgcc.a(_aeabi_uldivmod.o)
 .ARM.attributes
                0x000000000000092b       0x38 c:/st/stm32cubeide_1.3.0/stm32cubeide/plugins/com.st.stm32cube.ide.mcu.externaltools.gnu-tools-for-stm32.7-2018-q2-update.win32_1.0.0.201904181610/tools/bin/../lib/gcc/arm-none-eabi/7.3.1/thumb/v8-m.main/fpv5-sp/hard\libgcc.a(_udivmoddi4.o)
 .ARM.attributes
                0x0000000000000963       0x26 c:/st/stm32cubeide_1.3.0/stm32cubeide/plugins/com.st.stm32cube.ide.mcu.externaltools.gnu-tools-for-stm32.7-2018-q2-update.win32_1.0.0.201904181610/tools/bin/../lib/gcc/arm-none-eabi/7.3.1/thumb/v8-m.main/fpv5-sp/hard\libgcc.a(_dvmd_tls.o)
 .ARM.attributes
                0x0000000000000989       0x26 c:/st/stm32cubeide_1.3.0/stm32cubeide/plugins/com.st.stm32cube.ide.mcu.externaltools.gnu-tools-for-stm32.7-2018-q2-update.win32_1.0.0.201904181610/tools/bin/../lib/gcc/arm-none-eabi/7.3.1/thumb/v8-m.main/fpv5-sp/hard/crtn.o
OUTPUT(RUT_LCD_TOUCH_DEMO.elf elf32-littlearm)

.debug_info     0x0000000000000000    0x1418c
 .debug_info    0x0000000000000000      0x73d Core/Src/CY8CMBR3xxx_APIs.o
 .debug_info    0x000000000000073d      0x9f2 Core/Src/gui.o
 .debug_info    0x000000000000112f      0xc3f Core/Src/ili9341.o
 .debug_info    0x0000000000001d6e     0x242b Core/Src/main.o
 .debug_info    0x0000000000004199     0x1871 Core/Src/stm32l5xx_hal_msp.o
 .debug_info    0x0000000000005a0a      0x8fd Core/Src/stm32l5xx_it.o
 .debug_info    0x0000000000006307      0x91c Core/Src/sysmem.o
 .debug_info    0x0000000000006c23      0x8db Core/Src/system_stm32l5xx.o
 .debug_info    0x00000000000074fe       0x22 Core/Startup/startup_stm32l562zetxq.o
 .debug_info    0x0000000000007520      0xd72 Drivers/STM32L5xx_HAL_Driver/Src/stm32l5xx_hal.o
 .debug_info    0x0000000000008292      0xf3d Drivers/STM32L5xx_HAL_Driver/Src/stm32l5xx_hal_cortex.o
 .debug_info    0x00000000000091cf      0xa75 Drivers/STM32L5xx_HAL_Driver/Src/stm32l5xx_hal_dma.o
 .debug_info    0x0000000000009c44      0x75c Drivers/STM32L5xx_HAL_Driver/Src/stm32l5xx_hal_gpio.o
 .debug_info    0x000000000000a3a0     0x2189 Drivers/STM32L5xx_HAL_Driver/Src/stm32l5xx_hal_i2c.o
 .debug_info    0x000000000000c529      0xce5 Drivers/STM32L5xx_HAL_Driver/Src/stm32l5xx_hal_i2c_ex.o
 .debug_info    0x000000000000d20e      0xeea Drivers/STM32L5xx_HAL_Driver/Src/stm32l5xx_hal_pwr_ex.o
 .debug_info    0x000000000000e0f8      0xfed Drivers/STM32L5xx_HAL_Driver/Src/stm32l5xx_hal_rcc.o
 .debug_info    0x000000000000f0e5     0x11d7 Drivers/STM32L5xx_HAL_Driver/Src/stm32l5xx_hal_rcc_ex.o
 .debug_info    0x00000000000102bc     0x17af Drivers/STM32L5xx_HAL_Driver/Src/stm32l5xx_hal_spi.o
 .debug_info    0x0000000000011a6b     0x1adb Drivers/STM32L5xx_HAL_Driver/Src/stm32l5xx_hal_uart.o
 .debug_info    0x0000000000013546      0xc46 Drivers/STM32L5xx_HAL_Driver/Src/stm32l5xx_hal_uart_ex.o

.debug_abbrev   0x0000000000000000     0x2804
 .debug_abbrev  0x0000000000000000      0x106 Core/Src/CY8CMBR3xxx_APIs.o
 .debug_abbrev  0x0000000000000106      0x1cd Core/Src/gui.o
 .debug_abbrev  0x00000000000002d3      0x1e3 Core/Src/ili9341.o
 .debug_abbrev  0x00000000000004b6      0x2be Core/Src/main.o
 .debug_abbrev  0x0000000000000774      0x1f4 Core/Src/stm32l5xx_hal_msp.o
 .debug_abbrev  0x0000000000000968      0x154 Core/Src/stm32l5xx_it.o
 .debug_abbrev  0x0000000000000abc      0x1bb Core/Src/sysmem.o
 .debug_abbrev  0x0000000000000c77      0x156 Core/Src/system_stm32l5xx.o
 .debug_abbrev  0x0000000000000dcd       0x12 Core/Startup/startup_stm32l562zetxq.o
 .debug_abbrev  0x0000000000000ddf      0x267 Drivers/STM32L5xx_HAL_Driver/Src/stm32l5xx_hal.o
 .debug_abbrev  0x0000000000001046      0x2f1 Drivers/STM32L5xx_HAL_Driver/Src/stm32l5xx_hal_cortex.o
 .debug_abbrev  0x0000000000001337      0x1e8 Drivers/STM32L5xx_HAL_Driver/Src/stm32l5xx_hal_dma.o
 .debug_abbrev  0x000000000000151f      0x1a8 Drivers/STM32L5xx_HAL_Driver/Src/stm32l5xx_hal_gpio.o
 .debug_abbrev  0x00000000000016c7      0x22a Drivers/STM32L5xx_HAL_Driver/Src/stm32l5xx_hal_i2c.o
 .debug_abbrev  0x00000000000018f1      0x1d5 Drivers/STM32L5xx_HAL_Driver/Src/stm32l5xx_hal_i2c_ex.o
 .debug_abbrev  0x0000000000001ac6      0x24f Drivers/STM32L5xx_HAL_Driver/Src/stm32l5xx_hal_pwr_ex.o
 .debug_abbrev  0x0000000000001d15      0x270 Drivers/STM32L5xx_HAL_Driver/Src/stm32l5xx_hal_rcc.o
 .debug_abbrev  0x0000000000001f85      0x254 Drivers/STM32L5xx_HAL_Driver/Src/stm32l5xx_hal_rcc_ex.o
 .debug_abbrev  0x00000000000021d9      0x228 Drivers/STM32L5xx_HAL_Driver/Src/stm32l5xx_hal_spi.o
 .debug_abbrev  0x0000000000002401      0x221 Drivers/STM32L5xx_HAL_Driver/Src/stm32l5xx_hal_uart.o
 .debug_abbrev  0x0000000000002622      0x1e2 Drivers/STM32L5xx_HAL_Driver/Src/stm32l5xx_hal_uart_ex.o

.debug_aranges  0x0000000000000000     0x1168
 .debug_aranges
                0x0000000000000000       0x78 Core/Src/CY8CMBR3xxx_APIs.o
 .debug_aranges
                0x0000000000000078       0x50 Core/Src/gui.o
 .debug_aranges
                0x00000000000000c8       0xa0 Core/Src/ili9341.o
 .debug_aranges
                0x0000000000000168       0xb0 Core/Src/main.o
 .debug_aranges
                0x0000000000000218       0x50 Core/Src/stm32l5xx_hal_msp.o
 .debug_aranges
                0x0000000000000268       0x78 Core/Src/stm32l5xx_it.o
 .debug_aranges
                0x00000000000002e0       0x20 Core/Src/sysmem.o
 .debug_aranges
                0x0000000000000300       0x28 Core/Src/system_stm32l5xx.o
 .debug_aranges
                0x0000000000000328       0x28 Core/Startup/startup_stm32l562zetxq.o
 .debug_aranges
                0x0000000000000350      0x140 Drivers/STM32L5xx_HAL_Driver/Src/stm32l5xx_hal.o
 .debug_aranges
                0x0000000000000490      0x100 Drivers/STM32L5xx_HAL_Driver/Src/stm32l5xx_hal_cortex.o
 .debug_aranges
                0x0000000000000590       0xa0 Drivers/STM32L5xx_HAL_Driver/Src/stm32l5xx_hal_dma.o
 .debug_aranges
                0x0000000000000630       0x60 Drivers/STM32L5xx_HAL_Driver/Src/stm32l5xx_hal_gpio.o
 .debug_aranges
                0x0000000000000690      0x290 Drivers/STM32L5xx_HAL_Driver/Src/stm32l5xx_hal_i2c.o
 .debug_aranges
                0x0000000000000920       0x48 Drivers/STM32L5xx_HAL_Driver/Src/stm32l5xx_hal_i2c_ex.o
 .debug_aranges
                0x0000000000000968      0x1b8 Drivers/STM32L5xx_HAL_Driver/Src/stm32l5xx_hal_pwr_ex.o
 .debug_aranges
                0x0000000000000b20       0xa0 Drivers/STM32L5xx_HAL_Driver/Src/stm32l5xx_hal_rcc.o
 .debug_aranges
                0x0000000000000bc0      0x118 Drivers/STM32L5xx_HAL_Driver/Src/stm32l5xx_hal_rcc_ex.o
 .debug_aranges
                0x0000000000000cd8      0x1d8 Drivers/STM32L5xx_HAL_Driver/Src/stm32l5xx_hal_spi.o
 .debug_aranges
                0x0000000000000eb0      0x230 Drivers/STM32L5xx_HAL_Driver/Src/stm32l5xx_hal_uart.o
 .debug_aranges
                0x00000000000010e0       0x88 Drivers/STM32L5xx_HAL_Driver/Src/stm32l5xx_hal_uart_ex.o

.debug_ranges   0x0000000000000000     0x1020
 .debug_ranges  0x0000000000000000       0x68 Core/Src/CY8CMBR3xxx_APIs.o
 .debug_ranges  0x0000000000000068       0x40 Core/Src/gui.o
 .debug_ranges  0x00000000000000a8       0x90 Core/Src/ili9341.o
 .debug_ranges  0x0000000000000138       0xa0 Core/Src/main.o
 .debug_ranges  0x00000000000001d8       0x40 Core/Src/stm32l5xx_hal_msp.o
 .debug_ranges  0x0000000000000218       0x68 Core/Src/stm32l5xx_it.o
 .debug_ranges  0x0000000000000280       0x10 Core/Src/sysmem.o
 .debug_ranges  0x0000000000000290       0x18 Core/Src/system_stm32l5xx.o
 .debug_ranges  0x00000000000002a8       0x20 Core/Startup/startup_stm32l562zetxq.o
 .debug_ranges  0x00000000000002c8      0x130 Drivers/STM32L5xx_HAL_Driver/Src/stm32l5xx_hal.o
 .debug_ranges  0x00000000000003f8       0xf0 Drivers/STM32L5xx_HAL_Driver/Src/stm32l5xx_hal_cortex.o
 .debug_ranges  0x00000000000004e8       0x90 Drivers/STM32L5xx_HAL_Driver/Src/stm32l5xx_hal_dma.o
 .debug_ranges  0x0000000000000578       0x50 Drivers/STM32L5xx_HAL_Driver/Src/stm32l5xx_hal_gpio.o
 .debug_ranges  0x00000000000005c8      0x280 Drivers/STM32L5xx_HAL_Driver/Src/stm32l5xx_hal_i2c.o
 .debug_ranges  0x0000000000000848       0x38 Drivers/STM32L5xx_HAL_Driver/Src/stm32l5xx_hal_i2c_ex.o
 .debug_ranges  0x0000000000000880      0x1a8 Drivers/STM32L5xx_HAL_Driver/Src/stm32l5xx_hal_pwr_ex.o
 .debug_ranges  0x0000000000000a28       0x90 Drivers/STM32L5xx_HAL_Driver/Src/stm32l5xx_hal_rcc.o
 .debug_ranges  0x0000000000000ab8      0x108 Drivers/STM32L5xx_HAL_Driver/Src/stm32l5xx_hal_rcc_ex.o
 .debug_ranges  0x0000000000000bc0      0x1c8 Drivers/STM32L5xx_HAL_Driver/Src/stm32l5xx_hal_spi.o
 .debug_ranges  0x0000000000000d88      0x220 Drivers/STM32L5xx_HAL_Driver/Src/stm32l5xx_hal_uart.o
 .debug_ranges  0x0000000000000fa8       0x78 Drivers/STM32L5xx_HAL_Driver/Src/stm32l5xx_hal_uart_ex.o

.debug_macro    0x0000000000000000    0x29850
 .debug_macro   0x0000000000000000      0x270 Core/Src/CY8CMBR3xxx_APIs.o
 .debug_macro   0x0000000000000270       0x1c Core/Src/CY8CMBR3xxx_APIs.o
 .debug_macro   0x000000000000028c       0x46 Core/Src/CY8CMBR3xxx_APIs.o
 .debug_macro   0x00000000000002d2      0x27c Core/Src/CY8CMBR3xxx_APIs.o
 .debug_macro   0x000000000000054e       0x34 Core/Src/CY8CMBR3xxx_APIs.o
 .debug_macro   0x0000000000000582      0x231 Core/Src/gui.o
 .debug_macro   0x00000000000007b3      0x19c Core/Src/gui.o
 .debug_macro   0x000000000000094f       0x2e Core/Src/gui.o
 .debug_macro   0x000000000000097d       0x42 Core/Src/gui.o
 .debug_macro   0x00000000000009bf       0x1c Core/Src/gui.o
 .debug_macro   0x00000000000009db       0x29 Core/Src/gui.o
 .debug_macro   0x0000000000000a04       0xdf Core/Src/gui.o
 .debug_macro   0x0000000000000ae3     0x1494 Core/Src/gui.o
 .debug_macro   0x0000000000001f77       0x5e Core/Src/gui.o
 .debug_macro   0x0000000000001fd5    0x1be5e Core/Src/gui.o
 .debug_macro   0x000000000001de33       0x42 Core/Src/gui.o
 .debug_macro   0x000000000001de75     0x34d8 Core/Src/gui.o
 .debug_macro   0x000000000002134d      0x174 Core/Src/gui.o
 .debug_macro   0x00000000000214c1       0x5c Core/Src/gui.o
 .debug_macro   0x000000000002151d     0x1948 Core/Src/gui.o
 .debug_macro   0x0000000000022e65      0xa4b Core/Src/gui.o
 .debug_macro   0x00000000000238b0      0x153 Core/Src/gui.o
 .debug_macro   0x0000000000023a03      0x1d9 Core/Src/gui.o
 .debug_macro   0x0000000000023bdc      0x4e1 Core/Src/gui.o
 .debug_macro   0x00000000000240bd      0x1ac Core/Src/gui.o
 .debug_macro   0x0000000000024269       0x4a Core/Src/gui.o
 .debug_macro   0x00000000000242b3       0x51 Core/Src/gui.o
 .debug_macro   0x0000000000024304      0x231 Core/Src/gui.o
 .debug_macro   0x0000000000024535      0x3bb Core/Src/gui.o
 .debug_macro   0x00000000000248f0       0x36 Core/Src/gui.o
 .debug_macro   0x0000000000024926      0x107 Core/Src/gui.o
 .debug_macro   0x0000000000024a2d      0x22c Core/Src/gui.o
 .debug_macro   0x0000000000024c59       0x58 Core/Src/gui.o
 .debug_macro   0x0000000000024cb1       0xa5 Core/Src/gui.o
 .debug_macro   0x0000000000024d56       0xf3 Core/Src/gui.o
 .debug_macro   0x0000000000024e49      0x199 Core/Src/gui.o
 .debug_macro   0x0000000000024fe2      0x487 Core/Src/gui.o
 .debug_macro   0x0000000000025469      0x2fe Core/Src/gui.o
 .debug_macro   0x0000000000025767      0x662 Core/Src/gui.o
 .debug_macro   0x0000000000025dc9       0xa6 Core/Src/gui.o
 .debug_macro   0x0000000000025e6f      0x40c Core/Src/gui.o
 .debug_macro   0x000000000002627b       0x64 Core/Src/gui.o
 .debug_macro   0x00000000000262df       0x16 Core/Src/gui.o
 .debug_macro   0x00000000000262f5       0x88 Core/Src/gui.o
 .debug_macro   0x000000000002637d       0x46 Core/Src/gui.o
 .debug_macro   0x00000000000263c3      0x217 Core/Src/ili9341.o
 .debug_macro   0x00000000000265da      0x45e Core/Src/main.o
 .debug_macro   0x0000000000026a38       0x46 Core/Src/main.o
 .debug_macro   0x0000000000026a7e       0x18 Core/Src/main.o
 .debug_macro   0x0000000000026a96       0x3c Core/Src/main.o
 .debug_macro   0x0000000000026ad2       0x34 Core/Src/main.o
 .debug_macro   0x0000000000026b06       0x16 Core/Src/main.o
 .debug_macro   0x0000000000026b1c       0x35 Core/Src/main.o
 .debug_macro   0x0000000000026b51      0x32a Core/Src/main.o
 .debug_macro   0x0000000000026e7b       0x10 Core/Src/main.o
 .debug_macro   0x0000000000026e8b       0x52 Core/Src/main.o
 .debug_macro   0x0000000000026edd       0x1f Core/Src/main.o
 .debug_macro   0x0000000000026efc       0x43 Core/Src/main.o
 .debug_macro   0x0000000000026f3f       0x20 Core/Src/main.o
 .debug_macro   0x0000000000026f5f      0x1a3 Core/Src/main.o
 .debug_macro   0x0000000000027102       0x10 Core/Src/main.o
 .debug_macro   0x0000000000027112       0x1c Core/Src/main.o
 .debug_macro   0x000000000002712e       0x52 Core/Src/main.o
 .debug_macro   0x0000000000027180       0x40 Core/Src/main.o
 .debug_macro   0x00000000000271c0       0x10 Core/Src/main.o
 .debug_macro   0x00000000000271d0       0x40 Core/Src/main.o
 .debug_macro   0x0000000000027210       0xd7 Core/Src/main.o
 .debug_macro   0x00000000000272e7       0x1c Core/Src/main.o
 .debug_macro   0x0000000000027303       0x3d Core/Src/main.o
 .debug_macro   0x0000000000027340       0x16 Core/Src/main.o
 .debug_macro   0x0000000000027356      0x145 Core/Src/main.o
 .debug_macro   0x000000000002749b       0x16 Core/Src/main.o
 .debug_macro   0x00000000000274b1       0x20 Core/Src/main.o
 .debug_macro   0x00000000000274d1       0x28 Core/Src/main.o
 .debug_macro   0x00000000000274f9      0x200 Core/Src/stm32l5xx_hal_msp.o
 .debug_macro   0x00000000000276f9      0x20a Core/Src/stm32l5xx_it.o
 .debug_macro   0x0000000000027903      0x1ae Core/Src/sysmem.o
 .debug_macro   0x0000000000027ab1      0x23b Core/Src/sysmem.o
 .debug_macro   0x0000000000027cec      0x1f1 Core/Src/system_stm32l5xx.o
 .debug_macro   0x0000000000027edd      0x221 Drivers/STM32L5xx_HAL_Driver/Src/stm32l5xx_hal.o
 .debug_macro   0x00000000000280fe      0x1f1 Drivers/STM32L5xx_HAL_Driver/Src/stm32l5xx_hal_cortex.o
 .debug_macro   0x00000000000282ef      0x1f1 Drivers/STM32L5xx_HAL_Driver/Src/stm32l5xx_hal_dma.o
 .debug_macro   0x00000000000284e0      0x224 Drivers/STM32L5xx_HAL_Driver/Src/stm32l5xx_hal_gpio.o
 .debug_macro   0x0000000000028704      0x2b6 Drivers/STM32L5xx_HAL_Driver/Src/stm32l5xx_hal_i2c.o
 .debug_macro   0x00000000000289ba      0x1f1 Drivers/STM32L5xx_HAL_Driver/Src/stm32l5xx_hal_i2c_ex.o
 .debug_macro   0x0000000000028bab      0x221 Drivers/STM32L5xx_HAL_Driver/Src/stm32l5xx_hal_pwr_ex.o
 .debug_macro   0x0000000000028dcc      0x21b Drivers/STM32L5xx_HAL_Driver/Src/stm32l5xx_hal_rcc.o
 .debug_macro   0x0000000000028fe7      0x257 Drivers/STM32L5xx_HAL_Driver/Src/stm32l5xx_hal_rcc_ex.o
 .debug_macro   0x000000000002923e      0x1f9 Drivers/STM32L5xx_HAL_Driver/Src/stm32l5xx_hal_spi.o
 .debug_macro   0x0000000000029437      0x21c Drivers/STM32L5xx_HAL_Driver/Src/stm32l5xx_hal_uart.o
 .debug_macro   0x0000000000029653      0x1fd Drivers/STM32L5xx_HAL_Driver/Src/stm32l5xx_hal_uart_ex.o

.debug_line     0x0000000000000000     0xeae7
 .debug_line    0x0000000000000000      0x625 Core/Src/CY8CMBR3xxx_APIs.o
 .debug_line    0x0000000000000625      0x828 Core/Src/gui.o
 .debug_line    0x0000000000000e4d      0x90a Core/Src/ili9341.o
 .debug_line    0x0000000000001757      0xcd2 Core/Src/main.o
 .debug_line    0x0000000000002429      0x7d5 Core/Src/stm32l5xx_hal_msp.o
 .debug_line    0x0000000000002bfe      0x802 Core/Src/stm32l5xx_it.o
 .debug_line    0x0000000000003400      0x55e Core/Src/sysmem.o
 .debug_line    0x000000000000395e      0x74b Core/Src/system_stm32l5xx.o
 .debug_line    0x00000000000040a9       0x86 Core/Startup/startup_stm32l562zetxq.o
 .debug_line    0x000000000000412f      0x9f1 Drivers/STM32L5xx_HAL_Driver/Src/stm32l5xx_hal.o
 .debug_line    0x0000000000004b20      0x9d9 Drivers/STM32L5xx_HAL_Driver/Src/stm32l5xx_hal_cortex.o
 .debug_line    0x00000000000054f9      0xa34 Drivers/STM32L5xx_HAL_Driver/Src/stm32l5xx_hal_dma.o
 .debug_line    0x0000000000005f2d      0x8f3 Drivers/STM32L5xx_HAL_Driver/Src/stm32l5xx_hal_gpio.o
 .debug_line    0x0000000000006820     0x1b08 Drivers/STM32L5xx_HAL_Driver/Src/stm32l5xx_hal_i2c.o
 .debug_line    0x0000000000008328      0x86c Drivers/STM32L5xx_HAL_Driver/Src/stm32l5xx_hal_i2c_ex.o
 .debug_line    0x0000000000008b94      0xbeb Drivers/STM32L5xx_HAL_Driver/Src/stm32l5xx_hal_pwr_ex.o
 .debug_line    0x000000000000977f      0xac9 Drivers/STM32L5xx_HAL_Driver/Src/stm32l5xx_hal_rcc.o
 .debug_line    0x000000000000a248      0xf20 Drivers/STM32L5xx_HAL_Driver/Src/stm32l5xx_hal_rcc_ex.o
 .debug_line    0x000000000000b168     0x11ad Drivers/STM32L5xx_HAL_Driver/Src/stm32l5xx_hal_spi.o
 .debug_line    0x000000000000c315     0x1e3b Drivers/STM32L5xx_HAL_Driver/Src/stm32l5xx_hal_uart.o
 .debug_line    0x000000000000e150      0x997 Drivers/STM32L5xx_HAL_Driver/Src/stm32l5xx_hal_uart_ex.o

.debug_str      0x0000000000000000   0x109daf
 .debug_str     0x0000000000000000     0x5a30 Core/Src/CY8CMBR3xxx_APIs.o
                                       0x5ba5 (size before relaxing)
 .debug_str     0x0000000000005a30    0xfa5aa Core/Src/gui.o
                                      0xfe398 (size before relaxing)
 .debug_str     0x00000000000fffda      0x1cb Core/Src/ili9341.o
                                      0xfe3cd (size before relaxing)
 .debug_str     0x00000000001001a5     0x525c Core/Src/main.o
                                     0x1045ae (size before relaxing)
 .debug_str     0x0000000000105401      0x359 Core/Src/stm32l5xx_hal_msp.o
                                      0xff0fb (size before relaxing)
 .debug_str     0x000000000010575a       0xfc Core/Src/stm32l5xx_it.o
                                      0xfe296 (size before relaxing)
 .debug_str     0x0000000000105856      0x4d1 Core/Src/sysmem.o
                                       0x7b1b (size before relaxing)
 .debug_str     0x0000000000105d27      0x16f Core/Src/system_stm32l5xx.o
                                      0xfdd9a (size before relaxing)
 .debug_str     0x0000000000105e96       0x37 Core/Startup/startup_stm32l562zetxq.o
                                         0x84 (size before relaxing)
 .debug_str     0x0000000000105ecd      0x506 Drivers/STM32L5xx_HAL_Driver/Src/stm32l5xx_hal.o
                                      0xfe87d (size before relaxing)
 .debug_str     0x00000000001063d3      0x284 Drivers/STM32L5xx_HAL_Driver/Src/stm32l5xx_hal_cortex.o
                                      0xfe5a8 (size before relaxing)
 .debug_str     0x0000000000106657      0x331 Drivers/STM32L5xx_HAL_Driver/Src/stm32l5xx_hal_dma.o
                                      0xfe0ee (size before relaxing)
 .debug_str     0x0000000000106988      0x289 Drivers/STM32L5xx_HAL_Driver/Src/stm32l5xx_hal_gpio.o
                                      0xfde03 (size before relaxing)
 .debug_str     0x0000000000106c11      0xd44 Drivers/STM32L5xx_HAL_Driver/Src/stm32l5xx_hal_i2c.o
                                      0xfeebd (size before relaxing)
 .debug_str     0x0000000000107955       0xb8 Drivers/STM32L5xx_HAL_Driver/Src/stm32l5xx_hal_i2c_ex.o
                                      0xfe34d (size before relaxing)
 .debug_str     0x0000000000107a0d      0x73a Drivers/STM32L5xx_HAL_Driver/Src/stm32l5xx_hal_pwr_ex.o
                                      0xfe529 (size before relaxing)
 .debug_str     0x0000000000108147      0x419 Drivers/STM32L5xx_HAL_Driver/Src/stm32l5xx_hal_rcc.o
                                      0xfe350 (size before relaxing)
 .debug_str     0x0000000000108560      0x792 Drivers/STM32L5xx_HAL_Driver/Src/stm32l5xx_hal_rcc_ex.o
                                      0xfe892 (size before relaxing)
 .debug_str     0x0000000000108cf2      0x540 Drivers/STM32L5xx_HAL_Driver/Src/stm32l5xx_hal_spi.o
                                      0xfe53e (size before relaxing)
 .debug_str     0x0000000000109232      0x8f0 Drivers/STM32L5xx_HAL_Driver/Src/stm32l5xx_hal_uart.o
                                      0xfeaeb (size before relaxing)
 .debug_str     0x0000000000109b22      0x28d Drivers/STM32L5xx_HAL_Driver/Src/stm32l5xx_hal_uart_ex.o
                                      0xfe27e (size before relaxing)

.comment        0x0000000000000000       0x7b
 .comment       0x0000000000000000       0x7b Core/Src/CY8CMBR3xxx_APIs.o
                                         0x7c (size before relaxing)
 .comment       0x000000000000007b       0x7c Core/Src/gui.o
 .comment       0x000000000000007b       0x7c Core/Src/ili9341.o
 .comment       0x000000000000007b       0x7c Core/Src/main.o
 .comment       0x000000000000007b       0x7c Core/Src/stm32l5xx_hal_msp.o
 .comment       0x000000000000007b       0x7c Core/Src/stm32l5xx_it.o
 .comment       0x000000000000007b       0x7c Core/Src/sysmem.o
 .comment       0x000000000000007b       0x7c Core/Src/system_stm32l5xx.o
 .comment       0x000000000000007b       0x7c Drivers/STM32L5xx_HAL_Driver/Src/stm32l5xx_hal.o
 .comment       0x000000000000007b       0x7c Drivers/STM32L5xx_HAL_Driver/Src/stm32l5xx_hal_cortex.o
 .comment       0x000000000000007b       0x7c Drivers/STM32L5xx_HAL_Driver/Src/stm32l5xx_hal_dma.o
 .comment       0x000000000000007b       0x7c Drivers/STM32L5xx_HAL_Driver/Src/stm32l5xx_hal_gpio.o
 .comment       0x000000000000007b       0x7c Drivers/STM32L5xx_HAL_Driver/Src/stm32l5xx_hal_i2c.o
 .comment       0x000000000000007b       0x7c Drivers/STM32L5xx_HAL_Driver/Src/stm32l5xx_hal_i2c_ex.o
 .comment       0x000000000000007b       0x7c Drivers/STM32L5xx_HAL_Driver/Src/stm32l5xx_hal_pwr_ex.o
 .comment       0x000000000000007b       0x7c Drivers/STM32L5xx_HAL_Driver/Src/stm32l5xx_hal_rcc.o
 .comment       0x000000000000007b       0x7c Drivers/STM32L5xx_HAL_Driver/Src/stm32l5xx_hal_rcc_ex.o
 .comment       0x000000000000007b       0x7c Drivers/STM32L5xx_HAL_Driver/Src/stm32l5xx_hal_spi.o
 .comment       0x000000000000007b       0x7c Drivers/STM32L5xx_HAL_Driver/Src/stm32l5xx_hal_uart.o
 .comment       0x000000000000007b       0x7c Drivers/STM32L5xx_HAL_Driver/Src/stm32l5xx_hal_uart_ex.o

.debug_frame    0x0000000000000000     0x4b54
 .debug_frame   0x0000000000000000      0x1c8 Core/Src/CY8CMBR3xxx_APIs.o
 .debug_frame   0x00000000000001c8      0x118 Core/Src/gui.o
 .debug_frame   0x00000000000002e0      0x240 Core/Src/ili9341.o
 .debug_frame   0x0000000000000520      0x28c Core/Src/main.o
 .debug_frame   0x00000000000007ac      0x114 Core/Src/stm32l5xx_hal_msp.o
 .debug_frame   0x00000000000008c0      0x160 Core/Src/stm32l5xx_it.o
 .debug_frame   0x0000000000000a20       0x34 Core/Src/sysmem.o
 .debug_frame   0x0000000000000a54       0x58 Core/Src/system_stm32l5xx.o
 .debug_frame   0x0000000000000aac      0x4e4 Drivers/STM32L5xx_HAL_Driver/Src/stm32l5xx_hal.o
 .debug_frame   0x0000000000000f90      0x428 Drivers/STM32L5xx_HAL_Driver/Src/stm32l5xx_hal_cortex.o
 .debug_frame   0x00000000000013b8      0x29c Drivers/STM32L5xx_HAL_Driver/Src/stm32l5xx_hal_dma.o
 .debug_frame   0x0000000000001654      0x174 Drivers/STM32L5xx_HAL_Driver/Src/stm32l5xx_hal_gpio.o
 .debug_frame   0x00000000000017c8      0xbe8 Drivers/STM32L5xx_HAL_Driver/Src/stm32l5xx_hal_i2c.o
 .debug_frame   0x00000000000023b0      0x100 Drivers/STM32L5xx_HAL_Driver/Src/stm32l5xx_hal_i2c_ex.o
 .debug_frame   0x00000000000024b0      0x6fc Drivers/STM32L5xx_HAL_Driver/Src/stm32l5xx_hal_pwr_ex.o
 .debug_frame   0x0000000000002bac      0x26c Drivers/STM32L5xx_HAL_Driver/Src/stm32l5xx_hal_rcc.o
 .debug_frame   0x0000000000002e18      0x48c Drivers/STM32L5xx_HAL_Driver/Src/stm32l5xx_hal_rcc_ex.o
 .debug_frame   0x00000000000032a4      0x860 Drivers/STM32L5xx_HAL_Driver/Src/stm32l5xx_hal_spi.o
 .debug_frame   0x0000000000003b04      0xa0c Drivers/STM32L5xx_HAL_Driver/Src/stm32l5xx_hal_uart.o
 .debug_frame   0x0000000000004510      0x22c Drivers/STM32L5xx_HAL_Driver/Src/stm32l5xx_hal_uart_ex.o
 .debug_frame   0x000000000000473c       0x20 c:/st/stm32cubeide_1.3.0/stm32cubeide/plugins/com.st.stm32cube.ide.mcu.externaltools.gnu-tools-for-stm32.7-2018-q2-update.win32_1.0.0.201904181610/tools/bin/../lib/gcc/arm-none-eabi/7.3.1/../../../../arm-none-eabi/lib/thumb/v8-m.main/fpv5-sp/hard\libc_nano.a(lib_a-errno.o)
 .debug_frame   0x000000000000475c       0x2c c:/st/stm32cubeide_1.3.0/stm32cubeide/plugins/com.st.stm32cube.ide.mcu.externaltools.gnu-tools-for-stm32.7-2018-q2-update.win32_1.0.0.201904181610/tools/bin/../lib/gcc/arm-none-eabi/7.3.1/../../../../arm-none-eabi/lib/thumb/v8-m.main/fpv5-sp/hard\libc_nano.a(lib_a-init.o)
 .debug_frame   0x0000000000004788       0x20 c:/st/stm32cubeide_1.3.0/stm32cubeide/plugins/com.st.stm32cube.ide.mcu.externaltools.gnu-tools-for-stm32.7-2018-q2-update.win32_1.0.0.201904181610/tools/bin/../lib/gcc/arm-none-eabi/7.3.1/../../../../arm-none-eabi/lib/thumb/v8-m.main/fpv5-sp/hard\libc_nano.a(lib_a-memset.o)
 .debug_frame   0x00000000000047a8       0x6c c:/st/stm32cubeide_1.3.0/stm32cubeide/plugins/com.st.stm32cube.ide.mcu.externaltools.gnu-tools-for-stm32.7-2018-q2-update.win32_1.0.0.201904181610/tools/bin/../lib/gcc/arm-none-eabi/7.3.1/../../../../arm-none-eabi/lib/thumb/v8-m.main/fpv5-sp/hard\libc_nano.a(lib_a-sprintf.o)
 .debug_frame   0x0000000000004814       0x90 c:/st/stm32cubeide_1.3.0/stm32cubeide/plugins/com.st.stm32cube.ide.mcu.externaltools.gnu-tools-for-stm32.7-2018-q2-update.win32_1.0.0.201904181610/tools/bin/../lib/gcc/arm-none-eabi/7.3.1/../../../../arm-none-eabi/lib/thumb/v8-m.main/fpv5-sp/hard\libc_nano.a(lib_a-nano-svfprintf.o)
 .debug_frame   0x00000000000048a4       0x60 c:/st/stm32cubeide_1.3.0/stm32cubeide/plugins/com.st.stm32cube.ide.mcu.externaltools.gnu-tools-for-stm32.7-2018-q2-update.win32_1.0.0.201904181610/tools/bin/../lib/gcc/arm-none-eabi/7.3.1/../../../../arm-none-eabi/lib/thumb/v8-m.main/fpv5-sp/hard\libc_nano.a(lib_a-nano-vfprintf_i.o)
 .debug_frame   0x0000000000004904       0x28 c:/st/stm32cubeide_1.3.0/stm32cubeide/plugins/com.st.stm32cube.ide.mcu.externaltools.gnu-tools-for-stm32.7-2018-q2-update.win32_1.0.0.201904181610/tools/bin/../lib/gcc/arm-none-eabi/7.3.1/../../../../arm-none-eabi/lib/thumb/v8-m.main/fpv5-sp/hard\libc_nano.a(lib_a-memchr-stub.o)
 .debug_frame   0x000000000000492c       0x28 c:/st/stm32cubeide_1.3.0/stm32cubeide/plugins/com.st.stm32cube.ide.mcu.externaltools.gnu-tools-for-stm32.7-2018-q2-update.win32_1.0.0.201904181610/tools/bin/../lib/gcc/arm-none-eabi/7.3.1/../../../../arm-none-eabi/lib/thumb/v8-m.main/fpv5-sp/hard\libc_nano.a(lib_a-memcpy-stub.o)
 .debug_frame   0x0000000000004954       0x28 c:/st/stm32cubeide_1.3.0/stm32cubeide/plugins/com.st.stm32cube.ide.mcu.externaltools.gnu-tools-for-stm32.7-2018-q2-update.win32_1.0.0.201904181610/tools/bin/../lib/gcc/arm-none-eabi/7.3.1/../../../../arm-none-eabi/lib/thumb/v8-m.main/fpv5-sp/hard\libc_nano.a(lib_a-memmove.o)